<?xml version="1.0"?>
<link_info>
   <banner>TI ARM Linker PC v16.9.6.LTS</banner>
   <copyright>Copyright (c) 1996-2017 Texas Instruments Incorporated</copyright>
   <link_time>0x5f99134e</link_time>
   <link_errors>0x0</link_errors>
   <output_file>Lab5_UARTComms.out</output_file>
   <entry_point>
      <name>_c_int00</name>
      <address>0x4b75</address>
   </entry_point>
   <input_file_list>
      <input_file id="fl-2">
         <path>.\</path>
         <kind>object</kind>
         <file>ADC14.obj</file>
         <name>ADC14.obj</name>
      </input_file>
      <input_file id="fl-3">
         <path>.\</path>
         <kind>object</kind>
         <file>BumpInt.obj</file>
         <name>BumpInt.obj</name>
      </input_file>
      <input_file id="fl-4">
         <path>.\</path>
         <kind>object</kind>
         <file>Clock.obj</file>
         <name>Clock.obj</name>
      </input_file>
      <input_file id="fl-5">
         <path>.\</path>
         <kind>object</kind>
         <file>CortexM.obj</file>
         <name>CortexM.obj</name>
      </input_file>
      <input_file id="fl-6">
         <path>.\</path>
         <kind>object</kind>
         <file>EUSCIA0.obj</file>
         <name>EUSCIA0.obj</name>
      </input_file>
      <input_file id="fl-7">
         <path>.\</path>
         <kind>object</kind>
         <file>FIFO0.obj</file>
         <name>FIFO0.obj</name>
      </input_file>
      <input_file id="fl-8">
         <path>.\</path>
         <kind>object</kind>
         <file>IRDistance.obj</file>
         <name>IRDistance.obj</name>
      </input_file>
      <input_file id="fl-9">
         <path>.\</path>
         <kind>object</kind>
         <file>LPF.obj</file>
         <name>LPF.obj</name>
      </input_file>
      <input_file id="fl-a">
         <path>.\</path>
         <kind>object</kind>
         <file>Lab5_UARTmain.obj</file>
         <name>Lab5_UARTmain.obj</name>
      </input_file>
      <input_file id="fl-b">
         <path>.\</path>
         <kind>object</kind>
         <file>LaunchPad.obj</file>
         <name>LaunchPad.obj</name>
      </input_file>
      <input_file id="fl-c">
         <path>.\</path>
         <kind>object</kind>
         <file>Motor.obj</file>
         <name>Motor.obj</name>
      </input_file>
      <input_file id="fl-d">
         <path>.\</path>
         <kind>object</kind>
         <file>PWM.obj</file>
         <name>PWM.obj</name>
      </input_file>
      <input_file id="fl-e">
         <path>.\</path>
         <kind>object</kind>
         <file>Reflectance.obj</file>
         <name>Reflectance.obj</name>
      </input_file>
      <input_file id="fl-f">
         <path>.\</path>
         <kind>object</kind>
         <file>SysTickInts.obj</file>
         <name>SysTickInts.obj</name>
      </input_file>
      <input_file id="fl-10">
         <path>.\</path>
         <kind>object</kind>
         <file>TA3InputCapture.obj</file>
         <name>TA3InputCapture.obj</name>
      </input_file>
      <input_file id="fl-11">
         <path>.\</path>
         <kind>object</kind>
         <file>TimerA1.obj</file>
         <name>TimerA1.obj</name>
      </input_file>
      <input_file id="fl-12">
         <path>.\</path>
         <kind>object</kind>
         <file>UART0.obj</file>
         <name>UART0.obj</name>
      </input_file>
      <input_file id="fl-13">
         <path>.\</path>
         <kind>object</kind>
         <file>startup_msp432p401r_ccs.obj</file>
         <name>startup_msp432p401r_ccs.obj</name>
      </input_file>
      <input_file id="fl-14">
         <path>.\</path>
         <kind>object</kind>
         <file>system_msp432p401r.obj</file>
         <name>system_msp432p401r.obj</name>
      </input_file>
      <input_file id="fl-18">
         <kind>object</kind>
         <file>&lt;internal&gt;</file>
         <name>&lt;internal&gt;</name>
      </input_file>
      <input_file id="fl-ce">
         <path>C:\ti\ccsv7\tools\compiler\ti-cgt-arm_16.9.6.LTS\lib\</path>
         <kind>archive</kind>
         <file>rtsv7M4_T_le_v4SPD16_eabi.lib</file>
         <name>add_device.obj</name>
      </input_file>
      <input_file id="fl-cf">
         <path>C:\ti\ccsv7\tools\compiler\ti-cgt-arm_16.9.6.LTS\lib\</path>
         <kind>archive</kind>
         <file>rtsv7M4_T_le_v4SPD16_eabi.lib</file>
         <name>boot.obj</name>
      </input_file>
      <input_file id="fl-d0">
         <path>C:\ti\ccsv7\tools\compiler\ti-cgt-arm_16.9.6.LTS\lib\</path>
         <kind>archive</kind>
         <file>rtsv7M4_T_le_v4SPD16_eabi.lib</file>
         <name>copy_decompress_lzss.obj</name>
      </input_file>
      <input_file id="fl-d1">
         <path>C:\ti\ccsv7\tools\compiler\ti-cgt-arm_16.9.6.LTS\lib\</path>
         <kind>archive</kind>
         <file>rtsv7M4_T_le_v4SPD16_eabi.lib</file>
         <name>copy_decompress_none.obj</name>
      </input_file>
      <input_file id="fl-d2">
         <path>C:\ti\ccsv7\tools\compiler\ti-cgt-arm_16.9.6.LTS\lib\</path>
         <kind>archive</kind>
         <file>rtsv7M4_T_le_v4SPD16_eabi.lib</file>
         <name>copy_zero_init.obj</name>
      </input_file>
      <input_file id="fl-d3">
         <path>C:\ti\ccsv7\tools\compiler\ti-cgt-arm_16.9.6.LTS\lib\</path>
         <kind>archive</kind>
         <file>rtsv7M4_T_le_v4SPD16_eabi.lib</file>
         <name>defs.obj</name>
      </input_file>
      <input_file id="fl-d4">
         <path>C:\ti\ccsv7\tools\compiler\ti-cgt-arm_16.9.6.LTS\lib\</path>
         <kind>archive</kind>
         <file>rtsv7M4_T_le_v4SPD16_eabi.lib</file>
         <name>exit.obj</name>
      </input_file>
      <input_file id="fl-d5">
         <path>C:\ti\ccsv7\tools\compiler\ti-cgt-arm_16.9.6.LTS\lib\</path>
         <kind>archive</kind>
         <file>rtsv7M4_T_le_v4SPD16_eabi.lib</file>
         <name>fd_add_t2.obj</name>
      </input_file>
      <input_file id="fl-d6">
         <path>C:\ti\ccsv7\tools\compiler\ti-cgt-arm_16.9.6.LTS\lib\</path>
         <kind>archive</kind>
         <file>rtsv7M4_T_le_v4SPD16_eabi.lib</file>
         <name>fd_div_t2.obj</name>
      </input_file>
      <input_file id="fl-d7">
         <path>C:\ti\ccsv7\tools\compiler\ti-cgt-arm_16.9.6.LTS\lib\</path>
         <kind>archive</kind>
         <file>rtsv7M4_T_le_v4SPD16_eabi.lib</file>
         <name>fd_tou_t2.obj</name>
      </input_file>
      <input_file id="fl-d8">
         <path>C:\ti\ccsv7\tools\compiler\ti-cgt-arm_16.9.6.LTS\lib\</path>
         <kind>archive</kind>
         <file>rtsv7M4_T_le_v4SPD16_eabi.lib</file>
         <name>fopen.obj</name>
      </input_file>
      <input_file id="fl-d9">
         <path>C:\ti\ccsv7\tools\compiler\ti-cgt-arm_16.9.6.LTS\lib\</path>
         <kind>archive</kind>
         <file>rtsv7M4_T_le_v4SPD16_eabi.lib</file>
         <name>getdevice.obj</name>
      </input_file>
      <input_file id="fl-da">
         <path>C:\ti\ccsv7\tools\compiler\ti-cgt-arm_16.9.6.LTS\lib\</path>
         <kind>archive</kind>
         <file>rtsv7M4_T_le_v4SPD16_eabi.lib</file>
         <name>i_tofd_t2.obj</name>
      </input_file>
      <input_file id="fl-db">
         <path>C:\ti\ccsv7\tools\compiler\ti-cgt-arm_16.9.6.LTS\lib\</path>
         <kind>archive</kind>
         <file>rtsv7M4_T_le_v4SPD16_eabi.lib</file>
         <name>memcpy_t2.obj</name>
      </input_file>
      <input_file id="fl-dc">
         <path>C:\ti\ccsv7\tools\compiler\ti-cgt-arm_16.9.6.LTS\lib\</path>
         <kind>archive</kind>
         <file>rtsv7M4_T_le_v4SPD16_eabi.lib</file>
         <name>memset_t2.obj</name>
      </input_file>
      <input_file id="fl-dd">
         <path>C:\ti\ccsv7\tools\compiler\ti-cgt-arm_16.9.6.LTS\lib\</path>
         <kind>archive</kind>
         <file>rtsv7M4_T_le_v4SPD16_eabi.lib</file>
         <name>mpu_init.obj</name>
      </input_file>
      <input_file id="fl-de">
         <path>C:\ti\ccsv7\tools\compiler\ti-cgt-arm_16.9.6.LTS\lib\</path>
         <kind>archive</kind>
         <file>rtsv7M4_T_le_v4SPD16_eabi.lib</file>
         <name>open.obj</name>
      </input_file>
      <input_file id="fl-df">
         <path>C:\ti\ccsv7\tools\compiler\ti-cgt-arm_16.9.6.LTS\lib\</path>
         <kind>archive</kind>
         <file>rtsv7M4_T_le_v4SPD16_eabi.lib</file>
         <name>pre_init.obj</name>
      </input_file>
      <input_file id="fl-e0">
         <path>C:\ti\ccsv7\tools\compiler\ti-cgt-arm_16.9.6.LTS\lib\</path>
         <kind>archive</kind>
         <file>rtsv7M4_T_le_v4SPD16_eabi.lib</file>
         <name>setvbuf.obj</name>
      </input_file>
      <input_file id="fl-e1">
         <path>C:\ti\ccsv7\tools\compiler\ti-cgt-arm_16.9.6.LTS\lib\</path>
         <kind>archive</kind>
         <file>rtsv7M4_T_le_v4SPD16_eabi.lib</file>
         <name>stkdepth_vars.obj</name>
      </input_file>
      <input_file id="fl-e2">
         <path>C:\ti\ccsv7\tools\compiler\ti-cgt-arm_16.9.6.LTS\lib\</path>
         <kind>archive</kind>
         <file>rtsv7M4_T_le_v4SPD16_eabi.lib</file>
         <name>strchr.obj</name>
      </input_file>
      <input_file id="fl-e3">
         <path>C:\ti\ccsv7\tools\compiler\ti-cgt-arm_16.9.6.LTS\lib\</path>
         <kind>archive</kind>
         <file>rtsv7M4_T_le_v4SPD16_eabi.lib</file>
         <name>strcmp.obj</name>
      </input_file>
      <input_file id="fl-e4">
         <path>C:\ti\ccsv7\tools\compiler\ti-cgt-arm_16.9.6.LTS\lib\</path>
         <kind>archive</kind>
         <file>rtsv7M4_T_le_v4SPD16_eabi.lib</file>
         <name>strncpy.obj</name>
      </input_file>
      <input_file id="fl-e5">
         <path>C:\ti\ccsv7\tools\compiler\ti-cgt-arm_16.9.6.LTS\lib\</path>
         <kind>archive</kind>
         <file>rtsv7M4_T_le_v4SPD16_eabi.lib</file>
         <name>u_tofd_t2.obj</name>
      </input_file>
      <input_file id="fl-e6">
         <path>C:\ti\ccsv7\tools\compiler\ti-cgt-arm_16.9.6.LTS\lib\</path>
         <kind>archive</kind>
         <file>rtsv7M4_T_le_v4SPD16_eabi.lib</file>
         <name>write.obj</name>
      </input_file>
      <input_file id="fl-e7">
         <path>C:\ti\ccsv7\tools\compiler\ti-cgt-arm_16.9.6.LTS\lib\</path>
         <kind>archive</kind>
         <file>rtsv7M4_T_le_v4SPD16_eabi.lib</file>
         <name>_lock.obj</name>
      </input_file>
      <input_file id="fl-e8">
         <path>C:\ti\ccsv7\tools\compiler\ti-cgt-arm_16.9.6.LTS\lib\</path>
         <kind>archive</kind>
         <file>rtsv7M4_T_le_v4SPD16_eabi.lib</file>
         <name>args_main.obj</name>
      </input_file>
      <input_file id="fl-e9">
         <path>C:\ti\ccsv7\tools\compiler\ti-cgt-arm_16.9.6.LTS\lib\</path>
         <kind>archive</kind>
         <file>rtsv7M4_T_le_v4SPD16_eabi.lib</file>
         <name>autoinit.obj</name>
      </input_file>
      <input_file id="fl-ea">
         <path>C:\ti\ccsv7\tools\compiler\ti-cgt-arm_16.9.6.LTS\lib\</path>
         <kind>archive</kind>
         <file>rtsv7M4_T_le_v4SPD16_eabi.lib</file>
         <name>cpy_tbl.obj</name>
      </input_file>
      <input_file id="fl-eb">
         <path>C:\ti\ccsv7\tools\compiler\ti-cgt-arm_16.9.6.LTS\lib\</path>
         <kind>archive</kind>
         <file>rtsv7M4_T_le_v4SPD16_eabi.lib</file>
         <name>fclose.obj</name>
      </input_file>
      <input_file id="fl-ec">
         <path>C:\ti\ccsv7\tools\compiler\ti-cgt-arm_16.9.6.LTS\lib\</path>
         <kind>archive</kind>
         <file>rtsv7M4_T_le_v4SPD16_eabi.lib</file>
         <name>fflush.obj</name>
      </input_file>
      <input_file id="fl-ed">
         <path>C:\ti\ccsv7\tools\compiler\ti-cgt-arm_16.9.6.LTS\lib\</path>
         <kind>archive</kind>
         <file>rtsv7M4_T_le_v4SPD16_eabi.lib</file>
         <name>hostclose.obj</name>
      </input_file>
      <input_file id="fl-ee">
         <path>C:\ti\ccsv7\tools\compiler\ti-cgt-arm_16.9.6.LTS\lib\</path>
         <kind>archive</kind>
         <file>rtsv7M4_T_le_v4SPD16_eabi.lib</file>
         <name>hostlseek.obj</name>
      </input_file>
      <input_file id="fl-ef">
         <path>C:\ti\ccsv7\tools\compiler\ti-cgt-arm_16.9.6.LTS\lib\</path>
         <kind>archive</kind>
         <file>rtsv7M4_T_le_v4SPD16_eabi.lib</file>
         <name>hostopen.obj</name>
      </input_file>
      <input_file id="fl-f0">
         <path>C:\ti\ccsv7\tools\compiler\ti-cgt-arm_16.9.6.LTS\lib\</path>
         <kind>archive</kind>
         <file>rtsv7M4_T_le_v4SPD16_eabi.lib</file>
         <name>hostread.obj</name>
      </input_file>
      <input_file id="fl-f1">
         <path>C:\ti\ccsv7\tools\compiler\ti-cgt-arm_16.9.6.LTS\lib\</path>
         <kind>archive</kind>
         <file>rtsv7M4_T_le_v4SPD16_eabi.lib</file>
         <name>hostrename.obj</name>
      </input_file>
      <input_file id="fl-f2">
         <path>C:\ti\ccsv7\tools\compiler\ti-cgt-arm_16.9.6.LTS\lib\</path>
         <kind>archive</kind>
         <file>rtsv7M4_T_le_v4SPD16_eabi.lib</file>
         <name>hostunlink.obj</name>
      </input_file>
      <input_file id="fl-f3">
         <path>C:\ti\ccsv7\tools\compiler\ti-cgt-arm_16.9.6.LTS\lib\</path>
         <kind>archive</kind>
         <file>rtsv7M4_T_le_v4SPD16_eabi.lib</file>
         <name>hostwrite.obj</name>
      </input_file>
      <input_file id="fl-f4">
         <path>C:\ti\ccsv7\tools\compiler\ti-cgt-arm_16.9.6.LTS\lib\</path>
         <kind>archive</kind>
         <file>rtsv7M4_T_le_v4SPD16_eabi.lib</file>
         <name>memory.obj</name>
      </input_file>
      <input_file id="fl-f5">
         <path>C:\ti\ccsv7\tools\compiler\ti-cgt-arm_16.9.6.LTS\lib\</path>
         <kind>archive</kind>
         <file>rtsv7M4_T_le_v4SPD16_eabi.lib</file>
         <name>remove.obj</name>
      </input_file>
      <input_file id="fl-f6">
         <path>C:\ti\ccsv7\tools\compiler\ti-cgt-arm_16.9.6.LTS\lib\</path>
         <kind>archive</kind>
         <file>rtsv7M4_T_le_v4SPD16_eabi.lib</file>
         <name>startup.obj</name>
      </input_file>
      <input_file id="fl-f7">
         <path>C:\ti\ccsv7\tools\compiler\ti-cgt-arm_16.9.6.LTS\lib\</path>
         <kind>archive</kind>
         <file>rtsv7M4_T_le_v4SPD16_eabi.lib</file>
         <name>strcpy.obj</name>
      </input_file>
      <input_file id="fl-f8">
         <path>C:\ti\ccsv7\tools\compiler\ti-cgt-arm_16.9.6.LTS\lib\</path>
         <kind>archive</kind>
         <file>rtsv7M4_T_le_v4SPD16_eabi.lib</file>
         <name>strlen.obj</name>
      </input_file>
      <input_file id="fl-f9">
         <path>C:\ti\ccsv7\tools\compiler\ti-cgt-arm_16.9.6.LTS\lib\</path>
         <kind>archive</kind>
         <file>rtsv7M4_T_le_v4SPD16_eabi.lib</file>
         <name>trgmsg.obj</name>
      </input_file>
      <input_file id="fl-fa">
         <path>C:\ti\ccsv7\tools\compiler\ti-cgt-arm_16.9.6.LTS\lib\</path>
         <kind>archive</kind>
         <file>rtsv7M4_T_le_v4SPD16_eabi.lib</file>
         <name>unlink.obj</name>
      </input_file>
      <input_file id="fl-fb">
         <path>C:\ti\ccsv7\tools\compiler\ti-cgt-arm_16.9.6.LTS\lib\</path>
         <kind>archive</kind>
         <file>rtsv7M4_T_le_v4SPD16_eabi.lib</file>
         <name>close.obj</name>
      </input_file>
   </input_file_list>
   <object_component_list>
      <object_component id="oc-2c">
         <name>.intvecs:retain</name>
         <load_address>0x0</load_address>
         <run_address>0x0</run_address>
         <size>0xe4</size>
         <input_file_ref idref="fl-13"/>
      </object_component>
      <object_component id="oc-c3">
         <name>.text</name>
         <load_address>0xe4</load_address>
         <run_address>0xe4</run_address>
         <size>0x15fc</size>
         <input_file_ref idref="fl-a"/>
      </object_component>
      <object_component id="oc-125">
         <name>.text</name>
         <load_address>0x16e0</load_address>
         <run_address>0x16e0</run_address>
         <size>0x6bc</size>
         <input_file_ref idref="fl-12"/>
      </object_component>
      <object_component id="oc-8a">
         <name>.text</name>
         <load_address>0x1d9c</load_address>
         <run_address>0x1d9c</run_address>
         <size>0x5ba</size>
         <input_file_ref idref="fl-6"/>
      </object_component>
      <object_component id="oc-56">
         <name>.text</name>
         <load_address>0x2356</load_address>
         <run_address>0x2356</run_address>
         <size>0x2</size>
         <input_file_ref idref="fl-dd"/>
      </object_component>
      <object_component id="oc-248">
         <name>.text</name>
         <load_address>0x2358</load_address>
         <run_address>0x2358</run_address>
         <size>0x3d0</size>
         <input_file_ref idref="fl-f4"/>
      </object_component>
      <object_component id="oc-d6">
         <name>.text</name>
         <load_address>0x2728</load_address>
         <run_address>0x2728</run_address>
         <size>0x32c</size>
         <input_file_ref idref="fl-14"/>
      </object_component>
      <object_component id="oc-146">
         <name>.text</name>
         <load_address>0x2a54</load_address>
         <run_address>0x2a54</run_address>
         <size>0x308</size>
         <input_file_ref idref="fl-9"/>
      </object_component>
      <object_component id="oc-140">
         <name>.text</name>
         <load_address>0x2d5c</load_address>
         <run_address>0x2d5c</run_address>
         <size>0x260</size>
         <input_file_ref idref="fl-2"/>
      </object_component>
      <object_component id="oc-159">
         <name>.text</name>
         <load_address>0x2fbc</load_address>
         <run_address>0x2fbc</run_address>
         <size>0x22c</size>
         <input_file_ref idref="fl-e"/>
      </object_component>
      <object_component id="oc-1e8">
         <name>.text</name>
         <load_address>0x31e8</load_address>
         <run_address>0x31e8</run_address>
         <size>0x228</size>
         <input_file_ref idref="fl-d"/>
      </object_component>
      <object_component id="oc-eb">
         <name>.text</name>
         <load_address>0x3410</load_address>
         <run_address>0x3410</run_address>
         <size>0x210</size>
         <input_file_ref idref="fl-7"/>
      </object_component>
      <object_component id="oc-119">
         <name>.text</name>
         <load_address>0x3620</load_address>
         <run_address>0x3620</run_address>
         <size>0x1e0</size>
         <input_file_ref idref="fl-4"/>
      </object_component>
      <object_component id="oc-1bf">
         <name>.text</name>
         <load_address>0x3800</load_address>
         <run_address>0x3800</run_address>
         <size>0x1c4</size>
         <input_file_ref idref="fl-d8"/>
      </object_component>
      <object_component id="oc-1f5">
         <name>.text</name>
         <load_address>0x39c4</load_address>
         <run_address>0x39c4</run_address>
         <size>0x1b6</size>
         <input_file_ref idref="fl-d5"/>
      </object_component>
      <object_component id="oc-bb">
         <name>.text</name>
         <load_address>0x3b7a</load_address>
         <run_address>0x3b7a</run_address>
         <size>0x2</size>
         <input_file_ref idref="fl-f6"/>
      </object_component>
      <object_component id="oc-14d">
         <name>.text</name>
         <load_address>0x3b7c</load_address>
         <run_address>0x3b7c</run_address>
         <size>0x1b0</size>
         <input_file_ref idref="fl-c"/>
      </object_component>
      <object_component id="oc-1ff">
         <name>.text</name>
         <load_address>0x3d2c</load_address>
         <run_address>0x3d2c</run_address>
         <size>0x136</size>
         <input_file_ref idref="fl-d6"/>
      </object_component>
      <object_component id="oc-90">
         <name>.text</name>
         <load_address>0x3e64</load_address>
         <run_address>0x3e64</run_address>
         <size>0x134</size>
         <input_file_ref idref="fl-3"/>
      </object_component>
      <object_component id="oc-84">
         <name>.text</name>
         <load_address>0x3f98</load_address>
         <run_address>0x3f98</run_address>
         <size>0x12c</size>
         <input_file_ref idref="fl-10"/>
      </object_component>
      <object_component id="oc-153">
         <name>.text</name>
         <load_address>0x40c4</load_address>
         <run_address>0x40c4</run_address>
         <size>0xf4</size>
         <input_file_ref idref="fl-b"/>
      </object_component>
      <object_component id="oc-1c5">
         <name>.text</name>
         <load_address>0x41b8</load_address>
         <run_address>0x41b8</run_address>
         <size>0xdc</size>
         <input_file_ref idref="fl-e0"/>
      </object_component>
      <object_component id="oc-2b9">
         <name>.text</name>
         <load_address>0x4294</load_address>
         <run_address>0x4294</run_address>
         <size>0xc8</size>
         <input_file_ref idref="fl-ec"/>
      </object_component>
      <object_component id="oc-236">
         <name>.text</name>
         <load_address>0x435c</load_address>
         <run_address>0x435c</run_address>
         <size>0xbc</size>
         <input_file_ref idref="fl-de"/>
      </object_component>
      <object_component id="oc-1b9">
         <name>.text</name>
         <load_address>0x4418</load_address>
         <run_address>0x4418</run_address>
         <size>0xb8</size>
         <input_file_ref idref="fl-ce"/>
      </object_component>
      <object_component id="oc-7e">
         <name>.text</name>
         <load_address>0x44d0</load_address>
         <run_address>0x44d0</run_address>
         <size>0xa8</size>
         <input_file_ref idref="fl-11"/>
      </object_component>
      <object_component id="oc-3e">
         <name>.text</name>
         <load_address>0x4578</load_address>
         <run_address>0x4578</run_address>
         <size>0x9c</size>
         <input_file_ref idref="fl-db"/>
      </object_component>
      <object_component id="oc-23c">
         <name>.text</name>
         <load_address>0x4614</load_address>
         <run_address>0x4614</run_address>
         <size>0x98</size>
         <input_file_ref idref="fl-eb"/>
      </object_component>
      <object_component id="oc-4a">
         <name>.text</name>
         <load_address>0x46ac</load_address>
         <run_address>0x46ac</run_address>
         <size>0x7a</size>
         <input_file_ref idref="fl-dc"/>
      </object_component>
      <object_component id="oc-62">
         <name>.text</name>
         <load_address>0x4728</load_address>
         <run_address>0x4728</run_address>
         <size>0x70</size>
         <input_file_ref idref="fl-e9"/>
      </object_component>
      <object_component id="oc-224">
         <name>.text</name>
         <load_address>0x4798</load_address>
         <run_address>0x4798</run_address>
         <size>0x70</size>
         <input_file_ref idref="fl-d9"/>
      </object_component>
      <object_component id="oc-14">
         <name>.text:decompress:lzss</name>
         <load_address>0x4808</load_address>
         <run_address>0x4808</run_address>
         <size>0x68</size>
         <input_file_ref idref="fl-d0"/>
      </object_component>
      <object_component id="oc-292">
         <name>.text</name>
         <load_address>0x4870</load_address>
         <run_address>0x4870</run_address>
         <size>0x68</size>
         <input_file_ref idref="fl-ee"/>
      </object_component>
      <object_component id="oc-29e">
         <name>.text</name>
         <load_address>0x48d8</load_address>
         <run_address>0x48d8</run_address>
         <size>0x68</size>
         <input_file_ref idref="fl-f1"/>
      </object_component>
      <object_component id="oc-2ed">
         <name>.text</name>
         <load_address>0x4940</load_address>
         <run_address>0x4940</run_address>
         <size>0x68</size>
         <input_file_ref idref="fl-f9"/>
      </object_component>
      <object_component id="oc-16a">
         <name>.text</name>
         <load_address>0x49a8</load_address>
         <run_address>0x49a8</run_address>
         <size>0x60</size>
         <input_file_ref idref="fl-8"/>
      </object_component>
      <object_component id="oc-27a">
         <name>.text</name>
         <load_address>0x4a08</load_address>
         <run_address>0x4a08</run_address>
         <size>0x60</size>
         <input_file_ref idref="fl-ef"/>
      </object_component>
      <object_component id="oc-2bf">
         <name>.text</name>
         <load_address>0x4a68</load_address>
         <run_address>0x4a68</run_address>
         <size>0x5c</size>
         <input_file_ref idref="fl-fb"/>
      </object_component>
      <object_component id="oc-286">
         <name>.text</name>
         <load_address>0x4ac4</load_address>
         <run_address>0x4ac4</run_address>
         <size>0x58</size>
         <input_file_ref idref="fl-f0"/>
      </object_component>
      <object_component id="oc-28c">
         <name>.text</name>
         <load_address>0x4b1c</load_address>
         <run_address>0x4b1c</run_address>
         <size>0x58</size>
         <input_file_ref idref="fl-f3"/>
      </object_component>
      <object_component id="oc-26">
         <name>.text</name>
         <load_address>0x4b74</load_address>
         <run_address>0x4b74</run_address>
         <size>0x54</size>
         <input_file_ref idref="fl-cf"/>
      </object_component>
      <object_component id="oc-6e">
         <name>.text</name>
         <load_address>0x4bc8</load_address>
         <run_address>0x4bc8</run_address>
         <size>0x54</size>
         <input_file_ref idref="fl-d4"/>
      </object_component>
      <object_component id="oc-b5">
         <name>.text</name>
         <load_address>0x4c1c</load_address>
         <run_address>0x4c1c</run_address>
         <size>0x4c</size>
         <input_file_ref idref="fl-ea"/>
      </object_component>
      <object_component id="oc-204">
         <name>.text</name>
         <load_address>0x4c68</load_address>
         <run_address>0x4c68</run_address>
         <size>0x44</size>
         <input_file_ref idref="fl-d7"/>
      </object_component>
      <object_component id="oc-280">
         <name>.text</name>
         <load_address>0x4cac</load_address>
         <run_address>0x4cac</run_address>
         <size>0x44</size>
         <input_file_ref idref="fl-ed"/>
      </object_component>
      <object_component id="oc-298">
         <name>.text</name>
         <load_address>0x4cf0</load_address>
         <run_address>0x4cf0</run_address>
         <size>0x44</size>
         <input_file_ref idref="fl-f2"/>
      </object_component>
      <object_component id="oc-12b">
         <name>.text</name>
         <load_address>0x4d34</load_address>
         <run_address>0x4d34</run_address>
         <size>0x40</size>
         <input_file_ref idref="fl-f"/>
      </object_component>
      <object_component id="oc-22a">
         <name>.text</name>
         <load_address>0x4d74</load_address>
         <run_address>0x4d74</run_address>
         <size>0x36</size>
         <input_file_ref idref="fl-e4"/>
      </object_component>
      <object_component id="oc-1fa">
         <name>.text</name>
         <load_address>0x4daa</load_address>
         <run_address>0x4daa</run_address>
         <size>0x2e</size>
         <input_file_ref idref="fl-da"/>
      </object_component>
      <object_component id="oc-2c5">
         <name>.text</name>
         <load_address>0x4dd8</load_address>
         <run_address>0x4dd8</run_address>
         <size>0x2c</size>
         <input_file_ref idref="fl-fa"/>
      </object_component>
      <object_component id="oc-314">
         <name>.text</name>
         <load_address>0x4e04</load_address>
         <run_address>0x4e04</run_address>
         <size>0x28</size>
         <input_file_ref idref="fl-e6"/>
      </object_component>
      <object_component id="oc-11f">
         <name>.text</name>
         <load_address>0x4e2c</load_address>
         <run_address>0x4e2c</run_address>
         <size>0x24</size>
         <input_file_ref idref="fl-5"/>
      </object_component>
      <object_component id="oc-1f0">
         <name>.text</name>
         <load_address>0x4e50</load_address>
         <run_address>0x4e50</run_address>
         <size>0x20</size>
         <input_file_ref idref="fl-e5"/>
      </object_component>
      <object_component id="oc-68">
         <name>.text</name>
         <load_address>0x4e70</load_address>
         <run_address>0x4e70</run_address>
         <size>0x18</size>
         <input_file_ref idref="fl-e8"/>
      </object_component>
      <object_component id="oc-26a">
         <name>.text</name>
         <load_address>0x4e88</load_address>
         <run_address>0x4e88</run_address>
         <size>0x18</size>
         <input_file_ref idref="fl-e3"/>
      </object_component>
      <object_component id="oc-270">
         <name>.text</name>
         <load_address>0x4ea0</load_address>
         <run_address>0x4ea0</run_address>
         <size>0x16</size>
         <input_file_ref idref="fl-e2"/>
      </object_component>
      <object_component id="oc-17a">
         <name>.text</name>
         <load_address>0x4eb8</load_address>
         <run_address>0x4eb8</run_address>
         <size>0x14</size>
         <input_file_ref idref="fl-e7"/>
      </object_component>
      <object_component id="oc-301">
         <name>.text</name>
         <load_address>0x4ecc</load_address>
         <run_address>0x4ecc</run_address>
         <size>0x14</size>
         <input_file_ref idref="fl-f7"/>
      </object_component>
      <object_component id="oc-2e7">
         <name>.text</name>
         <load_address>0x4ee0</load_address>
         <run_address>0x4ee0</run_address>
         <size>0x14</size>
         <input_file_ref idref="fl-f8"/>
      </object_component>
      <object_component id="oc-1a">
         <name>.text:decompress:none</name>
         <load_address>0x4ef4</load_address>
         <run_address>0x4ef4</run_address>
         <size>0xe</size>
         <input_file_ref idref="fl-d1"/>
      </object_component>
      <object_component id="oc-78">
         <name>.text</name>
         <load_address>0x4f02</load_address>
         <run_address>0x4f02</run_address>
         <size>0xe</size>
         <input_file_ref idref="fl-13"/>
      </object_component>
      <object_component id="oc-20">
         <name>.text:decompress:ZI</name>
         <load_address>0x4f10</load_address>
         <run_address>0x4f10</run_address>
         <size>0xc</size>
         <input_file_ref idref="fl-d2"/>
      </object_component>
      <object_component id="oc-5c">
         <name>.text</name>
         <load_address>0x4f1c</load_address>
         <run_address>0x4f1c</run_address>
         <size>0x4</size>
         <input_file_ref idref="fl-df"/>
      </object_component>
      <object_component id="oc-209">
         <name>.const:$P$T0$1</name>
         <load_address>0x4f20</load_address>
         <run_address>0x4f20</run_address>
         <size>0x20</size>
         <input_file_ref idref="fl-e"/>
      </object_component>
      <object_component id="oc-375">
         <name>.cinit..data.load</name>
         <load_address>0x4f40</load_address>
         <run_address>0x4f40</run_address>
         <size>0x7f</size>
      </object_component>
      <object_component id="oc-373">
         <name>__TI_handler_table</name>
         <load_address>0x4fc0</load_address>
         <run_address>0x4fc0</run_address>
         <size>0xc</size>
      </object_component>
      <object_component id="oc-376">
         <name>.cinit..bss.load</name>
         <load_address>0x4fd0</load_address>
         <run_address>0x4fd0</run_address>
         <size>0x8</size>
      </object_component>
      <object_component id="oc-374">
         <name>__TI_cinit_table</name>
         <load_address>0x4fd8</load_address>
         <run_address>0x4fd8</run_address>
         <size>0x10</size>
      </object_component>
      <object_component id="oc-350">
         <name>.binit</name>
         <load_address>0x0</load_address>
         <run_address>0x0</run_address>
         <size>0x0</size>
      </object_component>
      <object_component id="oc-1b0">
         <name>.data</name>
         <load_address>0x20003b38</load_address>
         <run_address>0x20003b38</run_address>
         <size>0x18</size>
         <input_file_ref idref="fl-4"/>
      </object_component>
      <object_component id="oc-131">
         <name>.data</name>
         <load_address>0x20003b78</load_address>
         <run_address>0x20003b78</run_address>
         <size>0xc</size>
         <input_file_ref idref="fl-a"/>
      </object_component>
      <object_component id="oc-e6">
         <name>.data</name>
         <load_address>0x20003b8c</load_address>
         <run_address>0x20003b8c</run_address>
         <size>0x8</size>
         <input_file_ref idref="fl-10"/>
      </object_component>
      <object_component id="oc-186">
         <name>.data</name>
         <load_address>0x20003ba4</load_address>
         <run_address>0x20003ba4</run_address>
         <size>0x4</size>
         <input_file_ref idref="fl-14"/>
      </object_component>
      <object_component id="oc-230">
         <name>.data</name>
         <load_address>0x20003b94</load_address>
         <run_address>0x20003b94</run_address>
         <size>0x4</size>
         <input_file_ref idref="fl-ce"/>
      </object_component>
      <object_component id="oc-1cb">
         <name>.data:_ftable</name>
         <load_address>0x20003980</load_address>
         <run_address>0x20003980</run_address>
         <size>0xf0</size>
         <input_file_ref idref="fl-d3"/>
      </object_component>
      <object_component id="oc-242">
         <name>.data</name>
         <load_address>0x20003b50</load_address>
         <run_address>0x20003b50</run_address>
         <size>0x10</size>
         <input_file_ref idref="fl-d3"/>
      </object_component>
      <object_component id="oc-cb">
         <name>.data:$O1$$</name>
         <load_address>0x20003b60</load_address>
         <run_address>0x20003b60</run_address>
         <size>0xc</size>
         <input_file_ref idref="fl-d4"/>
      </object_component>
      <object_component id="oc-245">
         <name>.data</name>
         <load_address>0x20003b98</load_address>
         <run_address>0x20003b98</run_address>
         <size>0x4</size>
         <input_file_ref idref="fl-d8"/>
      </object_component>
      <object_component id="oc-2b3">
         <name>.data</name>
         <load_address>0x20003b9c</load_address>
         <run_address>0x20003b9c</run_address>
         <size>0x4</size>
         <input_file_ref idref="fl-de"/>
      </object_component>
      <object_component id="oc-74">
         <name>.data</name>
         <load_address>0x20003ba0</load_address>
         <run_address>0x20003ba0</run_address>
         <size>0x4</size>
         <input_file_ref idref="fl-e1"/>
      </object_component>
      <object_component id="oc-231">
         <name>.data:_device</name>
         <load_address>0x20003a70</load_address>
         <run_address>0x20003a70</run_address>
         <size>0x78</size>
         <input_file_ref idref="fl-e6"/>
      </object_component>
      <object_component id="oc-2b4">
         <name>.data:_stream</name>
         <load_address>0x20003ae8</load_address>
         <run_address>0x20003ae8</run_address>
         <size>0x50</size>
         <input_file_ref idref="fl-e6"/>
      </object_component>
      <object_component id="oc-ce">
         <name>.data:$O1$$</name>
         <load_address>0x20003b84</load_address>
         <run_address>0x20003b84</run_address>
         <size>0x8</size>
         <input_file_ref idref="fl-e7"/>
      </object_component>
      <object_component id="oc-2d7">
         <name>.data:$O1$$</name>
         <load_address>0x20003b6c</load_address>
         <run_address>0x20003b6c</run_address>
         <size>0xc</size>
         <input_file_ref idref="fl-f4"/>
      </object_component>
      <object_component id="oc-32a">
         <name>.bss:_CIOBUF_</name>
         <uninitialized>true</uninitialized>
         <run_address>0x20003200</run_address>
         <size>0x120</size>
         <input_file_ref idref="fl-f9"/>
      </object_component>
      <object_component id="oc-f6">
         <name>.common:Port4Task</name>
         <uninitialized>true</uninitialized>
         <run_address>0x20003550</run_address>
         <size>0x4</size>
      </object_component>
      <object_component id="oc-f4">
         <name>.common:Messageindexc</name>
         <uninitialized>true</uninitialized>
         <run_address>0x20003544</run_address>
         <size>0x4</size>
      </object_component>
      <object_component id="oc-f1">
         <name>.common:Messagec</name>
         <uninitialized>true</uninitialized>
         <run_address>0x2000350c</run_address>
         <size>0x8</size>
      </object_component>
      <object_component id="oc-19a">
         <name>.common:TxFifo0</name>
         <uninitialized>true</uninitialized>
         <run_address>0x20003442</run_address>
         <size>0x82</size>
      </object_component>
      <object_component id="oc-19e">
         <name>.common:RxFifo0</name>
         <uninitialized>true</uninitialized>
         <run_address>0x200033c0</run_address>
         <size>0x82</size>
      </object_component>
      <object_component id="oc-19d">
         <name>.common:TxHistogram</name>
         <uninitialized>true</uninitialized>
         <run_address>0x20003000</run_address>
         <size>0x200</size>
      </object_component>
      <object_component id="oc-13a">
         <name>.common:Size</name>
         <uninitialized>true</uninitialized>
         <run_address>0x20003560</run_address>
         <size>0x4</size>
      </object_component>
      <object_component id="oc-1de">
         <name>.common:x</name>
         <uninitialized>true</uninitialized>
         <run_address>0x20000000</run_address>
         <size>0x1000</size>
      </object_component>
      <object_component id="oc-1dd">
         <name>.common:Pt</name>
         <uninitialized>true</uninitialized>
         <run_address>0x20003554</run_address>
         <size>0x4</size>
      </object_component>
      <object_component id="oc-1e0">
         <name>.common:I1</name>
         <uninitialized>true</uninitialized>
         <run_address>0x2000352c</run_address>
         <size>0x4</size>
      </object_component>
      <object_component id="oc-1df">
         <name>.common:LPFSum</name>
         <uninitialized>true</uninitialized>
         <run_address>0x20003530</run_address>
         <size>0x4</size>
      </object_component>
      <object_component id="oc-1e2">
         <name>.common:x2</name>
         <uninitialized>true</uninitialized>
         <run_address>0x20001000</run_address>
         <size>0x1000</size>
      </object_component>
      <object_component id="oc-1e1">
         <name>.common:Pt2</name>
         <uninitialized>true</uninitialized>
         <run_address>0x20003558</run_address>
         <size>0x4</size>
      </object_component>
      <object_component id="oc-1e3">
         <name>.common:LPFSum2</name>
         <uninitialized>true</uninitialized>
         <run_address>0x20003534</run_address>
         <size>0x4</size>
      </object_component>
      <object_component id="oc-1e5">
         <name>.common:x3</name>
         <uninitialized>true</uninitialized>
         <run_address>0x20002000</run_address>
         <size>0x1000</size>
      </object_component>
      <object_component id="oc-1e4">
         <name>.common:Pt3</name>
         <uninitialized>true</uninitialized>
         <run_address>0x2000355c</run_address>
         <size>0x4</size>
      </object_component>
      <object_component id="oc-1e6">
         <name>.common:LPFSum3</name>
         <uninitialized>true</uninitialized>
         <run_address>0x20003538</run_address>
         <size>0x4</size>
      </object_component>
      <object_component id="oc-139">
         <name>.common:WriteData</name>
         <uninitialized>true</uninitialized>
         <run_address>0x2000357f</run_address>
         <size>0x1</size>
      </object_component>
      <object_component id="oc-134">
         <name>.common:ReadData</name>
         <uninitialized>true</uninitialized>
         <run_address>0x2000357e</run_address>
         <size>0x1</size>
      </object_component>
      <object_component id="oc-137">
         <name>.common:NumSuccess</name>
         <uninitialized>true</uninitialized>
         <run_address>0x2000354c</run_address>
         <size>0x4</size>
      </object_component>
      <object_component id="oc-138">
         <name>.common:NumErrors</name>
         <uninitialized>true</uninitialized>
         <run_address>0x20003548</run_address>
         <size>0x4</size>
      </object_component>
      <object_component id="oc-13e">
         <name>.common:String</name>
         <uninitialized>true</uninitialized>
         <run_address>0x200034c4</run_address>
         <size>0x40</size>
      </object_component>
      <object_component id="oc-13d">
         <name>.common:MaxTime</name>
         <uninitialized>true</uninitialized>
         <run_address>0x2000353c</run_address>
         <size>0x4</size>
      </object_component>
      <object_component id="oc-13f">
         <name>.common:First</name>
         <uninitialized>true</uninitialized>
         <run_address>0x20003528</run_address>
         <size>0x4</size>
      </object_component>
      <object_component id="oc-14c">
         <name>.common:Elapsed</name>
         <uninitialized>true</uninitialized>
         <run_address>0x20003524</run_address>
         <size>0x4</size>
      </object_component>
      <object_component id="oc-168">
         <name>.common:CollisionData</name>
         <uninitialized>true</uninitialized>
         <run_address>0x2000357c</run_address>
         <size>0x1</size>
      </object_component>
      <object_component id="oc-169">
         <name>.common:CollisionFlag</name>
         <uninitialized>true</uninitialized>
         <run_address>0x2000357d</run_address>
         <size>0x1</size>
      </object_component>
      <object_component id="oc-15f">
         <name>.common:nr</name>
         <uninitialized>true</uninitialized>
         <run_address>0x20003570</run_address>
         <size>0x4</size>
      </object_component>
      <object_component id="oc-160">
         <name>.common:nc</name>
         <uninitialized>true</uninitialized>
         <run_address>0x20003568</run_address>
         <size>0x4</size>
      </object_component>
      <object_component id="oc-161">
         <name>.common:nl</name>
         <uninitialized>true</uninitialized>
         <run_address>0x2000356c</run_address>
         <size>0x4</size>
      </object_component>
      <object_component id="oc-162">
         <name>.common:Period0</name>
         <uninitialized>true</uninitialized>
         <run_address>0x20003578</run_address>
         <size>0x2</size>
      </object_component>
      <object_component id="oc-163">
         <name>.common:First0</name>
         <uninitialized>true</uninitialized>
         <run_address>0x20003574</run_address>
         <size>0x2</size>
      </object_component>
      <object_component id="oc-165">
         <name>.common:Period2</name>
         <uninitialized>true</uninitialized>
         <run_address>0x2000357a</run_address>
         <size>0x2</size>
      </object_component>
      <object_component id="oc-166">
         <name>.common:First2</name>
         <uninitialized>true</uninitialized>
         <run_address>0x20003576</run_address>
         <size>0x2</size>
      </object_component>
      <object_component id="oc-164">
         <name>.common:Done0</name>
         <uninitialized>true</uninitialized>
         <run_address>0x2000351c</run_address>
         <size>0x4</size>
      </object_component>
      <object_component id="oc-167">
         <name>.common:Done2</name>
         <uninitialized>true</uninitialized>
         <run_address>0x20003520</run_address>
         <size>0x4</size>
      </object_component>
      <object_component id="oc-dd">
         <name>.common:TimerA1Task</name>
         <uninitialized>true</uninitialized>
         <run_address>0x20003564</run_address>
         <size>0x4</size>
      </object_component>
      <object_component id="oc-1b8">
         <name>.common:Messageindexb</name>
         <uninitialized>true</uninitialized>
         <run_address>0x20003540</run_address>
         <size>0x4</size>
      </object_component>
      <object_component id="oc-1b5">
         <name>.common:Messageb</name>
         <uninitialized>true</uninitialized>
         <run_address>0x20003504</run_address>
         <size>0x8</size>
      </object_component>
      <object_component id="oc-2cb">
         <name>.common:__TI_tmpnams</name>
         <uninitialized>true</uninitialized>
         <run_address>0x20003320</run_address>
         <size>0xa0</size>
      </object_component>
      <object_component id="oc-2f3">
         <name>.common:parmbuf</name>
         <uninitialized>true</uninitialized>
         <run_address>0x20003514</run_address>
         <size>0x8</size>
      </object_component>
      <object_component id="oc-30">
         <name>.sysmem</name>
         <uninitialized>true</uninitialized>
         <run_address>0x20003580</run_address>
         <size>0x8</size>
         <input_file_ref idref="fl-f4"/>
      </object_component>
      <object_component id="oc-378">
         <name>.sysmem</name>
         <uninitialized>true</uninitialized>
         <run_address>0x20003580</run_address>
         <size>0x0</size>
      </object_component>
      <object_component id="oc-2f">
         <name>.stack</name>
         <uninitialized>true</uninitialized>
         <run_address>0x2000fe00</run_address>
         <size>0x0</size>
         <input_file_ref idref="fl-cf"/>
      </object_component>
      <object_component id="oc-377">
         <name>.stack</name>
         <uninitialized>true</uninitialized>
         <run_address>0x2000fe00</run_address>
         <size>0x0</size>
      </object_component>
      <object_component id="oc-1dc">
         <name>.debug_info</name>
         <load_address>0x0</load_address>
         <run_address>0x0</run_address>
         <size>0x55e</size>
         <input_file_ref idref="fl-2"/>
      </object_component>
      <object_component id="oc-141">
         <name>.debug_info</name>
         <load_address>0x55e</load_address>
         <run_address>0x55e</run_address>
         <size>0x769</size>
         <input_file_ref idref="fl-2"/>
      </object_component>
      <object_component id="oc-18c">
         <name>.debug_info</name>
         <load_address>0xcc7</load_address>
         <run_address>0xcc7</run_address>
         <size>0x37e2</size>
         <input_file_ref idref="fl-2"/>
      </object_component>
      <object_component id="oc-191">
         <name>.debug_info</name>
         <load_address>0x44a9</load_address>
         <run_address>0x44a9</run_address>
         <size>0x1055</size>
         <input_file_ref idref="fl-2"/>
      </object_component>
      <object_component id="oc-39">
         <name>.debug_info</name>
         <load_address>0x54fe</load_address>
         <run_address>0x54fe</run_address>
         <size>0x84</size>
         <input_file_ref idref="fl-2"/>
      </object_component>
      <object_component id="oc-e1">
         <name>.debug_info</name>
         <load_address>0x5582</load_address>
         <run_address>0x5582</run_address>
         <size>0x18b</size>
         <input_file_ref idref="fl-2"/>
      </object_component>
      <object_component id="oc-f7">
         <name>.debug_info</name>
         <load_address>0x570d</load_address>
         <run_address>0x570d</run_address>
         <size>0x58f</size>
         <input_file_ref idref="fl-3"/>
      </object_component>
      <object_component id="oc-91">
         <name>.debug_info</name>
         <load_address>0x5c9c</load_address>
         <run_address>0x5c9c</run_address>
         <size>0x3e3</size>
         <input_file_ref idref="fl-3"/>
      </object_component>
      <object_component id="oc-1b1">
         <name>.debug_info</name>
         <load_address>0x607f</load_address>
         <run_address>0x607f</run_address>
         <size>0x1c6</size>
         <input_file_ref idref="fl-4"/>
      </object_component>
      <object_component id="oc-11b">
         <name>.debug_info</name>
         <load_address>0x6245</load_address>
         <run_address>0x6245</run_address>
         <size>0x4d4</size>
         <input_file_ref idref="fl-4"/>
      </object_component>
      <object_component id="oc-123">
         <name>.debug_info</name>
         <load_address>0x6719</load_address>
         <run_address>0x6719</run_address>
         <size>0x495</size>
         <input_file_ref idref="fl-5"/>
      </object_component>
      <object_component id="oc-f2">
         <name>.debug_info</name>
         <load_address>0x6bae</load_address>
         <run_address>0x6bae</run_address>
         <size>0x6aa</size>
         <input_file_ref idref="fl-6"/>
      </object_component>
      <object_component id="oc-8e">
         <name>.debug_info</name>
         <load_address>0x7258</load_address>
         <run_address>0x7258</run_address>
         <size>0x153d</size>
         <input_file_ref idref="fl-6"/>
      </object_component>
      <object_component id="oc-19b">
         <name>.debug_info</name>
         <load_address>0x8795</load_address>
         <run_address>0x8795</run_address>
         <size>0x314</size>
         <input_file_ref idref="fl-7"/>
      </object_component>
      <object_component id="oc-ee">
         <name>.debug_info</name>
         <load_address>0x8aa9</load_address>
         <run_address>0x8aa9</run_address>
         <size>0x771</size>
         <input_file_ref idref="fl-7"/>
      </object_component>
      <object_component id="oc-216">
         <name>.debug_info</name>
         <load_address>0x921a</load_address>
         <run_address>0x921a</run_address>
         <size>0x76</size>
         <input_file_ref idref="fl-7"/>
      </object_component>
      <object_component id="oc-16b">
         <name>.debug_info</name>
         <load_address>0x9290</load_address>
         <run_address>0x9290</run_address>
         <size>0x3c9</size>
         <input_file_ref idref="fl-8"/>
      </object_component>
      <object_component id="oc-13b">
         <name>.debug_info</name>
         <load_address>0x9659</load_address>
         <run_address>0x9659</run_address>
         <size>0x675</size>
         <input_file_ref idref="fl-9"/>
      </object_component>
      <object_component id="oc-147">
         <name>.debug_info</name>
         <load_address>0x9cce</load_address>
         <run_address>0x9cce</run_address>
         <size>0x86c</size>
         <input_file_ref idref="fl-9"/>
      </object_component>
      <object_component id="oc-135">
         <name>.debug_info</name>
         <load_address>0xa53a</load_address>
         <run_address>0xa53a</run_address>
         <size>0x1021</size>
         <input_file_ref idref="fl-a"/>
      </object_component>
      <object_component id="oc-132">
         <name>.debug_info</name>
         <load_address>0xb55b</load_address>
         <run_address>0xb55b</run_address>
         <size>0x10d</size>
         <input_file_ref idref="fl-a"/>
      </object_component>
      <object_component id="oc-c4">
         <name>.debug_info</name>
         <load_address>0xb668</load_address>
         <run_address>0xb668</run_address>
         <size>0x26d3</size>
         <input_file_ref idref="fl-a"/>
      </object_component>
      <object_component id="oc-ac">
         <name>.debug_info</name>
         <load_address>0xdd3b</load_address>
         <run_address>0xdd3b</run_address>
         <size>0x2c</size>
         <input_file_ref idref="fl-a"/>
      </object_component>
      <object_component id="oc-156">
         <name>.debug_info</name>
         <load_address>0xdd67</load_address>
         <run_address>0xdd67</run_address>
         <size>0x438</size>
         <input_file_ref idref="fl-b"/>
      </object_component>
      <object_component id="oc-150">
         <name>.debug_info</name>
         <load_address>0xe19f</load_address>
         <run_address>0xe19f</run_address>
         <size>0x765</size>
         <input_file_ref idref="fl-c"/>
      </object_component>
      <object_component id="oc-1e9">
         <name>.debug_info</name>
         <load_address>0xe904</load_address>
         <run_address>0xe904</run_address>
         <size>0x75b</size>
         <input_file_ref idref="fl-d"/>
      </object_component>
      <object_component id="oc-20d">
         <name>.debug_info</name>
         <load_address>0xf05f</load_address>
         <run_address>0xf05f</run_address>
         <size>0x59f</size>
         <input_file_ref idref="fl-e"/>
      </object_component>
      <object_component id="oc-20a">
         <name>.debug_info</name>
         <load_address>0xf5fe</load_address>
         <run_address>0xf5fe</run_address>
         <size>0x116</size>
         <input_file_ref idref="fl-e"/>
      </object_component>
      <object_component id="oc-15d">
         <name>.debug_info</name>
         <load_address>0xf714</load_address>
         <run_address>0xf714</run_address>
         <size>0xaa8</size>
         <input_file_ref idref="fl-e"/>
      </object_component>
      <object_component id="oc-265">
         <name>.debug_info</name>
         <load_address>0x101bc</load_address>
         <run_address>0x101bc</run_address>
         <size>0x37e2</size>
         <input_file_ref idref="fl-e"/>
      </object_component>
      <object_component id="oc-12d">
         <name>.debug_info</name>
         <load_address>0x1399e</load_address>
         <run_address>0x1399e</run_address>
         <size>0x219</size>
         <input_file_ref idref="fl-f"/>
      </object_component>
      <object_component id="oc-ea">
         <name>.debug_info</name>
         <load_address>0x13bb7</load_address>
         <run_address>0x13bb7</run_address>
         <size>0x574</size>
         <input_file_ref idref="fl-10"/>
      </object_component>
      <object_component id="oc-e7">
         <name>.debug_info</name>
         <load_address>0x1412b</load_address>
         <run_address>0x1412b</run_address>
         <size>0x14e</size>
         <input_file_ref idref="fl-10"/>
      </object_component>
      <object_component id="oc-87">
         <name>.debug_info</name>
         <load_address>0x14279</load_address>
         <run_address>0x14279</run_address>
         <size>0x499</size>
         <input_file_ref idref="fl-10"/>
      </object_component>
      <object_component id="oc-de">
         <name>.debug_info</name>
         <load_address>0x14712</load_address>
         <run_address>0x14712</run_address>
         <size>0x589</size>
         <input_file_ref idref="fl-11"/>
      </object_component>
      <object_component id="oc-80">
         <name>.debug_info</name>
         <load_address>0x14c9b</load_address>
         <run_address>0x14c9b</run_address>
         <size>0x372</size>
         <input_file_ref idref="fl-11"/>
      </object_component>
      <object_component id="oc-1b6">
         <name>.debug_info</name>
         <load_address>0x1500d</load_address>
         <run_address>0x1500d</run_address>
         <size>0x79c</size>
         <input_file_ref idref="fl-12"/>
      </object_component>
      <object_component id="oc-126">
         <name>.debug_info</name>
         <load_address>0x157a9</load_address>
         <run_address>0x157a9</run_address>
         <size>0x1dda</size>
         <input_file_ref idref="fl-12"/>
      </object_component>
      <object_component id="oc-21f">
         <name>.debug_info</name>
         <load_address>0x17583</load_address>
         <run_address>0x17583</run_address>
         <size>0xc8</size>
         <input_file_ref idref="fl-12"/>
      </object_component>
      <object_component id="oc-1cf">
         <name>.debug_info</name>
         <load_address>0x1764b</load_address>
         <run_address>0x1764b</run_address>
         <size>0x2c</size>
         <input_file_ref idref="fl-12"/>
      </object_component>
      <object_component id="oc-98">
         <name>.debug_info</name>
         <load_address>0x17677</load_address>
         <run_address>0x17677</run_address>
         <size>0x2c6</size>
         <input_file_ref idref="fl-13"/>
      </object_component>
      <object_component id="oc-2d">
         <name>.debug_info</name>
         <load_address>0x1793d</load_address>
         <run_address>0x1793d</run_address>
         <size>0x104</size>
         <input_file_ref idref="fl-13"/>
      </object_component>
      <object_component id="oc-79">
         <name>.debug_info</name>
         <load_address>0x17a41</load_address>
         <run_address>0x17a41</run_address>
         <size>0x1cb</size>
         <input_file_ref idref="fl-13"/>
      </object_component>
      <object_component id="oc-187">
         <name>.debug_info</name>
         <load_address>0x17c0c</load_address>
         <run_address>0x17c0c</run_address>
         <size>0xfd</size>
         <input_file_ref idref="fl-14"/>
      </object_component>
      <object_component id="oc-d7">
         <name>.debug_info</name>
         <load_address>0x17d09</load_address>
         <run_address>0x17d09</run_address>
         <size>0x26f</size>
         <input_file_ref idref="fl-14"/>
      </object_component>
      <object_component id="oc-235">
         <name>.debug_info</name>
         <load_address>0x17f78</load_address>
         <run_address>0x17f78</run_address>
         <size>0x430</size>
         <input_file_ref idref="fl-ce"/>
      </object_component>
      <object_component id="oc-1ba">
         <name>.debug_info</name>
         <load_address>0x183a8</load_address>
         <run_address>0x183a8</run_address>
         <size>0x2d0</size>
         <input_file_ref idref="fl-ce"/>
      </object_component>
      <object_component id="oc-2ae">
         <name>.debug_info</name>
         <load_address>0x18678</load_address>
         <run_address>0x18678</run_address>
         <size>0xea</size>
         <input_file_ref idref="fl-ce"/>
      </object_component>
      <object_component id="oc-2a9">
         <name>.debug_info</name>
         <load_address>0x18762</load_address>
         <run_address>0x18762</run_address>
         <size>0x2c</size>
         <input_file_ref idref="fl-ce"/>
      </object_component>
      <object_component id="oc-27">
         <name>.debug_info</name>
         <load_address>0x1878e</load_address>
         <run_address>0x1878e</run_address>
         <size>0x160</size>
         <input_file_ref idref="fl-cf"/>
      </object_component>
      <object_component id="oc-a2">
         <name>.debug_info</name>
         <load_address>0x188ee</load_address>
         <run_address>0x188ee</run_address>
         <size>0x293</size>
         <input_file_ref idref="fl-d0"/>
      </object_component>
      <object_component id="oc-18">
         <name>.debug_info</name>
         <load_address>0x18b81</load_address>
         <run_address>0x18b81</run_address>
         <size>0x245</size>
         <input_file_ref idref="fl-d0"/>
      </object_component>
      <object_component id="oc-34">
         <name>.debug_info</name>
         <load_address>0x18dc6</load_address>
         <run_address>0x18dc6</run_address>
         <size>0x60</size>
         <input_file_ref idref="fl-d0"/>
      </object_component>
      <object_component id="oc-9d">
         <name>.debug_info</name>
         <load_address>0x18e26</load_address>
         <run_address>0x18e26</run_address>
         <size>0x46</size>
         <input_file_ref idref="fl-d0"/>
      </object_component>
      <object_component id="oc-49">
         <name>.debug_info</name>
         <load_address>0x18e6c</load_address>
         <run_address>0x18e6c</run_address>
         <size>0x2da</size>
         <input_file_ref idref="fl-d1"/>
      </object_component>
      <object_component id="oc-1e">
         <name>.debug_info</name>
         <load_address>0x19146</load_address>
         <run_address>0x19146</run_address>
         <size>0x1df</size>
         <input_file_ref idref="fl-d1"/>
      </object_component>
      <object_component id="oc-44">
         <name>.debug_info</name>
         <load_address>0x19325</load_address>
         <run_address>0x19325</run_address>
         <size>0x46</size>
         <input_file_ref idref="fl-d1"/>
      </object_component>
      <object_component id="oc-a4">
         <name>.debug_info</name>
         <load_address>0x1936b</load_address>
         <run_address>0x1936b</run_address>
         <size>0x2c</size>
         <input_file_ref idref="fl-d1"/>
      </object_component>
      <object_component id="oc-55">
         <name>.debug_info</name>
         <load_address>0x19397</load_address>
         <run_address>0x19397</run_address>
         <size>0x2c9</size>
         <input_file_ref idref="fl-d2"/>
      </object_component>
      <object_component id="oc-21">
         <name>.debug_info</name>
         <load_address>0x19660</load_address>
         <run_address>0x19660</run_address>
         <size>0x1aa</size>
         <input_file_ref idref="fl-d2"/>
      </object_component>
      <object_component id="oc-50">
         <name>.debug_info</name>
         <load_address>0x1980a</load_address>
         <run_address>0x1980a</run_address>
         <size>0x46</size>
         <input_file_ref idref="fl-d2"/>
      </object_component>
      <object_component id="oc-257">
         <name>.debug_info</name>
         <load_address>0x19850</load_address>
         <run_address>0x19850</run_address>
         <size>0x139</size>
         <input_file_ref idref="fl-d3"/>
      </object_component>
      <object_component id="oc-1cc">
         <name>.debug_info</name>
         <load_address>0x19989</load_address>
         <run_address>0x19989</run_address>
         <size>0xf7</size>
         <input_file_ref idref="fl-d3"/>
      </object_component>
      <object_component id="oc-243">
         <name>.debug_info</name>
         <load_address>0x19a80</load_address>
         <run_address>0x19a80</run_address>
         <size>0x184</size>
         <input_file_ref idref="fl-d3"/>
      </object_component>
      <object_component id="oc-2d2">
         <name>.debug_info</name>
         <load_address>0x19c04</load_address>
         <run_address>0x19c04</run_address>
         <size>0xae</size>
         <input_file_ref idref="fl-d3"/>
      </object_component>
      <object_component id="oc-d2">
         <name>.debug_info</name>
         <load_address>0x19cb2</load_address>
         <run_address>0x19cb2</run_address>
         <size>0x3ce</size>
         <input_file_ref idref="fl-d4"/>
      </object_component>
      <object_component id="oc-cc">
         <name>.debug_info</name>
         <load_address>0x1a080</load_address>
         <run_address>0x1a080</run_address>
         <size>0x185</size>
         <input_file_ref idref="fl-d4"/>
      </object_component>
      <object_component id="oc-71">
         <name>.debug_info</name>
         <load_address>0x1a205</load_address>
         <run_address>0x1a205</run_address>
         <size>0x214</size>
         <input_file_ref idref="fl-d4"/>
      </object_component>
      <object_component id="oc-1f6">
         <name>.debug_info</name>
         <load_address>0x1a419</load_address>
         <run_address>0x1a419</run_address>
         <size>0x144</size>
         <input_file_ref idref="fl-d5"/>
      </object_component>
      <object_component id="oc-201">
         <name>.debug_info</name>
         <load_address>0x1a55d</load_address>
         <run_address>0x1a55d</run_address>
         <size>0x132</size>
         <input_file_ref idref="fl-d6"/>
      </object_component>
      <object_component id="oc-205">
         <name>.debug_info</name>
         <load_address>0x1a68f</load_address>
         <run_address>0x1a68f</run_address>
         <size>0x131</size>
         <input_file_ref idref="fl-d7"/>
      </object_component>
      <object_component id="oc-247">
         <name>.debug_info</name>
         <load_address>0x1a7c0</load_address>
         <run_address>0x1a7c0</run_address>
         <size>0x3d6</size>
         <input_file_ref idref="fl-d8"/>
      </object_component>
      <object_component id="oc-1c1">
         <name>.debug_info</name>
         <load_address>0x1ab96</load_address>
         <run_address>0x1ab96</run_address>
         <size>0x455</size>
         <input_file_ref idref="fl-d8"/>
      </object_component>
      <object_component id="oc-fe">
         <name>.debug_info</name>
         <load_address>0x1afeb</load_address>
         <run_address>0x1afeb</run_address>
         <size>0x2c</size>
         <input_file_ref idref="fl-d8"/>
      </object_component>
      <object_component id="oc-277">
         <name>.debug_info</name>
         <load_address>0x1b017</load_address>
         <run_address>0x1b017</run_address>
         <size>0x417</size>
         <input_file_ref idref="fl-d9"/>
      </object_component>
      <object_component id="oc-228">
         <name>.debug_info</name>
         <load_address>0x1b42e</load_address>
         <run_address>0x1b42e</run_address>
         <size>0x282</size>
         <input_file_ref idref="fl-d9"/>
      </object_component>
      <object_component id="oc-1fc">
         <name>.debug_info</name>
         <load_address>0x1b6b0</load_address>
         <run_address>0x1b6b0</run_address>
         <size>0x124</size>
         <input_file_ref idref="fl-da"/>
      </object_component>
      <object_component id="oc-3f">
         <name>.debug_info</name>
         <load_address>0x1b7d4</load_address>
         <run_address>0x1b7d4</run_address>
         <size>0x111</size>
         <input_file_ref idref="fl-db"/>
      </object_component>
      <object_component id="oc-4d">
         <name>.debug_info</name>
         <load_address>0x1b8e5</load_address>
         <run_address>0x1b8e5</run_address>
         <size>0x13f</size>
         <input_file_ref idref="fl-dc"/>
      </object_component>
      <object_component id="oc-59">
         <name>.debug_info</name>
         <load_address>0x1ba24</load_address>
         <run_address>0x1ba24</run_address>
         <size>0x138</size>
         <input_file_ref idref="fl-dd"/>
      </object_component>
      <object_component id="oc-2b8">
         <name>.debug_info</name>
         <load_address>0x1bb5c</load_address>
         <run_address>0x1bb5c</run_address>
         <size>0x3f7</size>
         <input_file_ref idref="fl-de"/>
      </object_component>
      <object_component id="oc-23a">
         <name>.debug_info</name>
         <load_address>0x1bf53</load_address>
         <run_address>0x1bf53</run_address>
         <size>0x23a</size>
         <input_file_ref idref="fl-de"/>
      </object_component>
      <object_component id="oc-30b">
         <name>.debug_info</name>
         <load_address>0x1c18d</load_address>
         <run_address>0x1c18d</run_address>
         <size>0x120</size>
         <input_file_ref idref="fl-de"/>
      </object_component>
      <object_component id="oc-60">
         <name>.debug_info</name>
         <load_address>0x1c2ad</load_address>
         <run_address>0x1c2ad</run_address>
         <size>0x148</size>
         <input_file_ref idref="fl-df"/>
      </object_component>
      <object_component id="oc-24f">
         <name>.debug_info</name>
         <load_address>0x1c3f5</load_address>
         <run_address>0x1c3f5</run_address>
         <size>0x35a</size>
         <input_file_ref idref="fl-e0"/>
      </object_component>
      <object_component id="oc-1c6">
         <name>.debug_info</name>
         <load_address>0x1c74f</load_address>
         <run_address>0x1c74f</run_address>
         <size>0x200</size>
         <input_file_ref idref="fl-e0"/>
      </object_component>
      <object_component id="oc-250">
         <name>.debug_info</name>
         <load_address>0x1c94f</load_address>
         <run_address>0x1c94f</run_address>
         <size>0xbb</size>
         <input_file_ref idref="fl-e0"/>
      </object_component>
      <object_component id="oc-75">
         <name>.debug_info</name>
         <load_address>0x1ca0a</load_address>
         <run_address>0x1ca0a</run_address>
         <size>0x109</size>
         <input_file_ref idref="fl-e1"/>
      </object_component>
      <object_component id="oc-2e2">
         <name>.debug_info</name>
         <load_address>0x1cb13</load_address>
         <run_address>0x1cb13</run_address>
         <size>0x28f</size>
         <input_file_ref idref="fl-e2"/>
      </object_component>
      <object_component id="oc-271">
         <name>.debug_info</name>
         <load_address>0x1cda2</load_address>
         <run_address>0x1cda2</run_address>
         <size>0x244</size>
         <input_file_ref idref="fl-e2"/>
      </object_component>
      <object_component id="oc-2e0">
         <name>.debug_info</name>
         <load_address>0x1cfe6</load_address>
         <run_address>0x1cfe6</run_address>
         <size>0x27f</size>
         <input_file_ref idref="fl-e3"/>
      </object_component>
      <object_component id="oc-26c">
         <name>.debug_info</name>
         <load_address>0x1d265</load_address>
         <run_address>0x1d265</run_address>
         <size>0x258</size>
         <input_file_ref idref="fl-e3"/>
      </object_component>
      <object_component id="oc-279">
         <name>.debug_info</name>
         <load_address>0x1d4bd</load_address>
         <run_address>0x1d4bd</run_address>
         <size>0x290</size>
         <input_file_ref idref="fl-e4"/>
      </object_component>
      <object_component id="oc-22d">
         <name>.debug_info</name>
         <load_address>0x1d74d</load_address>
         <run_address>0x1d74d</run_address>
         <size>0x259</size>
         <input_file_ref idref="fl-e4"/>
      </object_component>
      <object_component id="oc-1f1">
         <name>.debug_info</name>
         <load_address>0x1d9a6</load_address>
         <run_address>0x1d9a6</run_address>
         <size>0x126</size>
         <input_file_ref idref="fl-e5"/>
      </object_component>
      <object_component id="oc-2a6">
         <name>.debug_info</name>
         <load_address>0x1dacc</load_address>
         <run_address>0x1dacc</run_address>
         <size>0x4c5</size>
         <input_file_ref idref="fl-e6"/>
      </object_component>
      <object_component id="oc-232">
         <name>.debug_info</name>
         <load_address>0x1df91</load_address>
         <run_address>0x1df91</run_address>
         <size>0xf8</size>
         <input_file_ref idref="fl-e6"/>
      </object_component>
      <object_component id="oc-2b5">
         <name>.debug_info</name>
         <load_address>0x1e089</load_address>
         <run_address>0x1e089</run_address>
         <size>0xf8</size>
         <input_file_ref idref="fl-e6"/>
      </object_component>
      <object_component id="oc-316">
         <name>.debug_info</name>
         <load_address>0x1e181</load_address>
         <run_address>0x1e181</run_address>
         <size>0x184</size>
         <input_file_ref idref="fl-e6"/>
      </object_component>
      <object_component id="oc-182">
         <name>.debug_info</name>
         <load_address>0x1e305</load_address>
         <run_address>0x1e305</run_address>
         <size>0x2be</size>
         <input_file_ref idref="fl-e7"/>
      </object_component>
      <object_component id="oc-cf">
         <name>.debug_info</name>
         <load_address>0x1e5c3</load_address>
         <run_address>0x1e5c3</run_address>
         <size>0x113</size>
         <input_file_ref idref="fl-e7"/>
      </object_component>
      <object_component id="oc-17b">
         <name>.debug_info</name>
         <load_address>0x1e6d6</load_address>
         <run_address>0x1e6d6</run_address>
         <size>0x21f</size>
         <input_file_ref idref="fl-e7"/>
      </object_component>
      <object_component id="oc-ca">
         <name>.debug_info</name>
         <load_address>0x1e8f5</load_address>
         <run_address>0x1e8f5</run_address>
         <size>0x300</size>
         <input_file_ref idref="fl-e8"/>
      </object_component>
      <object_component id="oc-6c">
         <name>.debug_info</name>
         <load_address>0x1ebf5</load_address>
         <run_address>0x1ebf5</run_address>
         <size>0x167</size>
         <input_file_ref idref="fl-e8"/>
      </object_component>
      <object_component id="oc-173">
         <name>.debug_info</name>
         <load_address>0x1ed5c</load_address>
         <run_address>0x1ed5c</run_address>
         <size>0x5e</size>
         <input_file_ref idref="fl-e8"/>
      </object_component>
      <object_component id="oc-c2">
         <name>.debug_info</name>
         <load_address>0x1edba</load_address>
         <run_address>0x1edba</run_address>
         <size>0x483</size>
         <input_file_ref idref="fl-e9"/>
      </object_component>
      <object_component id="oc-65">
         <name>.debug_info</name>
         <load_address>0x1f23d</load_address>
         <run_address>0x1f23d</run_address>
         <size>0x190</size>
         <input_file_ref idref="fl-e9"/>
      </object_component>
      <object_component id="oc-10f">
         <name>.debug_info</name>
         <load_address>0x1f3cd</load_address>
         <run_address>0x1f3cd</run_address>
         <size>0x39</size>
         <input_file_ref idref="fl-e9"/>
      </object_component>
      <object_component id="oc-1ab">
         <name>.debug_info</name>
         <load_address>0x1f406</load_address>
         <run_address>0x1f406</run_address>
         <size>0x39</size>
         <input_file_ref idref="fl-e9"/>
      </object_component>
      <object_component id="oc-114">
         <name>.debug_info</name>
         <load_address>0x1f43f</load_address>
         <run_address>0x1f43f</run_address>
         <size>0xcd</size>
         <input_file_ref idref="fl-e9"/>
      </object_component>
      <object_component id="oc-10b">
         <name>.debug_info</name>
         <load_address>0x1f50c</load_address>
         <run_address>0x1f50c</run_address>
         <size>0x37a</size>
         <input_file_ref idref="fl-ea"/>
      </object_component>
      <object_component id="oc-b6">
         <name>.debug_info</name>
         <load_address>0x1f886</load_address>
         <run_address>0x1f886</run_address>
         <size>0x183</size>
         <input_file_ref idref="fl-ea"/>
      </object_component>
      <object_component id="oc-1a6">
         <name>.debug_info</name>
         <load_address>0x1fa09</load_address>
         <run_address>0x1fa09</run_address>
         <size>0x2c</size>
         <input_file_ref idref="fl-ea"/>
      </object_component>
      <object_component id="oc-2cd">
         <name>.debug_info</name>
         <load_address>0x1fa35</load_address>
         <run_address>0x1fa35</run_address>
         <size>0x39a</size>
         <input_file_ref idref="fl-eb"/>
      </object_component>
      <object_component id="oc-23f">
         <name>.debug_info</name>
         <load_address>0x1fdcf</load_address>
         <run_address>0x1fdcf</run_address>
         <size>0x298</size>
         <input_file_ref idref="fl-eb"/>
      </object_component>
      <object_component id="oc-31b">
         <name>.debug_info</name>
         <load_address>0x20067</load_address>
         <run_address>0x20067</run_address>
         <size>0x33c</size>
         <input_file_ref idref="fl-ec"/>
      </object_component>
      <object_component id="oc-2bc">
         <name>.debug_info</name>
         <load_address>0x203a3</load_address>
         <run_address>0x203a3</run_address>
         <size>0x25a</size>
         <input_file_ref idref="fl-ec"/>
      </object_component>
      <object_component id="oc-2f8">
         <name>.debug_info</name>
         <load_address>0x205fd</load_address>
         <run_address>0x205fd</run_address>
         <size>0x368</size>
         <input_file_ref idref="fl-ed"/>
      </object_component>
      <object_component id="oc-281">
         <name>.debug_info</name>
         <load_address>0x20965</load_address>
         <run_address>0x20965</run_address>
         <size>0x1b1</size>
         <input_file_ref idref="fl-ed"/>
      </object_component>
      <object_component id="oc-2fe">
         <name>.debug_info</name>
         <load_address>0x20b16</load_address>
         <run_address>0x20b16</run_address>
         <size>0x36d</size>
         <input_file_ref idref="fl-ee"/>
      </object_component>
      <object_component id="oc-295">
         <name>.debug_info</name>
         <load_address>0x20e83</load_address>
         <run_address>0x20e83</run_address>
         <size>0x205</size>
         <input_file_ref idref="fl-ee"/>
      </object_component>
      <object_component id="oc-2f4">
         <name>.debug_info</name>
         <load_address>0x21088</load_address>
         <run_address>0x21088</run_address>
         <size>0x3cb</size>
         <input_file_ref idref="fl-ef"/>
      </object_component>
      <object_component id="oc-27b">
         <name>.debug_info</name>
         <load_address>0x21453</load_address>
         <run_address>0x21453</run_address>
         <size>0x201</size>
         <input_file_ref idref="fl-ef"/>
      </object_component>
      <object_component id="oc-2fa">
         <name>.debug_info</name>
         <load_address>0x21654</load_address>
         <run_address>0x21654</run_address>
         <size>0x36c</size>
         <input_file_ref idref="fl-f0"/>
      </object_component>
      <object_component id="oc-287">
         <name>.debug_info</name>
         <load_address>0x219c0</load_address>
         <run_address>0x219c0</run_address>
         <size>0x1f0</size>
         <input_file_ref idref="fl-f0"/>
[...]
      </symbol>
      <symbol id="sm-57f">
         <name>__stack</name>
         <value>0x2000fe00</value>
         <object_component_ref idref="oc-2f"/>
      </symbol>
      <symbol id="sm-59d">
         <name>__TI_decompress_lzss</name>
         <value>0x4809</value>
         <object_component_ref idref="oc-14"/>
      </symbol>
      <symbol id="sm-5b4">
         <name>__TI_decompress_none</name>
         <value>0x4ef5</value>
         <object_component_ref idref="oc-1a"/>
      </symbol>
      <symbol id="sm-5c6">
         <name>__TI_zero_init</name>
         <value>0x4f11</value>
         <object_component_ref idref="oc-20"/>
      </symbol>
      <symbol id="sm-5e0">
         <name>__TI_tmpnams</name>
         <value>0x20003320</value>
      </symbol>
      <symbol id="sm-5e1">
         <name>__aeabi_stdout</name>
         <value>0x20003b58</value>
         <object_component_ref idref="oc-242"/>
      </symbol>
      <symbol id="sm-5e2">
         <name>__aeabi_stderr</name>
         <value>0x20003b5c</value>
         <object_component_ref idref="oc-242"/>
      </symbol>
      <symbol id="sm-5e3">
         <name>__aeabi_stdin</name>
         <value>0x20003b54</value>
         <object_component_ref idref="oc-242"/>
      </symbol>
      <symbol id="sm-5e4">
         <name>_ftable</name>
         <value>0x20003980</value>
         <object_component_ref idref="oc-1cb"/>
      </symbol>
      <symbol id="sm-5e5">
         <name>__TI_ft_end</name>
         <value>0x20003b50</value>
         <object_component_ref idref="oc-242"/>
      </symbol>
      <symbol id="sm-606">
         <name>C$$EXIT</name>
         <value>0x4bc9</value>
         <object_component_ref idref="oc-6e"/>
      </symbol>
      <symbol id="sm-607">
         <name>abort</name>
         <value>0x4bcd</value>
         <object_component_ref idref="oc-6e"/>
      </symbol>
      <symbol id="sm-608">
         <name>exit</name>
         <value>0x4bd5</value>
         <object_component_ref idref="oc-6e"/>
      </symbol>
      <symbol id="sm-609">
         <name>__TI_dtors_ptr</name>
         <value>0x20003b64</value>
         <object_component_ref idref="oc-cb"/>
      </symbol>
      <symbol id="sm-60a">
         <name>__TI_cleanup_ptr</name>
         <value>0x20003b60</value>
         <object_component_ref idref="oc-cb"/>
      </symbol>
      <symbol id="sm-60b">
         <name>__TI_enable_exit_profile_output</name>
         <value>0x20003b68</value>
         <object_component_ref idref="oc-cb"/>
      </symbol>
      <symbol id="sm-622">
         <name>__aeabi_dsub</name>
         <value>0x39c5</value>
         <object_component_ref idref="oc-1f5"/>
      </symbol>
      <symbol id="sm-623">
         <name>__aeabi_dadd</name>
         <value>0x39cf</value>
         <object_component_ref idref="oc-1f5"/>
      </symbol>
      <symbol id="sm-637">
         <name>__aeabi_ddiv</name>
         <value>0x3d2d</value>
         <object_component_ref idref="oc-1ff"/>
      </symbol>
      <symbol id="sm-641">
         <name>__aeabi_d2uiz</name>
         <value>0x4c69</value>
         <object_component_ref idref="oc-204"/>
      </symbol>
      <symbol id="sm-678">
         <name>__TI_cleanup</name>
         <value>0x38c9</value>
         <object_component_ref idref="oc-1bf"/>
      </symbol>
      <symbol id="sm-679">
         <name>freopen</name>
         <value>0x38f5</value>
         <object_component_ref idref="oc-1bf"/>
      </symbol>
      <symbol id="sm-67a">
         <name>fopen</name>
         <value>0x391f</value>
         <object_component_ref idref="oc-1bf"/>
      </symbol>
      <symbol id="sm-68f">
         <name>finddevice</name>
         <value>0x4799</value>
         <object_component_ref idref="oc-224"/>
      </symbol>
      <symbol id="sm-690">
         <name>getdevice</name>
         <value>0x47c3</value>
         <object_component_ref idref="oc-224"/>
      </symbol>
      <symbol id="sm-69a">
         <name>__aeabi_i2d</name>
         <value>0x4dab</value>
         <object_component_ref idref="oc-1fa"/>
      </symbol>
      <symbol id="sm-6b5">
         <name>memcpy</name>
         <value>0x4579</value>
         <object_component_ref idref="oc-3e"/>
      </symbol>
      <symbol id="sm-6b6">
         <name>__aeabi_memcpy</name>
         <value>0x4579</value>
         <object_component_ref idref="oc-3e"/>
      </symbol>
      <symbol id="sm-6b7">
         <name>__aeabi_memcpy8</name>
         <value>0x4579</value>
         <object_component_ref idref="oc-3e"/>
      </symbol>
      <symbol id="sm-6b8">
         <name>__aeabi_memcpy4</name>
         <value>0x4579</value>
         <object_component_ref idref="oc-3e"/>
      </symbol>
      <symbol id="sm-6c7">
         <name>__aeabi_memset</name>
         <value>0x46af</value>
         <object_component_ref idref="oc-4a"/>
      </symbol>
      <symbol id="sm-6c8">
         <name>memset</name>
         <value>0x46b5</value>
         <object_component_ref idref="oc-4a"/>
      </symbol>
      <symbol id="sm-6c9">
         <name>__aeabi_memset8</name>
         <value>0x46af</value>
         <object_component_ref idref="oc-4a"/>
      </symbol>
      <symbol id="sm-6ca">
         <name>__aeabi_memset4</name>
         <value>0x46af</value>
         <object_component_ref idref="oc-4a"/>
      </symbol>
      <symbol id="sm-6cb">
         <name>__aeabi_memclr8</name>
         <value>0x46ad</value>
         <object_component_ref idref="oc-4a"/>
      </symbol>
      <symbol id="sm-6cc">
         <name>__aeabi_memclr4</name>
         <value>0x46ad</value>
         <object_component_ref idref="oc-4a"/>
      </symbol>
      <symbol id="sm-6cd">
         <name>__aeabi_memclr</name>
         <value>0x46ad</value>
         <object_component_ref idref="oc-4a"/>
      </symbol>
      <symbol id="sm-6d7">
         <name>__mpu_init</name>
         <value>0x2357</value>
         <object_component_ref idref="oc-56"/>
      </symbol>
      <symbol id="sm-6f9">
         <name>open</name>
         <value>0x435d</value>
         <object_component_ref idref="oc-236"/>
      </symbol>
      <symbol id="sm-703">
         <name>_system_pre_init</name>
         <value>0x4f1d</value>
         <object_component_ref idref="oc-5c"/>
      </symbol>
      <symbol id="sm-724">
         <name>setvbuf</name>
         <value>0x41b9</value>
         <object_component_ref idref="oc-1c5"/>
      </symbol>
      <symbol id="sm-72c">
         <name>main_func_sp</name>
         <value>0x20003ba0</value>
         <object_component_ref idref="oc-74"/>
      </symbol>
      <symbol id="sm-73c">
         <name>strchr</name>
         <value>0x4ea1</value>
         <object_component_ref idref="oc-270"/>
      </symbol>
      <symbol id="sm-74b">
         <name>strcmp</name>
         <value>0x4e89</value>
         <object_component_ref idref="oc-26a"/>
      </symbol>
      <symbol id="sm-75b">
         <name>strncpy</name>
         <value>0x4d75</value>
         <object_component_ref idref="oc-22a"/>
      </symbol>
      <symbol id="sm-765">
         <name>__aeabi_ui2d</name>
         <value>0x4e51</value>
         <object_component_ref idref="oc-1f0"/>
      </symbol>
      <symbol id="sm-781">
         <name>_stream</name>
         <value>0x20003ae8</value>
         <object_component_ref idref="oc-2b4"/>
      </symbol>
      <symbol id="sm-782">
         <name>_device</name>
         <value>0x20003a70</value>
         <object_component_ref idref="oc-231"/>
      </symbol>
      <symbol id="sm-783">
         <name>write</name>
         <value>0x4e05</value>
         <object_component_ref idref="oc-314"/>
      </symbol>
      <symbol id="sm-79c">
         <name>_nop</name>
         <value>0x4ec7</value>
         <object_component_ref idref="oc-17a"/>
      </symbol>
      <symbol id="sm-79d">
         <name>_lock</name>
         <value>0x20003b84</value>
         <object_component_ref idref="oc-ce"/>
      </symbol>
      <symbol id="sm-79e">
         <name>_unlock</name>
         <value>0x20003b88</value>
         <object_component_ref idref="oc-ce"/>
      </symbol>
      <symbol id="sm-79f">
         <name>_register_lock</name>
         <value>0x4ebf</value>
         <object_component_ref idref="oc-17a"/>
      </symbol>
      <symbol id="sm-7a0">
         <name>_register_unlock</name>
         <value>0x4eb9</value>
         <object_component_ref idref="oc-17a"/>
      </symbol>
      <symbol id="sm-7b4">
         <name>_args_main</name>
         <value>0x4e71</value>
         <object_component_ref idref="oc-68"/>
      </symbol>
      <symbol id="sm-7de">
         <name>__TI_auto_init</name>
         <value>0x4729</value>
         <object_component_ref idref="oc-62"/>
      </symbol>
      <symbol id="sm-7f8">
         <name>copy_in</name>
         <value>0x4c1d</value>
         <object_component_ref idref="oc-b5"/>
      </symbol>
      <symbol id="sm-80e">
         <name>__TI_closefile</name>
         <value>0x4615</value>
         <object_component_ref idref="oc-23c"/>
      </symbol>
      <symbol id="sm-80f">
         <name>fclose</name>
         <value>0x467b</value>
         <object_component_ref idref="oc-23c"/>
      </symbol>
      <symbol id="sm-829">
         <name>__TI_doflush</name>
         <value>0x4295</value>
         <object_component_ref idref="oc-2b9"/>
      </symbol>
      <symbol id="sm-82a">
         <name>fflush</name>
         <value>0x42e1</value>
         <object_component_ref idref="oc-2b9"/>
      </symbol>
      <symbol id="sm-83b">
         <name>HOSTclose</name>
         <value>0x4cad</value>
         <object_component_ref idref="oc-280"/>
      </symbol>
      <symbol id="sm-84c">
         <name>HOSTlseek</name>
         <value>0x4871</value>
         <object_component_ref idref="oc-292"/>
      </symbol>
      <symbol id="sm-85e">
         <name>parmbuf</name>
         <value>0x20003514</value>
      </symbol>
      <symbol id="sm-85f">
         <name>HOSTopen</name>
         <value>0x4a09</value>
         <object_component_ref idref="oc-27a"/>
      </symbol>
      <symbol id="sm-870">
         <name>HOSTread</name>
         <value>0x4ac5</value>
         <object_component_ref idref="oc-286"/>
      </symbol>
      <symbol id="sm-881">
         <name>HOSTrename</name>
         <value>0x48d9</value>
         <object_component_ref idref="oc-29e"/>
      </symbol>
      <symbol id="sm-892">
         <name>HOSTunlink</name>
         <value>0x4cf1</value>
         <object_component_ref idref="oc-298"/>
      </symbol>
      <symbol id="sm-8a3">
         <name>HOSTwrite</name>
         <value>0x4b1d</value>
         <object_component_ref idref="oc-28c"/>
      </symbol>
      <symbol id="sm-915">
         <name>_sys_memory</name>
         <value>0x20003580</value>
         <object_component_ref idref="oc-30"/>
      </symbol>
      <symbol id="sm-916">
         <name>free</name>
         <value>0x2443</value>
         <object_component_ref idref="oc-248"/>
      </symbol>
      <symbol id="sm-917">
         <name>realloc</name>
         <value>0x2503</value>
         <object_component_ref idref="oc-248"/>
      </symbol>
      <symbol id="sm-918">
         <name>memalign</name>
         <value>0x260d</value>
         <object_component_ref idref="oc-248"/>
      </symbol>
      <symbol id="sm-919">
         <name>calloc</name>
         <value>0x26f9</value>
         <object_component_ref idref="oc-248"/>
      </symbol>
      <symbol id="sm-91a">
         <name>malloc</name>
         <value>0x23d9</value>
         <object_component_ref idref="oc-248"/>
      </symbol>
      <symbol id="sm-91b">
         <name>minit</name>
         <value>0x2359</value>
         <object_component_ref idref="oc-248"/>
      </symbol>
      <symbol id="sm-926">
         <name>_system_post_cinit</name>
         <value>0x3b7b</value>
         <object_component_ref idref="oc-bb"/>
      </symbol>
      <symbol id="sm-934">
         <name>strcpy</name>
         <value>0x4ecd</value>
         <object_component_ref idref="oc-301"/>
      </symbol>
      <symbol id="sm-942">
         <name>strlen</name>
         <value>0x4ee1</value>
         <object_component_ref idref="oc-2e7"/>
      </symbol>
      <symbol id="sm-95d">
         <name>__TI_readmsg</name>
         <value>0x4973</value>
         <object_component_ref idref="oc-2ed"/>
      </symbol>
      <symbol id="sm-95e">
         <name>C$$IO$$</name>
         <value>0x496f</value>
         <object_component_ref idref="oc-2ed"/>
      </symbol>
      <symbol id="sm-95f">
         <name>__CIOBUF_</name>
         <value>0x20003200</value>
         <object_component_ref idref="oc-32a"/>
      </symbol>
      <symbol id="sm-960">
         <name>__TI_writemsg</name>
         <value>0x4941</value>
         <object_component_ref idref="oc-2ed"/>
      </symbol>
      <symbol id="sm-970">
         <name>unlink</name>
         <value>0x4dd9</value>
         <object_component_ref idref="oc-2c5"/>
      </symbol>
      <symbol id="sm-984">
         <name>close</name>
         <value>0x4a69</value>
         <object_component_ref idref="oc-2bf"/>
      </symbol>
      <symbol id="sm-985">
         <name>__TI_static_base__</name>
         <value>0x0</value>
      </symbol>
      <symbol id="sm-988">
         <name>SHT$$INIT_ARRAY$$Limit</name>
         <value>0x0</value>
      </symbol>
      <symbol id="sm-989">
         <name>SHT$$INIT_ARRAY$$Base</name>
         <value>0x0</value>
      </symbol>
      <symbol id="sm-98a">
         <name>NMI_Handler</name>
         <value>0x4f0f</value>
      </symbol>
      <symbol id="sm-98b">
         <name>HardFault_Handler</name>
         <value>0x4f0f</value>
      </symbol>
      <symbol id="sm-98c">
         <name>MemManage_Handler</name>
         <value>0x4f0f</value>
      </symbol>
      <symbol id="sm-98d">
         <name>BusFault_Handler</name>
         <value>0x4f0f</value>
      </symbol>
      <symbol id="sm-98e">
         <name>UsageFault_Handler</name>
         <value>0x4f0f</value>
      </symbol>
      <symbol id="sm-98f">
         <name>SVC_Handler</name>
         <value>0x4f0f</value>
      </symbol>
      <symbol id="sm-990">
         <name>DebugMon_Handler</name>
         <value>0x4f0f</value>
      </symbol>
      <symbol id="sm-991">
         <name>PendSV_Handler</name>
         <value>0x4f0f</value>
      </symbol>
      <symbol id="sm-992">
         <name>SysTick_Handler</name>
         <value>0x4f0f</value>
      </symbol>
      <symbol id="sm-993">
         <name>PSS_IRQHandler</name>
         <value>0x4f0f</value>
      </symbol>
      <symbol id="sm-994">
         <name>CS_IRQHandler</name>
         <value>0x4f0f</value>
      </symbol>
      <symbol id="sm-995">
         <name>PCM_IRQHandler</name>
         <value>0x4f0f</value>
      </symbol>
      <symbol id="sm-996">
         <name>WDT_A_IRQHandler</name>
         <value>0x4f0f</value>
      </symbol>
      <symbol id="sm-997">
         <name>FPU_IRQHandler</name>
         <value>0x4f0f</value>
      </symbol>
      <symbol id="sm-998">
         <name>FLCTL_IRQHandler</name>
         <value>0x4f0f</value>
      </symbol>
      <symbol id="sm-999">
         <name>COMP_E0_IRQHandler</name>
         <value>0x4f0f</value>
      </symbol>
      <symbol id="sm-99a">
         <name>COMP_E1_IRQHandler</name>
         <value>0x4f0f</value>
      </symbol>
      <symbol id="sm-99b">
         <name>TA0_0_IRQHandler</name>
         <value>0x4f0f</value>
      </symbol>
      <symbol id="sm-99c">
         <name>TA0_N_IRQHandler</name>
         <value>0x4f0f</value>
      </symbol>
      <symbol id="sm-99d">
         <name>TA1_0_IRQHandler</name>
         <value>0x4543</value>
      </symbol>
      <symbol id="sm-99e">
         <name>TA1_N_IRQHandler</name>
         <value>0x4f0f</value>
      </symbol>
      <symbol id="sm-99f">
         <name>TA2_0_IRQHandler</name>
         <value>0x4f0f</value>
      </symbol>
      <symbol id="sm-9a0">
         <name>TA2_N_IRQHandler</name>
         <value>0x4f0f</value>
      </symbol>
      <symbol id="sm-9a1">
         <name>TA3_0_IRQHandler</name>
         <value>0x4049</value>
      </symbol>
      <symbol id="sm-9a2">
         <name>TA3_N_IRQHandler</name>
         <value>0x4063</value>
      </symbol>
      <symbol id="sm-9a3">
         <name>EUSCIA0_IRQHandler</name>
         <value>0x1e2f</value>
      </symbol>
      <symbol id="sm-9a4">
         <name>EUSCIA1_IRQHandler</name>
         <value>0x4f0f</value>
      </symbol>
      <symbol id="sm-9a5">
         <name>EUSCIA2_IRQHandler</name>
         <value>0x4f0f</value>
      </symbol>
      <symbol id="sm-9a6">
         <name>EUSCIA3_IRQHandler</name>
         <value>0x4f0f</value>
      </symbol>
      <symbol id="sm-9a7">
         <name>EUSCIB0_IRQHandler</name>
         <value>0x4f0f</value>
      </symbol>
      <symbol id="sm-9a8">
         <name>EUSCIB1_IRQHandler</name>
         <value>0x4f0f</value>
      </symbol>
      <symbol id="sm-9a9">
         <name>EUSCIB2_IRQHandler</name>
         <value>0x4f0f</value>
      </symbol>
      <symbol id="sm-9aa">
         <name>EUSCIB3_IRQHandler</name>
         <value>0x4f0f</value>
      </symbol>
      <symbol id="sm-9ab">
         <name>ADC14_IRQHandler</name>
         <value>0x4f0f</value>
      </symbol>
      <symbol id="sm-9ac">
         <name>T32_INT1_IRQHandler</name>
         <value>0x4f0f</value>
      </symbol>
      <symbol id="sm-9ad">
         <name>T32_INT2_IRQHandler</name>
         <value>0x4f0f</value>
      </symbol>
      <symbol id="sm-9ae">
         <name>T32_INTC_IRQHandler</name>
         <value>0x4f0f</value>
      </symbol>
      <symbol id="sm-9af">
         <name>AES256_IRQHandler</name>
         <value>0x4f0f</value>
      </symbol>
      <symbol id="sm-9b0">
         <name>RTC_C_IRQHandler</name>
         <value>0x4f0f</value>
      </symbol>
      <symbol id="sm-9b1">
         <name>DMA_ERR_IRQHandler</name>
         <value>0x4f0f</value>
      </symbol>
      <symbol id="sm-9b2">
         <name>DMA_INT3_IRQHandler</name>
         <value>0x4f0f</value>
      </symbol>
      <symbol id="sm-9b3">
         <name>DMA_INT2_IRQHandler</name>
         <value>0x4f0f</value>
      </symbol>
      <symbol id="sm-9b4">
         <name>DMA_INT1_IRQHandler</name>
         <value>0x4f0f</value>
      </symbol>
      <symbol id="sm-9b5">
         <name>DMA_INT0_IRQHandler</name>
         <value>0x4f0f</value>
      </symbol>
      <symbol id="sm-9b6">
         <name>PORT1_IRQHandler</name>
         <value>0x4f0f</value>
      </symbol>
      <symbol id="sm-9b7">
         <name>PORT2_IRQHandler</name>
         <value>0x4f0f</value>
      </symbol>
      <symbol id="sm-9b8">
         <name>PORT3_IRQHandler</name>
         <value>0x4f0f</value>
      </symbol>
      <symbol id="sm-9b9">
         <name>PORT4_IRQHandler</name>
         <value>0x3f5b</value>
      </symbol>
      <symbol id="sm-9ba">
         <name>PORT5_IRQHandler</name>
         <value>0x4f0f</value>
      </symbol>
      <symbol id="sm-9bb">
         <name>PORT6_IRQHandler</name>
         <value>0x4f0f</value>
      </symbol>
      <symbol id="sm-9bc">
         <name>remove</name>
         <value>0x4dd9</value>
      </symbol>
   </symbol_table>
   <title>Link successful</title>
</link_info>
