******************************************************************************
                  TI ARM Linker PC v16.9.6                     
******************************************************************************
>> Linked Wed Oct 28 14:44:30 2020

OUTPUT FILE NAME:   <Lab5_UARTComms.out>
ENTRY POINT SYMBOL: "_c_int00"  address: 00004b75


MEMORY CONFIGURATION

         name            origin    length      used     unused   attr    fill
----------------------  --------  ---------  --------  --------  ----  --------
  MAIN                  00000000   00040000  00004fe8  0003b018  R  X
  INFO                  00200000   00004000  00000000  00004000  R  X
  SRAM_CODE             01000000   00010000  00003da8  0000c258  RW X
  SRAM_DATA             20000000   00010000  00003da8  0000c258  RW  


SEGMENT ALLOCATION MAP

run origin  load origin   length   init length attrs members
----------  ----------- ---------- ----------- ----- -------
00000000    00000000    00004fe8   00004fe8    r-x
  00000000    00000000    000000e4   000000e4    r-- .intvecs
  000000e4    000000e4    00004e3c   00004e3c    r-x .text
  00004f20    00004f20    00000020   00000020    r-- .const
  00004f40    00004f40    000000a8   000000a8    r-- .cinit
20000000    20000000    00003ba8   00000000    rw-
  20000000    20000000    00003580   00000000    rw- .bss
  20003580    20003580    00000400   00000000    rw- .sysmem
  20003980    20003980    00000228   00000000    rw- .data
2000fe00    2000fe00    00000200   00000000    rw-
  2000fe00    2000fe00    00000200   00000000    rw- .stack


SECTION ALLOCATION MAP

 output                                  attributes/
section   page    origin      length       input sections
--------  ----  ----------  ----------   ----------------
.intvecs   0    00000000    000000e4     
                  00000000    000000e4     startup_msp432p401r_ccs.obj (.intvecs:retain)

.binit     0    00000000    00000000     

.text      0    000000e4    00004e3c     
                  000000e4    000015fc     Lab5_UARTmain.obj (.text)
                  000016e0    000006bc     UART0.obj (.text)
                  00001d9c    000005ba     EUSCIA0.obj (.text)
                  00002356    00000002     rtsv7M4_T_le_v4SPD16_eabi.lib : mpu_init.obj (.text)
                  00002358    000003d0                                   : memory.obj (.text)
                  00002728    0000032c     system_msp432p401r.obj (.text)
                  00002a54    00000308     LPF.obj (.text)
                  00002d5c    00000260     ADC14.obj (.text)
                  00002fbc    0000022c     Reflectance.obj (.text)
                  000031e8    00000228     PWM.obj (.text)
                  00003410    00000210     FIFO0.obj (.text)
                  00003620    000001e0     Clock.obj (.text)
                  00003800    000001c4     rtsv7M4_T_le_v4SPD16_eabi.lib : fopen.obj (.text)
                  000039c4    000001b6                                   : fd_add_t2.obj (.text)
                  00003b7a    00000002                                   : startup.obj (.text)
                  00003b7c    000001b0     Motor.obj (.text)
                  00003d2c    00000136     rtsv7M4_T_le_v4SPD16_eabi.lib : fd_div_t2.obj (.text)
                  00003e62    00000002     --HOLE-- [fill = 0]
                  00003e64    00000134     BumpInt.obj (.text)
                  00003f98    0000012c     TA3InputCapture.obj (.text)
                  000040c4    000000f4     LaunchPad.obj (.text)
                  000041b8    000000dc     rtsv7M4_T_le_v4SPD16_eabi.lib : setvbuf.obj (.text)
                  00004294    000000c8                                   : fflush.obj (.text)
                  0000435c    000000bc                                   : open.obj (.text)
                  00004418    000000b8                                   : add_device.obj (.text)
                  000044d0    000000a8     TimerA1.obj (.text)
                  00004578    0000009c     rtsv7M4_T_le_v4SPD16_eabi.lib : memcpy_t2.obj (.text)
                  00004614    00000098                                   : fclose.obj (.text)
                  000046ac    0000007a                                   : memset_t2.obj (.text)
                  00004726    00000002     --HOLE-- [fill = 0]
                  00004728    00000070                                   : autoinit.obj (.text)
                  00004798    00000070                                   : getdevice.obj (.text)
                  00004808    00000068                                   : copy_decompress_lzss.obj (.text:decompress:lzss)
                  00004870    00000068                                   : hostlseek.obj (.text)
                  000048d8    00000068                                   : hostrename.obj (.text)
                  00004940    00000068                                   : trgmsg.obj (.text)
                  000049a8    00000060     IRDistance.obj (.text)
                  00004a08    00000060     rtsv7M4_T_le_v4SPD16_eabi.lib : hostopen.obj (.text)
                  00004a68    0000005c                                   : close.obj (.text)
                  00004ac4    00000058                                   : hostread.obj (.text)
                  00004b1c    00000058                                   : hostwrite.obj (.text)
                  00004b74    00000054                                   : boot.obj (.text)
                  00004bc8    00000054                                   : exit.obj (.text)
                  00004c1c    0000004c                                   : cpy_tbl.obj (.text)
                  00004c68    00000044                                   : fd_tou_t2.obj (.text)
                  00004cac    00000044                                   : hostclose.obj (.text)
                  00004cf0    00000044                                   : hostunlink.obj (.text)
                  00004d34    00000040     SysTickInts.obj (.text)
                  00004d74    00000036     rtsv7M4_T_le_v4SPD16_eabi.lib : strncpy.obj (.text)
                  00004daa    0000002e                                   : i_tofd_t2.obj (.text)
                  00004dd8    0000002c                                   : unlink.obj (.text)
                  00004e04    00000028                                   : write.obj (.text)
                  00004e2c    00000024     CortexM.obj (.text)
                  00004e50    00000020     rtsv7M4_T_le_v4SPD16_eabi.lib : u_tofd_t2.obj (.text)
                  00004e70    00000018                                   : args_main.obj (.text)
                  00004e88    00000018                                   : strcmp.obj (.text)
                  00004ea0    00000016                                   : strchr.obj (.text)
                  00004eb6    00000002     --HOLE-- [fill = 0]
                  00004eb8    00000014                                   : _lock.obj (.text)
                  00004ecc    00000014                                   : strcpy.obj (.text)
                  00004ee0    00000014                                   : strlen.obj (.text)
                  00004ef4    0000000e                                   : copy_decompress_none.obj (.text:decompress:none)
                  00004f02    0000000e     startup_msp432p401r_ccs.obj (.text)
                  00004f10    0000000c     rtsv7M4_T_le_v4SPD16_eabi.lib : copy_zero_init.obj (.text:decompress:ZI)
                  00004f1c    00000004                                   : pre_init.obj (.text)

.const     0    00004f20    00000020     
                  00004f20    00000020     Reflectance.obj (.const:$P$T0$1)

.cinit     0    00004f40    000000a8     
                  00004f40    0000007f     (.cinit..data.load) [load image, compression = lzss]
                  00004fbf    00000001     --HOLE-- [fill = 0]
                  00004fc0    0000000c     (__TI_handler_table)
                  00004fcc    00000004     --HOLE-- [fill = 0]
                  00004fd0    00000008     (.cinit..bss.load) [load image, compression = zero_init]
                  00004fd8    00000010     (__TI_cinit_table)

.init_array 
*          0    00000000    00000000     UNINITIALIZED

.bss       0    20000000    00003580     UNINITIALIZED
                  20000000    00001000     (.common:x)
                  20001000    00001000     (.common:x2)
                  20002000    00001000     (.common:x3)
                  20003000    00000200     (.common:TxHistogram)
                  20003200    00000120     rtsv7M4_T_le_v4SPD16_eabi.lib : trgmsg.obj (.bss:_CIOBUF_)
                  20003320    000000a0     (.common:__TI_tmpnams)
                  200033c0    00000082     (.common:RxFifo0)
                  20003442    00000082     (.common:TxFifo0)
                  200034c4    00000040     (.common:String)
                  20003504    00000008     (.common:Messageb)
                  2000350c    00000008     (.common:Messagec)
                  20003514    00000008     (.common:parmbuf)
                  2000351c    00000004     (.common:Done0)
                  20003520    00000004     (.common:Done2)
                  20003524    00000004     (.common:Elapsed)
                  20003528    00000004     (.common:First)
                  2000352c    00000004     (.common:I1)
                  20003530    00000004     (.common:LPFSum)
                  20003534    00000004     (.common:LPFSum2)
                  20003538    00000004     (.common:LPFSum3)
                  2000353c    00000004     (.common:MaxTime)
                  20003540    00000004     (.common:Messageindexb)
                  20003544    00000004     (.common:Messageindexc)
                  20003548    00000004     (.common:NumErrors)
                  2000354c    00000004     (.common:NumSuccess)
                  20003550    00000004     (.common:Port4Task)
                  20003554    00000004     (.common:Pt)
                  20003558    00000004     (.common:Pt2)
                  2000355c    00000004     (.common:Pt3)
                  20003560    00000004     (.common:Size)
                  20003564    00000004     (.common:TimerA1Task)
                  20003568    00000004     (.common:nc)
                  2000356c    00000004     (.common:nl)
                  20003570    00000004     (.common:nr)
                  20003574    00000002     (.common:First0)
                  20003576    00000002     (.common:First2)
                  20003578    00000002     (.common:Period0)
                  2000357a    00000002     (.common:Period2)
                  2000357c    00000001     (.common:CollisionData)
                  2000357d    00000001     (.common:CollisionFlag)
                  2000357e    00000001     (.common:ReadData)
                  2000357f    00000001     (.common:WriteData)

.sysmem    0    20003580    00000400     UNINITIALIZED
                  20003580    00000008     rtsv7M4_T_le_v4SPD16_eabi.lib : memory.obj (.sysmem)
                  20003588    000003f8     --HOLE--

.data      0    20003980    00000228     UNINITIALIZED
                  20003980    000000f0     rtsv7M4_T_le_v4SPD16_eabi.lib : defs.obj (.data:_ftable)
                  20003a70    00000078                                   : write.obj (.data:_device)
                  20003ae8    00000050                                   : write.obj (.data:_stream)
                  20003b38    00000018     Clock.obj (.data)
                  20003b50    00000010     rtsv7M4_T_le_v4SPD16_eabi.lib : defs.obj (.data)
                  20003b60    0000000c                                   : exit.obj (.data:$O1$$)
                  20003b6c    0000000c                                   : memory.obj (.data:$O1$$)
                  20003b78    0000000c     Lab5_UARTmain.obj (.data)
                  20003b84    00000008     rtsv7M4_T_le_v4SPD16_eabi.lib : _lock.obj (.data:$O1$$)
                  20003b8c    00000008     TA3InputCapture.obj (.data)
                  20003b94    00000004     rtsv7M4_T_le_v4SPD16_eabi.lib : add_device.obj (.data)
                  20003b98    00000004                                   : fopen.obj (.data)
                  20003b9c    00000004                                   : open.obj (.data)
                  20003ba0    00000004                                   : stkdepth_vars.obj (.data)
                  20003ba4    00000004     system_msp432p401r.obj (.data)

.stack     0    2000fe00    00000200     UNINITIALIZED
                  2000fe00    00000200     --HOLE--

MODULE SUMMARY

       Module                        code    ro data   rw data
       ------                        ----    -------   -------
    .\
       LPF.obj                       776     0         24640  
       Lab5_UARTmain.obj             5628    0         256    
       FIFO0.obj                     528     0         1544   
       UART0.obj                     1724    0         24     
       EUSCIA0.obj                   1466    0         24     
       system_msp432p401r.obj        812     0         8      
       ADC14.obj                     608     0         0      
       Reflectance.obj               556     32        0      
       PWM.obj                       552     0         0      
       Clock.obj                     480     0         48     
       Motor.obj                     432     0         0      
       BumpInt.obj                   308     0         8      
       TA3InputCapture.obj           300     0         16     
       LaunchPad.obj                 244     0         0      
       startup_msp432p401r_ccs.obj   14      228       0      
       TimerA1.obj                   168     0         8      
       IRDistance.obj                96      0         0      
       SysTickInts.obj               64      0         0      
       CortexM.obj                   36      0         0      
    +--+-----------------------------+-------+---------+---------+
       Total:                        14792   260       26576  
                                                              
    C:\ti\ccsv7\tools\compiler\ti-cgt-arm_16.9.6.LTS\lib\rtsv7M4_T_le_v4SPD16_eabi.lib
       memory.obj                    976     0         24     
       defs.obj                      0       0         832    
       trgmsg.obj                    104     0         576    
       fopen.obj                     452     0         8      
       write.obj                     40      0         400    
       fd_add_t2.obj                 438     0         0      
       fd_div_t2.obj                 310     0         0      
       setvbuf.obj                   220     0         0      
       fflush.obj                    200     0         0      
       open.obj                      188     0         8      
       add_device.obj                184     0         8      
       memcpy_t2.obj                 156     0         0      
       fclose.obj                    152     0         0      
       memset_t2.obj                 122     0         0      
       autoinit.obj                  112     0         0      
       getdevice.obj                 112     0         0      
       hostopen.obj                  96      0         16     
       exit.obj                      84      0         24     
       copy_decompress_lzss.obj      104     0         0      
       hostlseek.obj                 104     0         0      
       hostrename.obj                104     0         0      
       close.obj                     92      0         0      
       hostread.obj                  88      0         0      
       hostwrite.obj                 88      0         0      
       boot.obj                      84      0         0      
       cpy_tbl.obj                   76      0         0      
       fd_tou_t2.obj                 68      0         0      
       hostclose.obj                 68      0         0      
       hostunlink.obj                68      0         0      
       strncpy.obj                   54      0         0      
       i_tofd_t2.obj                 46      0         0      
       unlink.obj                    44      0         0      
       _lock.obj                     20      0         16     
       u_tofd_t2.obj                 32      0         0      
       args_main.obj                 24      0         0      
       strcmp.obj                    24      0         0      
       strchr.obj                    22      0         0      
       strcpy.obj                    20      0         0      
       strlen.obj                    20      0         0      
       copy_decompress_none.obj      14      0         0      
       copy_zero_init.obj            12      0         0      
       stkdepth_vars.obj             0       0         8      
       pre_init.obj                  4       0         0      
       mpu_init.obj                  2       0         0      
       startup.obj                   2       0         0      
    +--+-----------------------------+-------+---------+---------+
       Total:                        5230    0         1920   
                                                              
       Heap:                         0       0         2048   
       Stack:                        0       0         1024   
       Linker Generated:             0       163       0      
    +--+-----------------------------+-------+---------+---------+
       Grand Total:                  20022   423       31568  


LINKER GENERATED COPY TABLES

__TI_cinit_table @ 00004fd8 records: 2, size/record: 8, table size: 16
	.data: load addr=00004f40, load size=0000007f bytes, run addr=20003980, run size=00000228 bytes, compression=lzss
	.bss: load addr=00004fd0, load size=00000008 bytes, run addr=20000000, run size=00003580 bytes, compression=zero_init


LINKER GENERATED HANDLER TABLE

__TI_handler_table @ 00004fc0 records: 3, size/record: 4, table size: 12
	index: 0, handler: __TI_decompress_lzss
	index: 1, handler: __TI_decompress_none
	index: 2, handler: __TI_zero_init


GLOBAL SYMBOLS: SORTED ALPHABETICALLY BY Name 

address   name                           
-------   ----                           
00002e59  ADC0_InitSWTriggerCh12         
00002ec9  ADC0_InitSWTriggerCh17_12_16   
00002d5d  ADC0_InitSWTriggerCh6          
00002dcd  ADC0_InitSWTriggerCh67         
00004f0f  ADC14_IRQHandler               
00002ea9  ADC_In12                       
00002f39  ADC_In17_12_16                 
00002dad  ADC_In6                        
00002e23  ADC_In67                       
20003b78  ADCflag                        
00004f0f  AES256_IRQHandler              
00000451  BumpCollision                  
00003e65  BumpInt_Init                   
00003edb  Bump_Read                      
00004f0f  BusFault_Handler               
00004bc9  C$$EXIT                        
0000496f  C$$IO$$                        
00004f0f  COMP_E0_IRQHandler             
00004f0f  COMP_E1_IRQHandler             
20003b40  CPMwait                        
00004f0f  CS_IRQHandler                  
20003b8c  CaptureTask0                   
20003b90  CaptureTask2                   
000049c7  CenterConvert                  
20003b38  ClockFrequency                 
00003775  Clock_Delay1ms                 
0000374b  Clock_Delay1us                 
00003737  Clock_GetFreq                  
00003621  Clock_Init48MHz                
2000357c  CollisionData                  
2000357d  CollisionFlag                  
20003b4c  Crystalstable                  
00004f0f  DMA_ERR_IRQHandler             
00004f0f  DMA_INT0_IRQHandler            
00004f0f  DMA_INT1_IRQHandler            
00004f0f  DMA_INT2_IRQHandler            
00004f0f  DMA_INT3_IRQHandler            
00004f0f  DebugMon_Handler               
00004f0f  Default_Handler                
00004e2d  DisableInterrupts              
2000351c  Done0                          
20003520  Done2                          
00001e2f  EUSCIA0_IRQHandler             
00001e2f  EUSCIA0_IRQHandler             
00001e03  EUSCIA0_InChar                 
000022cd  EUSCIA0_InString               
00001e83  EUSCIA0_InUDec                 
00002181  EUSCIA0_InUHex                 
00001d9d  EUSCIA0_Init                   
00001e15  EUSCIA0_OutChar                
00001e65  EUSCIA0_OutString              
00001f07  EUSCIA0_OutUDec                
00002099  EUSCIA0_OutUDec4               
000020d1  EUSCIA0_OutUDec5               
0000210d  EUSCIA0_OutUFix1               
00002135  EUSCIA0_OutUFix2               
00002249  EUSCIA0_OutUHex                
000022af  EUSCIA0_OutUHex2               
0000228d  EUSCIA0outnibble               
00004f0f  EUSCIA1_IRQHandler             
00004f0f  EUSCIA2_IRQHandler             
00004f0f  EUSCIA3_IRQHandler             
00004f0f  EUSCIB0_IRQHandler             
00004f0f  EUSCIB1_IRQHandler             
00004f0f  EUSCIB2_IRQHandler             
00004f0f  EUSCIB3_IRQHandler             
20003524  Elapsed                        
00004e33  EnableInterrupts               
00004e43  EndCritical                    
00004f0f  FLCTL_IRQHandler               
00004f0f  FPU_IRQHandler                 
20003528  First                          
20003574  First0                         
20003576  First2                         
00004cad  HOSTclose                      
00004871  HOSTlseek                      
00004a09  HOSTopen                       
00004ac5  HOSTread                       
000048d9  HOSTrename                     
00004cf1  HOSTunlink                     
00004b1d  HOSTwrite                      
00004f0f  HardFault_Handler              
2000352c  I1                             
20003b48  IFlags                         
000004d5  IRSensor_Init                  
20003530  LPFSum                         
20003534  LPFSum2                        
20003538  LPFSum3                        
00002b69  LPF_Calc                       
00002c11  LPF_Calc2                      
00002cd5  LPF_Calc3                      
00002aa9  LPF_Calc_old                   
00002b0b  LPF_Init                       
00002bbd  LPF_Init2                      
00002c73  LPF_Init3                      
00002a55  LPF_Init_old                   
000040c5  LaunchPad_Init                 
00004135  LaunchPad_Input                
0000414f  LaunchPad_LED                  
0000416d  LaunchPad_Output               
000049a9  LeftConvert                    
2000353c  MaxTime                        
00004f0f  MemManage_Handler              
20003504  Messageb                       
2000350c  Messagec                       
20003540  Messageindexb                  
20003544  Messageindexc                  
00003ccd  Motor_Backward                 
00003c29  Motor_Forward                  
00003b7d  Motor_Init                     
00003c93  Motor_Left                     
00003c59  Motor_Right                    
00003c05  Motor_Stop                     
00004f0f  NMI_Handler                    
20003548  NumErrors                      
2000354c  NumSuccess                     
00004f0f  PCM_IRQHandler                 
00004f0f  PORT1_IRQHandler               
00004f0f  PORT2_IRQHandler               
00004f0f  PORT3_IRQHandler               
00003f5b  PORT4_IRQHandler               
00003f5b  PORT4_IRQHandler               
00004f0f  PORT5_IRQHandler               
00004f0f  PORT6_IRQHandler               
00004f0f  PSS_IRQHandler                 
000032d3  PWM_Duty1                      
000032f3  PWM_Duty2                      
00003397  PWM_Duty3                      
000033b7  PWM_Duty4                      
000031e9  PWM_Init1                      
0000324f  PWM_Init12                     
00003313  PWM_Init34                     
00004f0f  PendSV_Handler                 
20003578  Period0                        
2000357a  Period2                        
00000519  PeriodMeasure0                 
00000551  PeriodMeasure2                 
20003550  Port4Task                      
00002fc9  Port5_Init                     
00002ffd  Port7_Init                     
00003033  Port7_Input                    
0000301d  Port7_Output                   
20003b44  Postwait                       
20003b3c  Prewait                        
00000141  Program5_1                     
000001af  Program5_2                     
0000026f  Program5_3                     
00000359  Program5_4                     
20003554  Pt                             
20003558  Pt2                            
2000355c  Pt3                            
000005e9  RSLK_Reset                     
00004f0f  RTC_C_IRQHandler               
000000e5  Random                         
2000357e  ReadData                       
00003091  Reflectance_Center             
00003191  Reflectance_End                
00002fbd  Reflectance_Init               
000030cd  Reflectance_Position           
00003053  Reflectance_Read               
00003175  Reflectance_Start              
00004f03  Reset_Handler                  
000049e5  RightConvert                   
200033c0  RxFifo0                        
0000358b  RxFifo0_Get                    
00003531  RxFifo0_Init                   
0000353d  RxFifo0_Put                    
000035c9  RxFifo0_Size                   
UNDEFED   SHT$$INIT_ARRAY$$Base          
UNDEFED   SHT$$INIT_ARRAY$$Limit         
00004f0f  SVC_Handler                    
00000481  SensorRead_ISR                 
20003560  Size                           
00004e39  StartCritical                  
200034c4  String                         
00004f0f  SysTick_Handler                
00004d35  SysTick_Init                   
20003ba4  SystemCoreClock                
00002729  SystemCoreClockUpdate          
0000299d  SystemInit                     
00004f0f  T32_INT1_IRQHandler            
00004f0f  T32_INT2_IRQHandler            
00004f0f  T32_INTC_IRQHandler            
00004f0f  TA0_0_IRQHandler               
00004f0f  TA0_N_IRQHandler               
00004543  TA1_0_IRQHandler               
00004543  TA1_0_IRQHandler               
00004f0f  TA1_N_IRQHandler               
00004f0f  TA2_0_IRQHandler               
00004f0f  TA2_N_IRQHandler               
00004049  TA3_0_IRQHandler               
00004049  TA3_0_IRQHandler               
00004063  TA3_N_IRQHandler               
00004063  TA3_N_IRQHandler               
00000589  Tachometer_Init                
000000fd  TestFifo                       
000005c9  TimedPause                     
20003564  TimerA1Task                    
000044d1  TimerA1_Init                   
0000452f  TimerA1_Stop                   
00003fa5  TimerA3Capture_Init            
20003442  TxFifo0                        
0000349d  TxFifo0_Get                    
00003411  TxFifo0_Init                   
00003443  TxFifo0_Put                    
000034db  TxFifo0_Size                   
20003000  TxHistogram                    
00001727  UART0_InChar                   
00001bb1  UART0_InString                 
00001771  UART0_InUDec                   
00001a65  UART0_InUHex                   
000016e1  UART0_Init                     
00001d11  UART0_Initprintf               
00001737  UART0_OutChar                  
00001753  UART0_OutString                
000017f5  UART0_OutUDec                  
00001961  UART0_OutUDec4                 
000019b5  UART0_OutUDec5                 
000019f1  UART0_OutUFix1                 
00001a19  UART0_OutUFix2                 
00001b29  UART0_OutUHex                  
00001b95  UART0_OutUHex2                 
00004f0f  UsageFault_Handler             
4000480c  WDTCTL_SYM                     
00004f0f  WDT_A_IRQHandler               
00004e4b  WaitForInterrupt               
2000357f  WriteData                      
20003200  __CIOBUF_                      
20010000  __STACK_END                    
00000200  __STACK_SIZE                   
00000400  __SYSMEM_SIZE                  
00004fd8  __TI_CINIT_Base                
00004fe8  __TI_CINIT_Limit               
00004fc0  __TI_Handler_Table_Base        
00004fcc  __TI_Handler_Table_Limit       
00004729  __TI_auto_init                 
000038c9  __TI_cleanup                   
20003b60  __TI_cleanup_ptr               
00004615  __TI_closefile                 
00004809  __TI_decompress_lzss           
00004ef5  __TI_decompress_none           
00004295  __TI_doflush                   
20003b64  __TI_dtors_ptr                 
20003b68  __TI_enable_exit_profile_output
20003b50  __TI_ft_end                    
ffffffff  __TI_pprof_out_hndl            
ffffffff  __TI_prof_data_size            
ffffffff  __TI_prof_data_start           
00004973  __TI_readmsg                   
00000000  __TI_static_base__             
20003320  __TI_tmpnams                   
00004941  __TI_writemsg                  
00004f11  __TI_zero_init                 
00004c69  __aeabi_d2uiz                  
000039cf  __aeabi_dadd                   
00003d2d  __aeabi_ddiv                   
000039c5  __aeabi_dsub                   
00004dab  __aeabi_i2d                    
000046ad  __aeabi_memclr                 
000046ad  __aeabi_memclr4                
000046ad  __aeabi_memclr8                
00004579  __aeabi_memcpy                 
00004579  __aeabi_memcpy4                
00004579  __aeabi_memcpy8                
000046af  __aeabi_memset                 
000046af  __aeabi_memset4                
000046af  __aeabi_memset8                
20003b5c  __aeabi_stderr                 
20003b54  __aeabi_stdin                  
20003b58  __aeabi_stdout                 
00004e51  __aeabi_ui2d                   
ffffffff  __binit__                      
ffffffff  __c_args__                     
00002357  __mpu_init                     
2000fe00  __stack                        
00004e71  _args_main                     
00004b75  _c_int00                       
20003a70  _device                        
20003980  _ftable                        
20003b84  _lock                          
00004ec7  _nop                           
00004ebf  _register_lock                 
00004eb9  _register_unlock               
20003ae8  _stream                        
20003580  _sys_memory                    
00003b7b  _system_post_cinit             
00004f1d  _system_pre_init               
20003b88  _unlock                        
00004bcd  abort                          
00004419  add_device                     
ffffffff  binit                          
000026f9  calloc                         
00004a69  close                          
00004c1d  copy_in                        
0000373d  delay                          
00004bd5  exit                           
0000467b  fclose                         
00001c4b  ferror                         
000042e1  fflush                         
00001c2b  fgetc                          
00004799  finddevice                     
0000391f  fopen                          
00002443  free                           
000038f5  freopen                        
000047c3  getdevice                      
00000000  interruptVectors               
00000731  main                           
20003b7c  main_count                     
20003ba0  main_func_sp                   
000023d9  malloc                         
0000260d  memalign                       
00004579  memcpy                         
000046b5  memset                         
00002359  minit                          
20003568  nc                             
2000356c  nl                             
20003570  nr                             
0000435d  open                           
00001b6d  outnibble                      
20003514  parmbuf                        
00002503  realloc                        
00004dd9  remove                         
000041b9  setvbuf                        
00004ea1  strchr                         
00004e89  strcmp                         
00004ecd  strcpy                         
00004ee1  strlen                         
00004d75  strncpy                        
00003f99  ta3dummy                       
000005bd  toggle_GPIO                    
00001c69  uart_close                     
00001ce7  uart_lseek                     
00001c59  uart_open                      
00001c7b  uart_read                      
00001d03  uart_rename                    
00001cf7  uart_unlink                    
00001ca5  uart_write                     
00004dd9  unlink                         
00004e05  write                          
20000000  x                              
20001000  x2                             
20002000  x3                             


GLOBAL SYMBOLS: SORTED BY Symbol Address 

address   name                           
-------   ----                           
00000000  __TI_static_base__             
00000000  interruptVectors               
000000e5  Random                         
000000fd  TestFifo                       
00000141  Program5_1                     
000001af  Program5_2                     
00000200  __STACK_SIZE                   
0000026f  Program5_3                     
00000359  Program5_4                     
00000400  __SYSMEM_SIZE                  
00000451  BumpCollision                  
00000481  SensorRead_ISR                 
000004d5  IRSensor_Init                  
00000519  PeriodMeasure0                 
00000551  PeriodMeasure2                 
00000589  Tachometer_Init                
000005bd  toggle_GPIO                    
000005c9  TimedPause                     
000005e9  RSLK_Reset                     
00000731  main                           
000016e1  UART0_Init                     
00001727  UART0_InChar                   
00001737  UART0_OutChar                  
00001753  UART0_OutString                
00001771  UART0_InUDec                   
000017f5  UART0_OutUDec                  
00001961  UART0_OutUDec4                 
000019b5  UART0_OutUDec5                 
000019f1  UART0_OutUFix1                 
00001a19  UART0_OutUFix2                 
00001a65  UART0_InUHex                   
00001b29  UART0_OutUHex                  
00001b6d  outnibble                      
00001b95  UART0_OutUHex2                 
00001bb1  UART0_InString                 
00001c2b  fgetc                          
00001c4b  ferror                         
00001c59  uart_open                      
00001c69  uart_close                     
00001c7b  uart_read                      
00001ca5  uart_write                     
00001ce7  uart_lseek                     
00001cf7  uart_unlink                    
00001d03  uart_rename                    
00001d11  UART0_Initprintf               
00001d9d  EUSCIA0_Init                   
00001e03  EUSCIA0_InChar                 
00001e15  EUSCIA0_OutChar                
00001e2f  EUSCIA0_IRQHandler             
00001e2f  EUSCIA0_IRQHandler             
00001e65  EUSCIA0_OutString              
00001e83  EUSCIA0_InUDec                 
00001f07  EUSCIA0_OutUDec                
00002099  EUSCIA0_OutUDec4               
000020d1  EUSCIA0_OutUDec5               
0000210d  EUSCIA0_OutUFix1               
00002135  EUSCIA0_OutUFix2               
00002181  EUSCIA0_InUHex                 
00002249  EUSCIA0_OutUHex                
0000228d  EUSCIA0outnibble               
000022af  EUSCIA0_OutUHex2               
000022cd  EUSCIA0_InString               
00002357  __mpu_init                     
00002359  minit                          
000023d9  malloc                         
00002443  free                           
00002503  realloc                        
0000260d  memalign                       
000026f9  calloc                         
00002729  SystemCoreClockUpdate          
0000299d  SystemInit                     
00002a55  LPF_Init_old                   
00002aa9  LPF_Calc_old                   
00002b0b  LPF_Init                       
00002b69  LPF_Calc                       
00002bbd  LPF_Init2                      
00002c11  LPF_Calc2                      
00002c73  LPF_Init3                      
00002cd5  LPF_Calc3                      
00002d5d  ADC0_InitSWTriggerCh6          
00002dad  ADC_In6                        
00002dcd  ADC0_InitSWTriggerCh67         
00002e23  ADC_In67                       
00002e59  ADC0_InitSWTriggerCh12         
00002ea9  ADC_In12                       
00002ec9  ADC0_InitSWTriggerCh17_12_16   
00002f39  ADC_In17_12_16                 
00002fbd  Reflectance_Init               
00002fc9  Port5_Init                     
00002ffd  Port7_Init                     
0000301d  Port7_Output                   
00003033  Port7_Input                    
00003053  Reflectance_Read               
00003091  Reflectance_Center             
000030cd  Reflectance_Position           
00003175  Reflectance_Start              
00003191  Reflectance_End                
000031e9  PWM_Init1                      
0000324f  PWM_Init12                     
000032d3  PWM_Duty1                      
000032f3  PWM_Duty2                      
00003313  PWM_Init34                     
00003397  PWM_Duty3                      
000033b7  PWM_Duty4                      
00003411  TxFifo0_Init                   
00003443  TxFifo0_Put                    
0000349d  TxFifo0_Get                    
000034db  TxFifo0_Size                   
00003531  RxFifo0_Init                   
0000353d  RxFifo0_Put                    
0000358b  RxFifo0_Get                    
000035c9  RxFifo0_Size                   
00003621  Clock_Init48MHz                
00003737  Clock_GetFreq                  
0000373d  delay                          
0000374b  Clock_Delay1us                 
00003775  Clock_Delay1ms                 
000038c9  __TI_cleanup                   
000038f5  freopen                        
0000391f  fopen                          
000039c5  __aeabi_dsub                   
000039cf  __aeabi_dadd                   
00003b7b  _system_post_cinit             
00003b7d  Motor_Init                     
00003c05  Motor_Stop                     
00003c29  Motor_Forward                  
00003c59  Motor_Right                    
00003c93  Motor_Left                     
00003ccd  Motor_Backward                 
00003d2d  __aeabi_ddiv                   
00003e65  BumpInt_Init                   
00003edb  Bump_Read                      
00003f5b  PORT4_IRQHandler               
00003f5b  PORT4_IRQHandler               
00003f99  ta3dummy                       
00003fa5  TimerA3Capture_Init            
00004049  TA3_0_IRQHandler               
00004049  TA3_0_IRQHandler               
00004063  TA3_N_IRQHandler               
00004063  TA3_N_IRQHandler               
000040c5  LaunchPad_Init                 
00004135  LaunchPad_Input                
0000414f  LaunchPad_LED                  
0000416d  LaunchPad_Output               
000041b9  setvbuf                        
00004295  __TI_doflush                   
000042e1  fflush                         
0000435d  open                           
00004419  add_device                     
000044d1  TimerA1_Init                   
0000452f  TimerA1_Stop                   
00004543  TA1_0_IRQHandler               
00004543  TA1_0_IRQHandler               
00004579  __aeabi_memcpy                 
00004579  __aeabi_memcpy4                
00004579  __aeabi_memcpy8                
00004579  memcpy                         
00004615  __TI_closefile                 
0000467b  fclose                         
000046ad  __aeabi_memclr                 
000046ad  __aeabi_memclr4                
000046ad  __aeabi_memclr8                
000046af  __aeabi_memset                 
000046af  __aeabi_memset4                
000046af  __aeabi_memset8                
000046b5  memset                         
00004729  __TI_auto_init                 
00004799  finddevice                     
000047c3  getdevice                      
00004809  __TI_decompress_lzss           
00004871  HOSTlseek                      
000048d9  HOSTrename                     
00004941  __TI_writemsg                  
0000496f  C$$IO$$                        
00004973  __TI_readmsg                   
000049a9  LeftConvert                    
000049c7  CenterConvert                  
000049e5  RightConvert                   
00004a09  HOSTopen                       
00004a69  close                          
00004ac5  HOSTread                       
00004b1d  HOSTwrite                      
00004b75  _c_int00                       
00004bc9  C$$EXIT                        
00004bcd  abort                          
00004bd5  exit                           
00004c1d  copy_in                        
00004c69  __aeabi_d2uiz                  
00004cad  HOSTclose                      
00004cf1  HOSTunlink                     
00004d35  SysTick_Init                   
00004d75  strncpy                        
00004dab  __aeabi_i2d                    
00004dd9  remove                         
00004dd9  unlink                         
00004e05  write                          
00004e2d  DisableInterrupts              
00004e33  EnableInterrupts               
00004e39  StartCritical                  
00004e43  EndCritical                    
00004e4b  WaitForInterrupt               
00004e51  __aeabi_ui2d                   
00004e71  _args_main                     
00004e89  strcmp                         
00004ea1  strchr                         
00004eb9  _register_unlock               
00004ebf  _register_lock                 
00004ec7  _nop                           
00004ecd  strcpy                         
00004ee1  strlen                         
00004ef5  __TI_decompress_none           
00004f03  Reset_Handler                  
00004f0f  ADC14_IRQHandler               
00004f0f  AES256_IRQHandler              
00004f0f  BusFault_Handler               
00004f0f  COMP_E0_IRQHandler             
00004f0f  COMP_E1_IRQHandler             
00004f0f  CS_IRQHandler                  
00004f0f  DMA_ERR_IRQHandler             
00004f0f  DMA_INT0_IRQHandler            
00004f0f  DMA_INT1_IRQHandler            
00004f0f  DMA_INT2_IRQHandler            
00004f0f  DMA_INT3_IRQHandler            
00004f0f  DebugMon_Handler               
00004f0f  Default_Handler                
00004f0f  EUSCIA1_IRQHandler             
00004f0f  EUSCIA2_IRQHandler             
00004f0f  EUSCIA3_IRQHandler             
00004f0f  EUSCIB0_IRQHandler             
00004f0f  EUSCIB1_IRQHandler             
00004f0f  EUSCIB2_IRQHandler             
00004f0f  EUSCIB3_IRQHandler             
00004f0f  FLCTL_IRQHandler               
00004f0f  FPU_IRQHandler                 
00004f0f  HardFault_Handler              
00004f0f  MemManage_Handler              
00004f0f  NMI_Handler                    
00004f0f  PCM_IRQHandler                 
00004f0f  PORT1_IRQHandler               
00004f0f  PORT2_IRQHandler               
00004f0f  PORT3_IRQHandler               
00004f0f  PORT5_IRQHandler               
00004f0f  PORT6_IRQHandler               
00004f0f  PSS_IRQHandler                 
00004f0f  PendSV_Handler                 
00004f0f  RTC_C_IRQHandler               
00004f0f  SVC_Handler                    
00004f0f  SysTick_Handler                
00004f0f  T32_INT1_IRQHandler            
00004f0f  T32_INT2_IRQHandler            
00004f0f  T32_INTC_IRQHandler            
00004f0f  TA0_0_IRQHandler               
00004f0f  TA0_N_IRQHandler               
00004f0f  TA1_N_IRQHandler               
00004f0f  TA2_0_IRQHandler               
00004f0f  TA2_N_IRQHandler               
00004f0f  UsageFault_Handler             
00004f0f  WDT_A_IRQHandler               
00004f11  __TI_zero_init                 
00004f1d  _system_pre_init               
00004fc0  __TI_Handler_Table_Base        
00004fcc  __TI_Handler_Table_Limit       
00004fd8  __TI_CINIT_Base                
00004fe8  __TI_CINIT_Limit               
20000000  x                              
20001000  x2                             
20002000  x3                             
20003000  TxHistogram                    
20003200  __CIOBUF_                      
20003320  __TI_tmpnams                   
200033c0  RxFifo0                        
20003442  TxFifo0                        
200034c4  String                         
20003504  Messageb                       
2000350c  Messagec                       
20003514  parmbuf                        
2000351c  Done0                          
20003520  Done2                          
20003524  Elapsed                        
20003528  First                          
2000352c  I1                             
20003530  LPFSum                         
20003534  LPFSum2                        
20003538  LPFSum3                        
2000353c  MaxTime                        
20003540  Messageindexb                  
20003544  Messageindexc                  
20003548  NumErrors                      
2000354c  NumSuccess                     
20003550  Port4Task                      
20003554  Pt                             
20003558  Pt2                            
2000355c  Pt3                            
20003560  Size                           
20003564  TimerA1Task                    
20003568  nc                             
2000356c  nl                             
20003570  nr                             
20003574  First0                         
20003576  First2                         
20003578  Period0                        
2000357a  Period2                        
2000357c  CollisionData                  
2000357d  CollisionFlag                  
2000357e  ReadData                       
2000357f  WriteData                      
20003580  _sys_memory                    
20003980  _ftable                        
20003a70  _device                        
20003ae8  _stream                        
20003b38  ClockFrequency                 
20003b3c  Prewait                        
20003b40  CPMwait                        
20003b44  Postwait                       
20003b48  IFlags                         
20003b4c  Crystalstable                  
20003b50  __TI_ft_end                    
20003b54  __aeabi_stdin                  
20003b58  __aeabi_stdout                 
20003b5c  __aeabi_stderr                 
20003b60  __TI_cleanup_ptr               
20003b64  __TI_dtors_ptr                 
20003b68  __TI_enable_exit_profile_output
20003b78  ADCflag                        
20003b7c  main_count                     
20003b84  _lock                          
20003b88  _unlock                        
20003b8c  CaptureTask0                   
20003b90  CaptureTask2                   
20003ba0  main_func_sp                   
20003ba4  SystemCoreClock                
2000fe00  __stack                        
20010000  __STACK_END                    
4000480c  WDTCTL_SYM                     
ffffffff  __TI_pprof_out_hndl            
ffffffff  __TI_prof_data_size            
ffffffff  __TI_prof_data_start           
ffffffff  __binit__                      
ffffffff  __c_args__                     
ffffffff  binit                          
UNDEFED   SHT$$INIT_ARRAY$$Base          
UNDEFED   SHT$$INIT_ARRAY$$Limit         

[342 symbols]
