<?xml version="1.0"?>
<link_info>
   <banner>TI ARM Linker PC v16.9.6.LTS</banner>
   <copyright>Copyright (c) 1996-2017 Texas Instruments Incorporated</copyright>
   <link_time>0x5f856aa0</link_time>
   <link_errors>0x0</link_errors>
   <output_file>Lab4_ADC_IRSensors.out</output_file>
   <entry_point>
      <name>_c_int00</name>
      <address>0x2741</address>
   </entry_point>
   <input_file_list>
      <input_file id="fl-2">
         <path>.\</path>
         <kind>object</kind>
         <file>ADC14.obj</file>
         <name>ADC14.obj</name>
      </input_file>
      <input_file id="fl-3">
         <path>.\</path>
         <kind>object</kind>
         <file>Clock.obj</file>
         <name>Clock.obj</name>
      </input_file>
      <input_file id="fl-4">
         <path>.\</path>
         <kind>object</kind>
         <file>CortexM.obj</file>
         <name>CortexM.obj</name>
      </input_file>
      <input_file id="fl-5">
         <path>.\</path>
         <kind>object</kind>
         <file>IRDistance.obj</file>
         <name>IRDistance.obj</name>
      </input_file>
      <input_file id="fl-6">
         <path>.\</path>
         <kind>object</kind>
         <file>LPF.obj</file>
         <name>LPF.obj</name>
      </input_file>
      <input_file id="fl-7">
         <path>.\</path>
         <kind>object</kind>
         <file>Lab4_ADCmain.obj</file>
         <name>Lab4_ADCmain.obj</name>
      </input_file>
      <input_file id="fl-8">
         <path>.\</path>
         <kind>object</kind>
         <file>LaunchPad.obj</file>
         <name>LaunchPad.obj</name>
      </input_file>
      <input_file id="fl-9">
         <path>.\</path>
         <kind>object</kind>
         <file>TimerA1.obj</file>
         <name>TimerA1.obj</name>
      </input_file>
      <input_file id="fl-a">
         <path>.\</path>
         <kind>object</kind>
         <file>UART0.obj</file>
         <name>UART0.obj</name>
      </input_file>
      <input_file id="fl-b">
         <path>.\</path>
         <kind>object</kind>
         <file>startup_msp432p401r_ccs.obj</file>
         <name>startup_msp432p401r_ccs.obj</name>
      </input_file>
      <input_file id="fl-c">
         <path>.\</path>
         <kind>object</kind>
         <file>system_msp432p401r.obj</file>
         <name>system_msp432p401r.obj</name>
      </input_file>
      <input_file id="fl-10">
         <kind>object</kind>
         <file>&lt;internal&gt;</file>
         <name>&lt;internal&gt;</name>
      </input_file>
      <input_file id="fl-c6">
         <path>C:\ti\ccsv7\tools\compiler\ti-cgt-arm_16.9.6.LTS\lib\</path>
         <kind>archive</kind>
         <file>rtsv7M4_T_le_v4SPD16_eabi.lib</file>
         <name>add_device.obj</name>
      </input_file>
      <input_file id="fl-c7">
         <path>C:\ti\ccsv7\tools\compiler\ti-cgt-arm_16.9.6.LTS\lib\</path>
         <kind>archive</kind>
         <file>rtsv7M4_T_le_v4SPD16_eabi.lib</file>
         <name>boot.obj</name>
      </input_file>
      <input_file id="fl-c8">
         <path>C:\ti\ccsv7\tools\compiler\ti-cgt-arm_16.9.6.LTS\lib\</path>
         <kind>archive</kind>
         <file>rtsv7M4_T_le_v4SPD16_eabi.lib</file>
         <name>copy_decompress_lzss.obj</name>
      </input_file>
      <input_file id="fl-c9">
         <path>C:\ti\ccsv7\tools\compiler\ti-cgt-arm_16.9.6.LTS\lib\</path>
         <kind>archive</kind>
         <file>rtsv7M4_T_le_v4SPD16_eabi.lib</file>
         <name>copy_decompress_none.obj</name>
      </input_file>
      <input_file id="fl-ca">
         <path>C:\ti\ccsv7\tools\compiler\ti-cgt-arm_16.9.6.LTS\lib\</path>
         <kind>archive</kind>
         <file>rtsv7M4_T_le_v4SPD16_eabi.lib</file>
         <name>copy_zero_init.obj</name>
      </input_file>
      <input_file id="fl-cb">
         <path>C:\ti\ccsv7\tools\compiler\ti-cgt-arm_16.9.6.LTS\lib\</path>
         <kind>archive</kind>
         <file>rtsv7M4_T_le_v4SPD16_eabi.lib</file>
         <name>defs.obj</name>
      </input_file>
      <input_file id="fl-cc">
         <path>C:\ti\ccsv7\tools\compiler\ti-cgt-arm_16.9.6.LTS\lib\</path>
         <kind>archive</kind>
         <file>rtsv7M4_T_le_v4SPD16_eabi.lib</file>
         <name>exit.obj</name>
      </input_file>
      <input_file id="fl-cd">
         <path>C:\ti\ccsv7\tools\compiler\ti-cgt-arm_16.9.6.LTS\lib\</path>
         <kind>archive</kind>
         <file>rtsv7M4_T_le_v4SPD16_eabi.lib</file>
         <name>fd_add_t2.obj</name>
      </input_file>
      <input_file id="fl-ce">
         <path>C:\ti\ccsv7\tools\compiler\ti-cgt-arm_16.9.6.LTS\lib\</path>
         <kind>archive</kind>
         <file>rtsv7M4_T_le_v4SPD16_eabi.lib</file>
         <name>fd_div_t2.obj</name>
      </input_file>
      <input_file id="fl-cf">
         <path>C:\ti\ccsv7\tools\compiler\ti-cgt-arm_16.9.6.LTS\lib\</path>
         <kind>archive</kind>
         <file>rtsv7M4_T_le_v4SPD16_eabi.lib</file>
         <name>fd_tou_t2.obj</name>
      </input_file>
      <input_file id="fl-d0">
         <path>C:\ti\ccsv7\tools\compiler\ti-cgt-arm_16.9.6.LTS\lib\</path>
         <kind>archive</kind>
         <file>rtsv7M4_T_le_v4SPD16_eabi.lib</file>
         <name>fopen.obj</name>
      </input_file>
      <input_file id="fl-d1">
         <path>C:\ti\ccsv7\tools\compiler\ti-cgt-arm_16.9.6.LTS\lib\</path>
         <kind>archive</kind>
         <file>rtsv7M4_T_le_v4SPD16_eabi.lib</file>
         <name>getdevice.obj</name>
      </input_file>
      <input_file id="fl-d2">
         <path>C:\ti\ccsv7\tools\compiler\ti-cgt-arm_16.9.6.LTS\lib\</path>
         <kind>archive</kind>
         <file>rtsv7M4_T_le_v4SPD16_eabi.lib</file>
         <name>i_tofd_t2.obj</name>
      </input_file>
      <input_file id="fl-d3">
         <path>C:\ti\ccsv7\tools\compiler\ti-cgt-arm_16.9.6.LTS\lib\</path>
         <kind>archive</kind>
         <file>rtsv7M4_T_le_v4SPD16_eabi.lib</file>
         <name>memcpy_t2.obj</name>
      </input_file>
      <input_file id="fl-d4">
         <path>C:\ti\ccsv7\tools\compiler\ti-cgt-arm_16.9.6.LTS\lib\</path>
         <kind>archive</kind>
         <file>rtsv7M4_T_le_v4SPD16_eabi.lib</file>
         <name>memset_t2.obj</name>
      </input_file>
      <input_file id="fl-d5">
         <path>C:\ti\ccsv7\tools\compiler\ti-cgt-arm_16.9.6.LTS\lib\</path>
         <kind>archive</kind>
         <file>rtsv7M4_T_le_v4SPD16_eabi.lib</file>
         <name>mpu_init.obj</name>
      </input_file>
      <input_file id="fl-d6">
         <path>C:\ti\ccsv7\tools\compiler\ti-cgt-arm_16.9.6.LTS\lib\</path>
         <kind>archive</kind>
         <file>rtsv7M4_T_le_v4SPD16_eabi.lib</file>
         <name>open.obj</name>
      </input_file>
      <input_file id="fl-d7">
         <path>C:\ti\ccsv7\tools\compiler\ti-cgt-arm_16.9.6.LTS\lib\</path>
         <kind>archive</kind>
         <file>rtsv7M4_T_le_v4SPD16_eabi.lib</file>
         <name>pre_init.obj</name>
      </input_file>
      <input_file id="fl-d8">
         <path>C:\ti\ccsv7\tools\compiler\ti-cgt-arm_16.9.6.LTS\lib\</path>
         <kind>archive</kind>
         <file>rtsv7M4_T_le_v4SPD16_eabi.lib</file>
         <name>setvbuf.obj</name>
      </input_file>
      <input_file id="fl-d9">
         <path>C:\ti\ccsv7\tools\compiler\ti-cgt-arm_16.9.6.LTS\lib\</path>
         <kind>archive</kind>
         <file>rtsv7M4_T_le_v4SPD16_eabi.lib</file>
         <name>stkdepth_vars.obj</name>
      </input_file>
      <input_file id="fl-da">
         <path>C:\ti\ccsv7\tools\compiler\ti-cgt-arm_16.9.6.LTS\lib\</path>
         <kind>archive</kind>
         <file>rtsv7M4_T_le_v4SPD16_eabi.lib</file>
         <name>strchr.obj</name>
      </input_file>
      <input_file id="fl-db">
         <path>C:\ti\ccsv7\tools\compiler\ti-cgt-arm_16.9.6.LTS\lib\</path>
         <kind>archive</kind>
         <file>rtsv7M4_T_le_v4SPD16_eabi.lib</file>
         <name>strcmp.obj</name>
      </input_file>
      <input_file id="fl-dc">
         <path>C:\ti\ccsv7\tools\compiler\ti-cgt-arm_16.9.6.LTS\lib\</path>
         <kind>archive</kind>
         <file>rtsv7M4_T_le_v4SPD16_eabi.lib</file>
         <name>strncpy.obj</name>
      </input_file>
      <input_file id="fl-dd">
         <path>C:\ti\ccsv7\tools\compiler\ti-cgt-arm_16.9.6.LTS\lib\</path>
         <kind>archive</kind>
         <file>rtsv7M4_T_le_v4SPD16_eabi.lib</file>
         <name>write.obj</name>
      </input_file>
      <input_file id="fl-de">
         <path>C:\ti\ccsv7\tools\compiler\ti-cgt-arm_16.9.6.LTS\lib\</path>
         <kind>archive</kind>
         <file>rtsv7M4_T_le_v4SPD16_eabi.lib</file>
         <name>_lock.obj</name>
      </input_file>
      <input_file id="fl-df">
         <path>C:\ti\ccsv7\tools\compiler\ti-cgt-arm_16.9.6.LTS\lib\</path>
         <kind>archive</kind>
         <file>rtsv7M4_T_le_v4SPD16_eabi.lib</file>
         <name>args_main.obj</name>
      </input_file>
      <input_file id="fl-e0">
         <path>C:\ti\ccsv7\tools\compiler\ti-cgt-arm_16.9.6.LTS\lib\</path>
         <kind>archive</kind>
         <file>rtsv7M4_T_le_v4SPD16_eabi.lib</file>
         <name>autoinit.obj</name>
      </input_file>
      <input_file id="fl-e1">
         <path>C:\ti\ccsv7\tools\compiler\ti-cgt-arm_16.9.6.LTS\lib\</path>
         <kind>archive</kind>
         <file>rtsv7M4_T_le_v4SPD16_eabi.lib</file>
         <name>cpy_tbl.obj</name>
      </input_file>
      <input_file id="fl-e2">
         <path>C:\ti\ccsv7\tools\compiler\ti-cgt-arm_16.9.6.LTS\lib\</path>
         <kind>archive</kind>
         <file>rtsv7M4_T_le_v4SPD16_eabi.lib</file>
         <name>fclose.obj</name>
      </input_file>
      <input_file id="fl-e3">
         <path>C:\ti\ccsv7\tools\compiler\ti-cgt-arm_16.9.6.LTS\lib\</path>
         <kind>archive</kind>
         <file>rtsv7M4_T_le_v4SPD16_eabi.lib</file>
         <name>fflush.obj</name>
      </input_file>
      <input_file id="fl-e4">
         <path>C:\ti\ccsv7\tools\compiler\ti-cgt-arm_16.9.6.LTS\lib\</path>
         <kind>archive</kind>
         <file>rtsv7M4_T_le_v4SPD16_eabi.lib</file>
         <name>hostclose.obj</name>
      </input_file>
      <input_file id="fl-e5">
         <path>C:\ti\ccsv7\tools\compiler\ti-cgt-arm_16.9.6.LTS\lib\</path>
         <kind>archive</kind>
         <file>rtsv7M4_T_le_v4SPD16_eabi.lib</file>
         <name>hostlseek.obj</name>
      </input_file>
      <input_file id="fl-e6">
         <path>C:\ti\ccsv7\tools\compiler\ti-cgt-arm_16.9.6.LTS\lib\</path>
         <kind>archive</kind>
         <file>rtsv7M4_T_le_v4SPD16_eabi.lib</file>
         <name>hostopen.obj</name>
      </input_file>
      <input_file id="fl-e7">
         <path>C:\ti\ccsv7\tools\compiler\ti-cgt-arm_16.9.6.LTS\lib\</path>
         <kind>archive</kind>
         <file>rtsv7M4_T_le_v4SPD16_eabi.lib</file>
         <name>hostread.obj</name>
      </input_file>
      <input_file id="fl-e8">
         <path>C:\ti\ccsv7\tools\compiler\ti-cgt-arm_16.9.6.LTS\lib\</path>
         <kind>archive</kind>
         <file>rtsv7M4_T_le_v4SPD16_eabi.lib</file>
         <name>hostrename.obj</name>
      </input_file>
      <input_file id="fl-e9">
         <path>C:\ti\ccsv7\tools\compiler\ti-cgt-arm_16.9.6.LTS\lib\</path>
         <kind>archive</kind>
         <file>rtsv7M4_T_le_v4SPD16_eabi.lib</file>
         <name>hostunlink.obj</name>
      </input_file>
      <input_file id="fl-ea">
         <path>C:\ti\ccsv7\tools\compiler\ti-cgt-arm_16.9.6.LTS\lib\</path>
         <kind>archive</kind>
         <file>rtsv7M4_T_le_v4SPD16_eabi.lib</file>
         <name>hostwrite.obj</name>
      </input_file>
      <input_file id="fl-eb">
         <path>C:\ti\ccsv7\tools\compiler\ti-cgt-arm_16.9.6.LTS\lib\</path>
         <kind>archive</kind>
         <file>rtsv7M4_T_le_v4SPD16_eabi.lib</file>
         <name>memory.obj</name>
      </input_file>
      <input_file id="fl-ec">
         <path>C:\ti\ccsv7\tools\compiler\ti-cgt-arm_16.9.6.LTS\lib\</path>
         <kind>archive</kind>
         <file>rtsv7M4_T_le_v4SPD16_eabi.lib</file>
         <name>remove.obj</name>
      </input_file>
      <input_file id="fl-ed">
         <path>C:\ti\ccsv7\tools\compiler\ti-cgt-arm_16.9.6.LTS\lib\</path>
         <kind>archive</kind>
         <file>rtsv7M4_T_le_v4SPD16_eabi.lib</file>
         <name>startup.obj</name>
      </input_file>
      <input_file id="fl-ee">
         <path>C:\ti\ccsv7\tools\compiler\ti-cgt-arm_16.9.6.LTS\lib\</path>
         <kind>archive</kind>
         <file>rtsv7M4_T_le_v4SPD16_eabi.lib</file>
         <name>strcpy.obj</name>
      </input_file>
      <input_file id="fl-ef">
         <path>C:\ti\ccsv7\tools\compiler\ti-cgt-arm_16.9.6.LTS\lib\</path>
         <kind>archive</kind>
         <file>rtsv7M4_T_le_v4SPD16_eabi.lib</file>
         <name>strlen.obj</name>
      </input_file>
      <input_file id="fl-f0">
         <path>C:\ti\ccsv7\tools\compiler\ti-cgt-arm_16.9.6.LTS\lib\</path>
         <kind>archive</kind>
         <file>rtsv7M4_T_le_v4SPD16_eabi.lib</file>
         <name>trgmsg.obj</name>
      </input_file>
      <input_file id="fl-f1">
         <path>C:\ti\ccsv7\tools\compiler\ti-cgt-arm_16.9.6.LTS\lib\</path>
         <kind>archive</kind>
         <file>rtsv7M4_T_le_v4SPD16_eabi.lib</file>
         <name>unlink.obj</name>
      </input_file>
      <input_file id="fl-f2">
         <path>C:\ti\ccsv7\tools\compiler\ti-cgt-arm_16.9.6.LTS\lib\</path>
         <kind>archive</kind>
         <file>rtsv7M4_T_le_v4SPD16_eabi.lib</file>
         <name>close.obj</name>
      </input_file>
   </input_file_list>
   <object_component_list>
      <object_component id="oc-2c">
         <name>.intvecs:retain</name>
         <load_address>0x0</load_address>
         <run_address>0x0</run_address>
         <size>0xe4</size>
         <input_file_ref idref="fl-b"/>
      </object_component>
      <object_component id="oc-105">
         <name>.text</name>
         <load_address>0xe4</load_address>
         <run_address>0xe4</run_address>
         <size>0x6bc</size>
         <input_file_ref idref="fl-a"/>
      </object_component>
      <object_component id="oc-1d7">
         <name>.text</name>
         <load_address>0x7a0</load_address>
         <run_address>0x7a0</run_address>
         <size>0x3d0</size>
         <input_file_ref idref="fl-eb"/>
      </object_component>
      <object_component id="oc-c4">
         <name>.text</name>
         <load_address>0xb70</load_address>
         <run_address>0xb70</run_address>
         <size>0x32c</size>
         <input_file_ref idref="fl-c"/>
      </object_component>
      <object_component id="oc-f9">
         <name>.text</name>
         <load_address>0xe9c</load_address>
         <run_address>0xe9c</run_address>
         <size>0x308</size>
         <input_file_ref idref="fl-6"/>
      </object_component>
      <object_component id="oc-f3">
         <name>.text</name>
         <load_address>0x11a4</load_address>
         <run_address>0x11a4</run_address>
         <size>0x260</size>
         <input_file_ref idref="fl-2"/>
      </object_component>
      <object_component id="oc-ff">
         <name>.text</name>
         <load_address>0x1404</load_address>
         <run_address>0x1404</run_address>
         <size>0x1e0</size>
         <input_file_ref idref="fl-3"/>
      </object_component>
      <object_component id="oc-173">
         <name>.text</name>
         <load_address>0x15e4</load_address>
         <run_address>0x15e4</run_address>
         <size>0x1c4</size>
         <input_file_ref idref="fl-d0"/>
      </object_component>
      <object_component id="oc-18f">
         <name>.text</name>
         <load_address>0x17a8</load_address>
         <run_address>0x17a8</run_address>
         <size>0x1b6</size>
         <input_file_ref idref="fl-cd"/>
      </object_component>
      <object_component id="oc-56">
         <name>.text</name>
         <load_address>0x195e</load_address>
         <run_address>0x195e</run_address>
         <size>0x2</size>
         <input_file_ref idref="fl-d5"/>
      </object_component>
      <object_component id="oc-b1">
         <name>.text</name>
         <load_address>0x1960</load_address>
         <run_address>0x1960</run_address>
         <size>0x184</size>
         <input_file_ref idref="fl-7"/>
      </object_component>
      <object_component id="oc-194">
         <name>.text</name>
         <load_address>0x1ae4</load_address>
         <run_address>0x1ae4</run_address>
         <size>0x136</size>
         <input_file_ref idref="fl-ce"/>
      </object_component>
      <object_component id="oc-a9">
         <name>.text</name>
         <load_address>0x1c1a</load_address>
         <run_address>0x1c1a</run_address>
         <size>0x2</size>
         <input_file_ref idref="fl-ed"/>
      </object_component>
      <object_component id="oc-10b">
         <name>.text</name>
         <load_address>0x1c1c</load_address>
         <run_address>0x1c1c</run_address>
         <size>0xf4</size>
         <input_file_ref idref="fl-8"/>
      </object_component>
      <object_component id="oc-179">
         <name>.text</name>
         <load_address>0x1d10</load_address>
         <run_address>0x1d10</run_address>
         <size>0xdc</size>
         <input_file_ref idref="fl-d8"/>
      </object_component>
      <object_component id="oc-117">
         <name>.text</name>
         <load_address>0x1dec</load_address>
         <run_address>0x1dec</run_address>
         <size>0xd4</size>
         <input_file_ref idref="fl-5"/>
      </object_component>
      <object_component id="oc-23b">
         <name>.text</name>
         <load_address>0x1ec0</load_address>
         <run_address>0x1ec0</run_address>
         <size>0xc8</size>
         <input_file_ref idref="fl-e3"/>
      </object_component>
      <object_component id="oc-1c5">
         <name>.text</name>
         <load_address>0x1f88</load_address>
         <run_address>0x1f88</run_address>
         <size>0xbc</size>
         <input_file_ref idref="fl-d6"/>
      </object_component>
      <object_component id="oc-16d">
         <name>.text</name>
         <load_address>0x2044</load_address>
         <run_address>0x2044</run_address>
         <size>0xb8</size>
         <input_file_ref idref="fl-c6"/>
      </object_component>
      <object_component id="oc-7e">
         <name>.text</name>
         <load_address>0x20fc</load_address>
         <run_address>0x20fc</run_address>
         <size>0xa8</size>
         <input_file_ref idref="fl-9"/>
      </object_component>
      <object_component id="oc-3e">
         <name>.text</name>
         <load_address>0x21a4</load_address>
         <run_address>0x21a4</run_address>
         <size>0x9c</size>
         <input_file_ref idref="fl-d3"/>
      </object_component>
      <object_component id="oc-1cb">
         <name>.text</name>
         <load_address>0x2240</load_address>
         <run_address>0x2240</run_address>
         <size>0x98</size>
         <input_file_ref idref="fl-e2"/>
      </object_component>
      <object_component id="oc-4a">
         <name>.text</name>
         <load_address>0x22d8</load_address>
         <run_address>0x22d8</run_address>
         <size>0x7a</size>
         <input_file_ref idref="fl-d4"/>
      </object_component>
      <object_component id="oc-62">
         <name>.text</name>
         <load_address>0x2354</load_address>
         <run_address>0x2354</run_address>
         <size>0x70</size>
         <input_file_ref idref="fl-e0"/>
      </object_component>
      <object_component id="oc-1b3">
         <name>.text</name>
         <load_address>0x23c4</load_address>
         <run_address>0x23c4</run_address>
         <size>0x70</size>
         <input_file_ref idref="fl-d1"/>
      </object_component>
      <object_component id="oc-14">
         <name>.text:decompress:lzss</name>
         <load_address>0x2434</load_address>
         <run_address>0x2434</run_address>
         <size>0x68</size>
         <input_file_ref idref="fl-c8"/>
      </object_component>
      <object_component id="oc-214">
         <name>.text</name>
         <load_address>0x249c</load_address>
         <run_address>0x249c</run_address>
         <size>0x68</size>
         <input_file_ref idref="fl-e5"/>
      </object_component>
      <object_component id="oc-220">
         <name>.text</name>
         <load_address>0x2504</load_address>
         <run_address>0x2504</run_address>
         <size>0x68</size>
         <input_file_ref idref="fl-e8"/>
      </object_component>
      <object_component id="oc-26f">
         <name>.text</name>
         <load_address>0x256c</load_address>
         <run_address>0x256c</run_address>
         <size>0x68</size>
         <input_file_ref idref="fl-f0"/>
      </object_component>
      <object_component id="oc-1fc">
         <name>.text</name>
         <load_address>0x25d4</load_address>
         <run_address>0x25d4</run_address>
         <size>0x60</size>
         <input_file_ref idref="fl-e6"/>
      </object_component>
      <object_component id="oc-241">
         <name>.text</name>
         <load_address>0x2634</load_address>
         <run_address>0x2634</run_address>
         <size>0x5c</size>
         <input_file_ref idref="fl-f2"/>
      </object_component>
      <object_component id="oc-208">
         <name>.text</name>
         <load_address>0x2690</load_address>
         <run_address>0x2690</run_address>
         <size>0x58</size>
         <input_file_ref idref="fl-e7"/>
      </object_component>
      <object_component id="oc-20e">
         <name>.text</name>
         <load_address>0x26e8</load_address>
         <run_address>0x26e8</run_address>
         <size>0x58</size>
         <input_file_ref idref="fl-ea"/>
      </object_component>
      <object_component id="oc-26">
         <name>.text</name>
         <load_address>0x2740</load_address>
         <run_address>0x2740</run_address>
         <size>0x54</size>
         <input_file_ref idref="fl-c7"/>
      </object_component>
      <object_component id="oc-6e">
         <name>.text</name>
         <load_address>0x2794</load_address>
         <run_address>0x2794</run_address>
         <size>0x54</size>
         <input_file_ref idref="fl-cc"/>
      </object_component>
      <object_component id="oc-a3">
         <name>.text</name>
         <load_address>0x27e8</load_address>
         <run_address>0x27e8</run_address>
         <size>0x4c</size>
         <input_file_ref idref="fl-e1"/>
      </object_component>
      <object_component id="oc-199">
         <name>.text</name>
         <load_address>0x2834</load_address>
         <run_address>0x2834</run_address>
         <size>0x44</size>
         <input_file_ref idref="fl-cf"/>
      </object_component>
      <object_component id="oc-202">
         <name>.text</name>
         <load_address>0x2878</load_address>
         <run_address>0x2878</run_address>
         <size>0x44</size>
         <input_file_ref idref="fl-e4"/>
      </object_component>
      <object_component id="oc-21a">
         <name>.text</name>
         <load_address>0x28bc</load_address>
         <run_address>0x28bc</run_address>
         <size>0x44</size>
         <input_file_ref idref="fl-e9"/>
      </object_component>
      <object_component id="oc-1b9">
         <name>.text</name>
         <load_address>0x2900</load_address>
         <run_address>0x2900</run_address>
         <size>0x36</size>
         <input_file_ref idref="fl-dc"/>
      </object_component>
      <object_component id="oc-18a">
         <name>.text</name>
         <load_address>0x2936</load_address>
         <run_address>0x2936</run_address>
         <size>0x2e</size>
         <input_file_ref idref="fl-d2"/>
      </object_component>
      <object_component id="oc-247">
         <name>.text</name>
         <load_address>0x2964</load_address>
         <run_address>0x2964</run_address>
         <size>0x2c</size>
         <input_file_ref idref="fl-f1"/>
      </object_component>
      <object_component id="oc-296">
         <name>.text</name>
         <load_address>0x2990</load_address>
         <run_address>0x2990</run_address>
         <size>0x28</size>
         <input_file_ref idref="fl-dd"/>
      </object_component>
      <object_component id="oc-111">
         <name>.text</name>
         <load_address>0x29b8</load_address>
         <run_address>0x29b8</run_address>
         <size>0x24</size>
         <input_file_ref idref="fl-4"/>
      </object_component>
      <object_component id="oc-68">
         <name>.text</name>
         <load_address>0x29dc</load_address>
         <run_address>0x29dc</run_address>
         <size>0x18</size>
         <input_file_ref idref="fl-df"/>
      </object_component>
      <object_component id="oc-1ec">
         <name>.text</name>
         <load_address>0x29f4</load_address>
         <run_address>0x29f4</run_address>
         <size>0x18</size>
         <input_file_ref idref="fl-db"/>
      </object_component>
      <object_component id="oc-1f2">
         <name>.text</name>
         <load_address>0x2a0c</load_address>
         <run_address>0x2a0c</run_address>
         <size>0x16</size>
         <input_file_ref idref="fl-da"/>
      </object_component>
      <object_component id="oc-12d">
         <name>.text</name>
         <load_address>0x2a24</load_address>
         <run_address>0x2a24</run_address>
         <size>0x14</size>
         <input_file_ref idref="fl-de"/>
      </object_component>
      <object_component id="oc-283">
         <name>.text</name>
         <load_address>0x2a38</load_address>
         <run_address>0x2a38</run_address>
         <size>0x14</size>
         <input_file_ref idref="fl-ee"/>
      </object_component>
      <object_component id="oc-269">
         <name>.text</name>
         <load_address>0x2a4c</load_address>
         <run_address>0x2a4c</run_address>
         <size>0x14</size>
         <input_file_ref idref="fl-ef"/>
      </object_component>
      <object_component id="oc-1a">
         <name>.text:decompress:none</name>
         <load_address>0x2a60</load_address>
         <run_address>0x2a60</run_address>
         <size>0xe</size>
         <input_file_ref idref="fl-c9"/>
      </object_component>
      <object_component id="oc-78">
         <name>.text</name>
         <load_address>0x2a6e</load_address>
         <run_address>0x2a6e</run_address>
         <size>0xe</size>
         <input_file_ref idref="fl-b"/>
      </object_component>
      <object_component id="oc-20">
         <name>.text:decompress:ZI</name>
         <load_address>0x2a7c</load_address>
         <run_address>0x2a7c</run_address>
         <size>0xc</size>
         <input_file_ref idref="fl-ca"/>
      </object_component>
      <object_component id="oc-5c">
         <name>.text</name>
         <load_address>0x2a88</load_address>
         <run_address>0x2a88</run_address>
         <size>0x4</size>
         <input_file_ref idref="fl-d7"/>
      </object_component>
      <object_component id="oc-2f7">
         <name>.cinit..data.load</name>
         <load_address>0x2a90</load_address>
         <run_address>0x2a90</run_address>
         <size>0x76</size>
      </object_component>
      <object_component id="oc-2f5">
         <name>__TI_handler_table</name>
         <load_address>0x2b08</load_address>
         <run_address>0x2b08</run_address>
         <size>0xc</size>
      </object_component>
      <object_component id="oc-2f8">
         <name>.cinit..bss.load</name>
         <load_address>0x2b18</load_address>
         <run_address>0x2b18</run_address>
         <size>0x8</size>
      </object_component>
      <object_component id="oc-2f6">
         <name>__TI_cinit_table</name>
         <load_address>0x2b20</load_address>
         <run_address>0x2b20</run_address>
         <size>0x10</size>
      </object_component>
      <object_component id="oc-2d2">
         <name>.binit</name>
         <load_address>0x0</load_address>
         <run_address>0x0</run_address>
         <size>0x0</size>
      </object_component>
      <object_component id="oc-165">
         <name>.data</name>
         <load_address>0x200037c0</load_address>
         <run_address>0x200037c0</run_address>
         <size>0x18</size>
         <input_file_ref idref="fl-3"/>
      </object_component>
      <object_component id="oc-139">
         <name>.data</name>
         <load_address>0x20003818</load_address>
         <run_address>0x20003818</run_address>
         <size>0x4</size>
         <input_file_ref idref="fl-c"/>
      </object_component>
      <object_component id="oc-1bf">
         <name>.data</name>
         <load_address>0x20003808</load_address>
         <run_address>0x20003808</run_address>
         <size>0x4</size>
         <input_file_ref idref="fl-c6"/>
      </object_component>
      <object_component id="oc-17f">
         <name>.data:_ftable</name>
         <load_address>0x20003608</load_address>
         <run_address>0x20003608</run_address>
         <size>0xf0</size>
         <input_file_ref idref="fl-cb"/>
      </object_component>
      <object_component id="oc-1d1">
         <name>.data</name>
         <load_address>0x200037d8</load_address>
         <run_address>0x200037d8</run_address>
         <size>0x10</size>
         <input_file_ref idref="fl-cb"/>
      </object_component>
      <object_component id="oc-b9">
         <name>.data:$O1$$</name>
         <load_address>0x200037e8</load_address>
         <run_address>0x200037e8</run_address>
         <size>0xc</size>
         <input_file_ref idref="fl-cc"/>
      </object_component>
      <object_component id="oc-1d4">
         <name>.data</name>
         <load_address>0x2000380c</load_address>
         <run_address>0x2000380c</run_address>
         <size>0x4</size>
         <input_file_ref idref="fl-d0"/>
      </object_component>
      <object_component id="oc-235">
         <name>.data</name>
         <load_address>0x20003810</load_address>
         <run_address>0x20003810</run_address>
         <size>0x4</size>
         <input_file_ref idref="fl-d6"/>
      </object_component>
      <object_component id="oc-74">
         <name>.data</name>
         <load_address>0x20003814</load_address>
         <run_address>0x20003814</run_address>
         <size>0x4</size>
         <input_file_ref idref="fl-d9"/>
      </object_component>
      <object_component id="oc-1c0">
         <name>.data:_device</name>
         <load_address>0x200036f8</load_address>
         <run_address>0x200036f8</run_address>
         <size>0x78</size>
         <input_file_ref idref="fl-dd"/>
      </object_component>
      <object_component id="oc-236">
         <name>.data:_stream</name>
         <load_address>0x20003770</load_address>
         <run_address>0x20003770</run_address>
         <size>0x50</size>
         <input_file_ref idref="fl-dd"/>
      </object_component>
      <object_component id="oc-bc">
         <name>.data:$O1$$</name>
         <load_address>0x20003800</load_address>
         <run_address>0x20003800</run_address>
         <size>0x8</size>
         <input_file_ref idref="fl-de"/>
      </object_component>
      <object_component id="oc-259">
         <name>.data:$O1$$</name>
         <load_address>0x200037f4</load_address>
         <run_address>0x200037f4</run_address>
         <size>0xc</size>
         <input_file_ref idref="fl-eb"/>
      </object_component>
      <object_component id="oc-2ac">
         <name>.bss:_CIOBUF_</name>
         <uninitialized>true</uninitialized>
         <run_address>0x20003000</run_address>
         <size>0x120</size>
         <input_file_ref idref="fl-f0"/>
      </object_component>
      <object_component id="oc-15c">
         <name>.common:Size</name>
         <uninitialized>true</uninitialized>
         <run_address>0x200031f4</run_address>
         <size>0x4</size>
      </object_component>
      <object_component id="oc-15a">
         <name>.common:x</name>
         <uninitialized>true</uninitialized>
         <run_address>0x20000000</run_address>
         <size>0x1000</size>
      </object_component>
      <object_component id="oc-157">
         <name>.common:Pt</name>
         <uninitialized>true</uninitialized>
         <run_address>0x200031e8</run_address>
         <size>0x4</size>
      </object_component>
      <object_component id="oc-15d">
         <name>.common:I1</name>
         <uninitialized>true</uninitialized>
         <run_address>0x200031d4</run_address>
         <size>0x4</size>
      </object_component>
      <object_component id="oc-15b">
         <name>.common:LPFSum</name>
         <uninitialized>true</uninitialized>
         <run_address>0x200031d8</run_address>
         <size>0x4</size>
      </object_component>
      <object_component id="oc-15f">
         <name>.common:x2</name>
         <uninitialized>true</uninitialized>
         <run_address>0x20001000</run_address>
         <size>0x1000</size>
      </object_component>
      <object_component id="oc-15e">
         <name>.common:Pt2</name>
         <uninitialized>true</uninitialized>
         <run_address>0x200031ec</run_address>
         <size>0x4</size>
      </object_component>
      <object_component id="oc-160">
         <name>.common:LPFSum2</name>
         <uninitialized>true</uninitialized>
         <run_address>0x200031dc</run_address>
         <size>0x4</size>
      </object_component>
      <object_component id="oc-162">
         <name>.common:x3</name>
         <uninitialized>true</uninitialized>
         <run_address>0x20002000</run_address>
         <size>0x1000</size>
      </object_component>
      <object_component id="oc-161">
         <name>.common:Pt3</name>
         <uninitialized>true</uninitialized>
         <run_address>0x200031f0</run_address>
         <size>0x4</size>
      </object_component>
      <object_component id="oc-163">
         <name>.common:LPFSum3</name>
         <uninitialized>true</uninitialized>
         <run_address>0x200031e0</run_address>
         <size>0x4</size>
      </object_component>
      <object_component id="oc-122">
         <name>.common:ADCflag</name>
         <uninitialized>true</uninitialized>
         <run_address>0x200031d0</run_address>
         <size>0x4</size>
      </object_component>
      <object_component id="oc-11d">
         <name>.common:nr</name>
         <uninitialized>true</uninitialized>
         <run_address>0x20003204</run_address>
         <size>0x4</size>
      </object_component>
      <object_component id="oc-120">
         <name>.common:nc</name>
         <uninitialized>true</uninitialized>
         <run_address>0x200031fc</run_address>
         <size>0x4</size>
      </object_component>
      <object_component id="oc-121">
         <name>.common:nl</name>
         <uninitialized>true</uninitialized>
         <run_address>0x20003200</run_address>
         <size>0x4</size>
      </object_component>
      <object_component id="oc-cb">
         <name>.common:TimerA1Task</name>
         <uninitialized>true</uninitialized>
         <run_address>0x200031f8</run_address>
         <size>0x4</size>
      </object_component>
      <object_component id="oc-16c">
         <name>.common:Messageindexb</name>
         <uninitialized>true</uninitialized>
         <run_address>0x200031e4</run_address>
         <size>0x4</size>
      </object_component>
      <object_component id="oc-169">
         <name>.common:Messageb</name>
         <uninitialized>true</uninitialized>
         <run_address>0x200031c0</run_address>
         <size>0x8</size>
      </object_component>
      <object_component id="oc-24d">
         <name>.common:__TI_tmpnams</name>
         <uninitialized>true</uninitialized>
         <run_address>0x20003120</run_address>
         <size>0xa0</size>
      </object_component>
      <object_component id="oc-275">
         <name>.common:parmbuf</name>
         <uninitialized>true</uninitialized>
         <run_address>0x200031c8</run_address>
         <size>0x8</size>
      </object_component>
      <object_component id="oc-30">
         <name>.sysmem</name>
         <uninitialized>true</uninitialized>
         <run_address>0x20003208</run_address>
         <size>0x8</size>
         <input_file_ref idref="fl-eb"/>
      </object_component>
      <object_component id="oc-2fa">
         <name>.sysmem</name>
         <uninitialized>true</uninitialized>
         <run_address>0x20003208</run_address>
         <size>0x0</size>
      </object_component>
      <object_component id="oc-2f">
         <name>.stack</name>
         <uninitialized>true</uninitialized>
         <run_address>0x2000fe00</run_address>
         <size>0x0</size>
         <input_file_ref idref="fl-c7"/>
      </object_component>
      <object_component id="oc-2f9">
         <name>.stack</name>
         <uninitialized>true</uninitialized>
         <run_address>0x2000fe00</run_address>
         <size>0x0</size>
      </object_component>
      <object_component id="oc-156">
         <name>.debug_info</name>
         <load_address>0x0</load_address>
         <run_address>0x0</run_address>
         <size>0x55a</size>
         <input_file_ref idref="fl-2"/>
      </object_component>
      <object_component id="oc-f4">
         <name>.debug_info</name>
         <load_address>0x55a</load_address>
         <run_address>0x55a</run_address>
         <size>0x725</size>
         <input_file_ref idref="fl-2"/>
      </object_component>
      <object_component id="oc-13f">
         <name>.debug_info</name>
         <load_address>0xc7f</load_address>
         <run_address>0xc7f</run_address>
         <size>0x37e2</size>
         <input_file_ref idref="fl-2"/>
      </object_component>
      <object_component id="oc-144">
         <name>.debug_info</name>
         <load_address>0x4461</load_address>
         <run_address>0x4461</run_address>
         <size>0x1055</size>
         <input_file_ref idref="fl-2"/>
      </object_component>
      <object_component id="oc-39">
         <name>.debug_info</name>
         <load_address>0x54b6</load_address>
         <run_address>0x54b6</run_address>
         <size>0x84</size>
         <input_file_ref idref="fl-2"/>
      </object_component>
      <object_component id="oc-cf">
         <name>.debug_info</name>
         <load_address>0x553a</load_address>
         <run_address>0x553a</run_address>
         <size>0x18b</size>
         <input_file_ref idref="fl-2"/>
      </object_component>
      <object_component id="oc-166">
         <name>.debug_info</name>
         <load_address>0x56c5</load_address>
         <run_address>0x56c5</run_address>
         <size>0x1c2</size>
         <input_file_ref idref="fl-3"/>
      </object_component>
      <object_component id="oc-101">
         <name>.debug_info</name>
         <load_address>0x5887</load_address>
         <run_address>0x5887</run_address>
         <size>0x4a8</size>
         <input_file_ref idref="fl-3"/>
      </object_component>
      <object_component id="oc-113">
         <name>.debug_info</name>
         <load_address>0x5d2f</load_address>
         <run_address>0x5d2f</run_address>
         <size>0x469</size>
         <input_file_ref idref="fl-4"/>
      </object_component>
      <object_component id="oc-118">
         <name>.debug_info</name>
         <load_address>0x6198</load_address>
         <run_address>0x6198</run_address>
         <size>0x491</size>
         <input_file_ref idref="fl-5"/>
      </object_component>
      <object_component id="oc-158">
         <name>.debug_info</name>
         <load_address>0x6629</load_address>
         <run_address>0x6629</run_address>
         <size>0x671</size>
         <input_file_ref idref="fl-6"/>
      </object_component>
      <object_component id="oc-fd">
         <name>.debug_info</name>
         <load_address>0x6c9a</load_address>
         <run_address>0x6c9a</run_address>
         <size>0x828</size>
         <input_file_ref idref="fl-6"/>
      </object_component>
      <object_component id="oc-11e">
         <name>.debug_info</name>
         <load_address>0x74c2</load_address>
         <run_address>0x74c2</run_address>
         <size>0x8cd</size>
         <input_file_ref idref="fl-7"/>
      </object_component>
      <object_component id="oc-b2">
         <name>.debug_info</name>
         <load_address>0x7d8f</load_address>
         <run_address>0x7d8f</run_address>
         <size>0x3e9</size>
         <input_file_ref idref="fl-7"/>
      </object_component>
      <object_component id="oc-10c">
         <name>.debug_info</name>
         <load_address>0x8178</load_address>
         <run_address>0x8178</run_address>
         <size>0x414</size>
         <input_file_ref idref="fl-8"/>
      </object_component>
      <object_component id="oc-cc">
         <name>.debug_info</name>
         <load_address>0x858c</load_address>
         <run_address>0x858c</run_address>
         <size>0x585</size>
         <input_file_ref idref="fl-9"/>
      </object_component>
      <object_component id="oc-80">
         <name>.debug_info</name>
         <load_address>0x8b11</load_address>
         <run_address>0x8b11</run_address>
         <size>0x356</size>
         <input_file_ref idref="fl-9"/>
      </object_component>
      <object_component id="oc-16a">
         <name>.debug_info</name>
         <load_address>0x8e67</load_address>
         <run_address>0x8e67</run_address>
         <size>0x798</size>
         <input_file_ref idref="fl-a"/>
      </object_component>
      <object_component id="oc-106">
         <name>.debug_info</name>
         <load_address>0x95ff</load_address>
         <run_address>0x95ff</run_address>
         <size>0x1cf6</size>
         <input_file_ref idref="fl-a"/>
      </object_component>
      <object_component id="oc-1ae">
         <name>.debug_info</name>
         <load_address>0xb2f5</load_address>
         <run_address>0xb2f5</run_address>
         <size>0xc8</size>
         <input_file_ref idref="fl-a"/>
      </object_component>
      <object_component id="oc-183">
         <name>.debug_info</name>
         <load_address>0xb3bd</load_address>
         <run_address>0xb3bd</run_address>
         <size>0x2c</size>
         <input_file_ref idref="fl-a"/>
      </object_component>
      <object_component id="oc-86">
         <name>.debug_info</name>
         <load_address>0xb3e9</load_address>
         <run_address>0xb3e9</run_address>
         <size>0x2c6</size>
         <input_file_ref idref="fl-b"/>
      </object_component>
      <object_component id="oc-2d">
         <name>.debug_info</name>
         <load_address>0xb6af</load_address>
         <run_address>0xb6af</run_address>
         <size>0x104</size>
         <input_file_ref idref="fl-b"/>
      </object_component>
      <object_component id="oc-7b">
         <name>.debug_info</name>
         <load_address>0xb7b3</load_address>
         <run_address>0xb7b3</run_address>
         <size>0x1cb</size>
         <input_file_ref idref="fl-b"/>
      </object_component>
      <object_component id="oc-13a">
         <name>.debug_info</name>
         <load_address>0xb97e</load_address>
         <run_address>0xb97e</run_address>
         <size>0xfd</size>
         <input_file_ref idref="fl-c"/>
      </object_component>
      <object_component id="oc-c8">
         <name>.debug_info</name>
         <load_address>0xba7b</load_address>
         <run_address>0xba7b</run_address>
         <size>0x26f</size>
         <input_file_ref idref="fl-c"/>
      </object_component>
      <object_component id="oc-1c4">
         <name>.debug_info</name>
         <load_address>0xbcea</load_address>
         <run_address>0xbcea</run_address>
         <size>0x430</size>
         <input_file_ref idref="fl-c6"/>
      </object_component>
      <object_component id="oc-171">
         <name>.debug_info</name>
         <load_address>0xc11a</load_address>
         <run_address>0xc11a</run_address>
         <size>0x2d0</size>
         <input_file_ref idref="fl-c6"/>
      </object_component>
      <object_component id="oc-230">
         <name>.debug_info</name>
         <load_address>0xc3ea</load_address>
         <run_address>0xc3ea</run_address>
         <size>0xea</size>
         <input_file_ref idref="fl-c6"/>
      </object_component>
      <object_component id="oc-22b">
         <name>.debug_info</name>
         <load_address>0xc4d4</load_address>
         <run_address>0xc4d4</run_address>
         <size>0x2c</size>
         <input_file_ref idref="fl-c6"/>
      </object_component>
      <object_component id="oc-27">
         <name>.debug_info</name>
         <load_address>0xc500</load_address>
         <run_address>0xc500</run_address>
         <size>0x160</size>
         <input_file_ref idref="fl-c7"/>
      </object_component>
      <object_component id="oc-90">
         <name>.debug_info</name>
         <load_address>0xc660</load_address>
         <run_address>0xc660</run_address>
         <size>0x293</size>
         <input_file_ref idref="fl-c8"/>
      </object_component>
      <object_component id="oc-15">
         <name>.debug_info</name>
         <load_address>0xc8f3</load_address>
         <run_address>0xc8f3</run_address>
         <size>0x245</size>
         <input_file_ref idref="fl-c8"/>
      </object_component>
      <object_component id="oc-34">
         <name>.debug_info</name>
         <load_address>0xcb38</load_address>
         <run_address>0xcb38</run_address>
         <size>0x60</size>
         <input_file_ref idref="fl-c8"/>
      </object_component>
      <object_component id="oc-8b">
         <name>.debug_info</name>
         <load_address>0xcb98</load_address>
         <run_address>0xcb98</run_address>
         <size>0x46</size>
         <input_file_ref idref="fl-c8"/>
      </object_component>
      <object_component id="oc-49">
         <name>.debug_info</name>
         <load_address>0xcbde</load_address>
         <run_address>0xcbde</run_address>
         <size>0x2da</size>
         <input_file_ref idref="fl-c9"/>
      </object_component>
      <object_component id="oc-1e">
         <name>.debug_info</name>
         <load_address>0xceb8</load_address>
         <run_address>0xceb8</run_address>
         <size>0x1df</size>
         <input_file_ref idref="fl-c9"/>
      </object_component>
      <object_component id="oc-44">
         <name>.debug_info</name>
         <load_address>0xd097</load_address>
         <run_address>0xd097</run_address>
         <size>0x46</size>
         <input_file_ref idref="fl-c9"/>
      </object_component>
      <object_component id="oc-92">
         <name>.debug_info</name>
         <load_address>0xd0dd</load_address>
         <run_address>0xd0dd</run_address>
         <size>0x2c</size>
         <input_file_ref idref="fl-c9"/>
      </object_component>
      <object_component id="oc-55">
         <name>.debug_info</name>
         <load_address>0xd109</load_address>
         <run_address>0xd109</run_address>
         <size>0x2c9</size>
         <input_file_ref idref="fl-ca"/>
      </object_component>
      <object_component id="oc-21">
         <name>.debug_info</name>
         <load_address>0xd3d2</load_address>
         <run_address>0xd3d2</run_address>
         <size>0x1aa</size>
         <input_file_ref idref="fl-ca"/>
      </object_component>
      <object_component id="oc-50">
         <name>.debug_info</name>
         <load_address>0xd57c</load_address>
         <run_address>0xd57c</run_address>
         <size>0x46</size>
         <input_file_ref idref="fl-ca"/>
      </object_component>
      <object_component id="oc-9a">
         <name>.debug_info</name>
         <load_address>0xd5c2</load_address>
         <run_address>0xd5c2</run_address>
         <size>0x2c</size>
         <input_file_ref idref="fl-ca"/>
      </object_component>
      <object_component id="oc-1e6">
         <name>.debug_info</name>
         <load_address>0xd5ee</load_address>
         <run_address>0xd5ee</run_address>
         <size>0x139</size>
         <input_file_ref idref="fl-cb"/>
      </object_component>
      <object_component id="oc-180">
         <name>.debug_info</name>
         <load_address>0xd727</load_address>
         <run_address>0xd727</run_address>
         <size>0xf7</size>
         <input_file_ref idref="fl-cb"/>
      </object_component>
      <object_component id="oc-1d2">
         <name>.debug_info</name>
         <load_address>0xd81e</load_address>
         <run_address>0xd81e</run_address>
         <size>0x184</size>
         <input_file_ref idref="fl-cb"/>
      </object_component>
      <object_component id="oc-254">
         <name>.debug_info</name>
         <load_address>0xd9a2</load_address>
         <run_address>0xd9a2</run_address>
         <size>0xae</size>
         <input_file_ref idref="fl-cb"/>
      </object_component>
      <object_component id="oc-c0">
         <name>.debug_info</name>
         <load_address>0xda50</load_address>
         <run_address>0xda50</run_address>
         <size>0x3ce</size>
         <input_file_ref idref="fl-cc"/>
      </object_component>
      <object_component id="oc-ba">
         <name>.debug_info</name>
         <load_address>0xde1e</load_address>
         <run_address>0xde1e</run_address>
         <size>0x185</size>
         <input_file_ref idref="fl-cc"/>
      </object_component>
      <object_component id="oc-71">
         <name>.debug_info</name>
         <load_address>0xdfa3</load_address>
         <run_address>0xdfa3</run_address>
         <size>0x214</size>
         <input_file_ref idref="fl-cc"/>
      </object_component>
      <object_component id="oc-190">
         <name>.debug_info</name>
         <load_address>0xe1b7</load_address>
         <run_address>0xe1b7</run_address>
         <size>0x144</size>
         <input_file_ref idref="fl-cd"/>
      </object_component>
      <object_component id="oc-195">
         <name>.debug_info</name>
         <load_address>0xe2fb</load_address>
         <run_address>0xe2fb</run_address>
         <size>0x132</size>
         <input_file_ref idref="fl-ce"/>
      </object_component>
      <object_component id="oc-19b">
         <name>.debug_info</name>
         <load_address>0xe42d</load_address>
         <run_address>0xe42d</run_address>
         <size>0x131</size>
         <input_file_ref idref="fl-cf"/>
      </object_component>
      <object_component id="oc-1d6">
         <name>.debug_info</name>
         <load_address>0xe55e</load_address>
         <run_address>0xe55e</run_address>
         <size>0x3d6</size>
         <input_file_ref idref="fl-d0"/>
      </object_component>
      <object_component id="oc-175">
         <name>.debug_info</name>
         <load_address>0xe934</load_address>
         <run_address>0xe934</run_address>
         <size>0x455</size>
         <input_file_ref idref="fl-d0"/>
      </object_component>
      <object_component id="oc-d8">
         <name>.debug_info</name>
         <load_address>0xed89</load_address>
         <run_address>0xed89</run_address>
         <size>0x2c</size>
         <input_file_ref idref="fl-d0"/>
      </object_component>
      <object_component id="oc-1f9">
         <name>.debug_info</name>
         <load_address>0xedb5</load_address>
         <run_address>0xedb5</run_address>
         <size>0x417</size>
         <input_file_ref idref="fl-d1"/>
      </object_component>
      <object_component id="oc-1b5">
         <name>.debug_info</name>
         <load_address>0xf1cc</load_address>
         <run_address>0xf1cc</run_address>
         <size>0x282</size>
         <input_file_ref idref="fl-d1"/>
      </object_component>
      <object_component id="oc-18b">
         <name>.debug_info</name>
         <load_address>0xf44e</load_address>
         <run_address>0xf44e</run_address>
         <size>0x124</size>
         <input_file_ref idref="fl-d2"/>
      </object_component>
      <object_component id="oc-3f">
         <name>.debug_info</name>
         <load_address>0xf572</load_address>
         <run_address>0xf572</run_address>
         <size>0x111</size>
         <input_file_ref idref="fl-d3"/>
      </object_component>
      <object_component id="oc-4b">
         <name>.debug_info</name>
         <load_address>0xf683</load_address>
         <run_address>0xf683</run_address>
         <size>0x13f</size>
         <input_file_ref idref="fl-d4"/>
      </object_component>
      <object_component id="oc-57">
         <name>.debug_info</name>
         <load_address>0xf7c2</load_address>
         <run_address>0xf7c2</run_address>
         <size>0x138</size>
         <input_file_ref idref="fl-d5"/>
      </object_component>
      <object_component id="oc-23a">
         <name>.debug_info</name>
         <load_address>0xf8fa</load_address>
         <run_address>0xf8fa</run_address>
         <size>0x3f7</size>
         <input_file_ref idref="fl-d6"/>
      </object_component>
      <object_component id="oc-1c8">
         <name>.debug_info</name>
         <load_address>0xfcf1</load_address>
         <run_address>0xfcf1</run_address>
         <size>0x23a</size>
         <input_file_ref idref="fl-d6"/>
      </object_component>
      <object_component id="oc-28d">
         <name>.debug_info</name>
         <load_address>0xff2b</load_address>
         <run_address>0xff2b</run_address>
         <size>0x120</size>
         <input_file_ref idref="fl-d6"/>
      </object_component>
      <object_component id="oc-5e">
         <name>.debug_info</name>
         <load_address>0x1004b</load_address>
         <run_address>0x1004b</run_address>
         <size>0x148</size>
         <input_file_ref idref="fl-d7"/>
      </object_component>
      <object_component id="oc-1de">
         <name>.debug_info</name>
         <load_address>0x10193</load_address>
         <run_address>0x10193</run_address>
         <size>0x35a</size>
         <input_file_ref idref="fl-d8"/>
      </object_component>
      <object_component id="oc-17a">
         <name>.debug_info</name>
         <load_address>0x104ed</load_address>
         <run_address>0x104ed</run_address>
         <size>0x200</size>
         <input_file_ref idref="fl-d8"/>
      </object_component>
      <object_component id="oc-1df">
         <name>.debug_info</name>
         <load_address>0x106ed</load_address>
         <run_address>0x106ed</run_address>
         <size>0xbb</size>
         <input_file_ref idref="fl-d8"/>
      </object_component>
      <object_component id="oc-75">
         <name>.debug_info</name>
         <load_address>0x107a8</load_address>
         <run_address>0x107a8</run_address>
         <size>0x109</size>
         <input_file_ref idref="fl-d9"/>
      </object_component>
      <object_component id="oc-264">
         <name>.debug_info</name>
         <load_address>0x108b1</load_address>
         <run_address>0x108b1</run_address>
         <size>0x28f</size>
         <input_file_ref idref="fl-da"/>
      </object_component>
      <object_component id="oc-1f6">
         <name>.debug_info</name>
         <load_address>0x10b40</load_address>
         <run_address>0x10b40</run_address>
         <size>0x244</size>
         <input_file_ref idref="fl-da"/>
      </object_component>
      <object_component id="oc-262">
         <name>.debug_info</name>
         <load_address>0x10d84</load_address>
         <run_address>0x10d84</run_address>
         <size>0x27f</size>
         <input_file_ref idref="fl-db"/>
      </object_component>
      <object_component id="oc-1ed">
         <name>.debug_info</name>
         <load_address>0x11003</load_address>
         <run_address>0x11003</run_address>
         <size>0x258</size>
         <input_file_ref idref="fl-db"/>
      </object_component>
      <object_component id="oc-1fb">
         <name>.debug_info</name>
         <load_address>0x1125b</load_address>
         <run_address>0x1125b</run_address>
         <size>0x290</size>
         <input_file_ref idref="fl-dc"/>
      </object_component>
      <object_component id="oc-1bc">
         <name>.debug_info</name>
         <load_address>0x114eb</load_address>
         <run_address>0x114eb</run_address>
         <size>0x259</size>
         <input_file_ref idref="fl-dc"/>
      </object_component>
      <object_component id="oc-228">
         <name>.debug_info</name>
         <load_address>0x11744</load_address>
         <run_address>0x11744</run_address>
         <size>0x4c5</size>
         <input_file_ref idref="fl-dd"/>
      </object_component>
      <object_component id="oc-1c1">
         <name>.debug_info</name>
         <load_address>0x11c09</load_address>
         <run_address>0x11c09</run_address>
         <size>0xf8</size>
         <input_file_ref idref="fl-dd"/>
      </object_component>
      <object_component id="oc-237">
         <name>.debug_info</name>
         <load_address>0x11d01</load_address>
         <run_address>0x11d01</run_address>
         <size>0xf8</size>
         <input_file_ref idref="fl-dd"/>
      </object_component>
      <object_component id="oc-298">
         <name>.debug_info</name>
         <load_address>0x11df9</load_address>
         <run_address>0x11df9</run_address>
         <size>0x184</size>
         <input_file_ref idref="fl-dd"/>
      </object_component>
      <object_component id="oc-135">
         <name>.debug_info</name>
         <load_address>0x11f7d</load_address>
         <run_address>0x11f7d</run_address>
         <size>0x2be</size>
         <input_file_ref idref="fl-de"/>
      </object_component>
      <object_component id="oc-bd">
         <name>.debug_info</name>
         <load_address>0x1223b</load_address>
         <run_address>0x1223b</run_address>
         <size>0x113</size>
         <input_file_ref idref="fl-de"/>
      </object_component>
      <object_component id="oc-12e">
         <name>.debug_info</name>
         <load_address>0x1234e</load_address>
         <run_address>0x1234e</run_address>
         <size>0x21f</size>
         <input_file_ref idref="fl-de"/>
      </object_component>
      <object_component id="oc-b8">
         <name>.debug_info</name>
         <load_address>0x1256d</load_address>
         <run_address>0x1256d</run_address>
         <size>0x300</size>
         <input_file_ref idref="fl-df"/>
      </object_component>
      <object_component id="oc-6a">
         <name>.debug_info</name>
         <load_address>0x1286d</load_address>
         <run_address>0x1286d</run_address>
         <size>0x167</size>
         <input_file_ref idref="fl-df"/>
      </object_component>
      <object_component id="oc-126">
         <name>.debug_info</name>
         <load_address>0x129d4</load_address>
         <run_address>0x129d4</run_address>
         <size>0x5e</size>
         <input_file_ref idref="fl-df"/>
      </object_component>
      <object_component id="oc-b0">
         <name>.debug_info</name>
         <load_address>0x12a32</load_address>
         <run_address>0x12a32</run_address>
         <size>0x483</size>
         <input_file_ref idref="fl-e0"/>
      </object_component>
      <object_component id="oc-64">
         <name>.debug_info</name>
         <load_address>0x12eb5</load_address>
         <run_address>0x12eb5</run_address>
         <size>0x190</size>
         <input_file_ref idref="fl-e0"/>
      </object_component>
      <object_component id="oc-e9">
         <name>.debug_info</name>
         <load_address>0x13045</load_address>
         <run_address>0x13045</run_address>
         <size>0x39</size>
         <input_file_ref idref="fl-e0"/>
      </object_component>
      <object_component id="oc-150">
         <name>.debug_info</name>
         <load_address>0x1307e</load_address>
         <run_address>0x1307e</run_address>
         <size>0x39</size>
         <input_file_ref idref="fl-e0"/>
      </object_component>
      <object_component id="oc-ee">
         <name>.debug_info</name>
         <load_address>0x130b7</load_address>
         <run_address>0x130b7</run_address>
         <size>0xcd</size>
         <input_file_ref idref="fl-e0"/>
      </object_component>
      <object_component id="oc-e5">
         <name>.debug_info</name>
         <load_address>0x13184</load_address>
         <run_address>0x13184</run_address>
         <size>0x37a</size>
         <input_file_ref idref="fl-e1"/>
      </object_component>
      <object_component id="oc-a5">
         <name>.debug_info</name>
         <load_address>0x134fe</load_address>
         <run_address>0x134fe</run_address>
         <size>0x183</size>
         <input_file_ref idref="fl-e1"/>
      </object_component>
      <object_component id="oc-14b">
         <name>.debug_info</name>
         <load_address>0x13681</load_address>
         <run_address>0x13681</run_address>
         <size>0x2c</size>
         <input_file_ref idref="fl-e1"/>
      </object_component>
      <object_component id="oc-24f">
         <name>.debug_info</name>
         <load_address>0x136ad</load_address>
         <run_address>0x136ad</run_address>
         <size>0x39a</size>
         <input_file_ref idref="fl-e2"/>
      </object_component>
      <object_component id="oc-1cc">
         <name>.debug_info</name>
         <load_address>0x13a47</load_address>
         <run_address>0x13a47</run_address>
         <size>0x298</size>
         <input_file_ref idref="fl-e2"/>
      </object_component>
      <object_component id="oc-29d">
         <name>.debug_info</name>
         <load_address>0x13cdf</load_address>
         <run_address>0x13cdf</run_address>
         <size>0x33c</size>
         <input_file_ref idref="fl-e3"/>
      </object_component>
      <object_component id="oc-23c">
         <name>.debug_info</name>
         <load_address>0x1401b</load_address>
         <run_address>0x1401b</run_address>
         <size>0x25a</size>
         <input_file_ref idref="fl-e3"/>
      </object_component>
      <object_component id="oc-27a">
         <name>.debug_info</name>
         <load_address>0x14275</load_address>
         <run_address>0x14275</run_address>
         <size>0x368</size>
         <input_file_ref idref="fl-e4"/>
      </object_component>
      <object_component id="oc-205">
         <name>.debug_info</name>
         <load_address>0x145dd</load_address>
         <run_address>0x145dd</run_address>
         <size>0x1b1</size>
         <input_file_ref idref="fl-e4"/>
      </object_component>
      <object_component id="oc-280">
         <name>.debug_info</name>
         <load_address>0x1478e</load_address>
         <run_address>0x1478e</run_address>
         <size>0x36d</size>
         <input_file_ref idref="fl-e5"/>
      </object_component>
      <object_component id="oc-215">
         <name>.debug_info</name>
         <load_address>0x14afb</load_address>
         <run_address>0x14afb</run_address>
         <size>0x205</size>
         <input_file_ref idref="fl-e5"/>
      </object_component>
      <object_component id="oc-276">
         <name>.debug_info</name>
         <load_address>0x14d00</load_address>
         <run_address>0x14d00</run_address>
         <size>0x3cb</size>
         <input_file_ref idref="fl-e6"/>
      </object_component>
      <object_component id="oc-200">
         <name>.debug_info</name>
         <load_address>0x150cb</load_address>
         <run_address>0x150cb</run_address>
         <size>0x201</size>
         <input_file_ref idref="fl-e6"/>
      </object_component>
      <object_component id="oc-27c">
         <name>.debug_info</name>
         <load_address>0x152cc</load_address>
         <run_address>0x152cc</run_address>
         <size>0x36c</size>
         <input_file_ref idref="fl-e7"/>
      </object_component>
      <object_component id="oc-20b">
         <name>.debug_info</name>
         <load_address>0x15638</load_address>
         <run_address>0x15638</run_address>
         <size>0x1f0</size>
         <input_file_ref idref="fl-e7"/>
      </object_component>
      <object_component id="oc-28a">
         <name>.debug_info</name>
         <load_address>0x15828</load_address>
         <run_address>0x15828</run_address>
         <size>0x3f3</size>
         <input_file_ref idref="fl-e8"/>
      </object_component>
      <object_component id="oc-222">
         <name>.debug_info</name>
         <load_address>0x15c1b</load_address>
         <run_address>0x15c1b</run_address>
         <size>0x22b</size>
         <input_file_ref idref="fl-e8"/>
      </object_component>
      <object_component id="oc-282">
         <name>.debug_info</name>
         <load_address>0x15e46</load_address>
         <run_address>0x15e46</run_address>
         <size>0x3be</size>
         <input_file_ref idref="fl-e9"/>
      </object_component>
      <object_component id="oc-21b">
         <name>.debug_info</name>
         <load_address>0x16204</load_address>
         <run_address>0x16204</run_address>
         <size>0x1bb</size>
         <input_file_ref idref="fl-e9"/>
      </object_component>
      <object_component id="oc-27e">
         <name>.debug_info</name>
         <load_address>0x163bf</load_address>
         <run_address>0x163bf</run_address>
         <size>0x36d</size>
         <input_file_ref idref="fl-ea"/>
      </object_component>
      <object_component id="oc-20f">
         <name>.debug_info</name>
         <load_address>0x1672c</load_address>
         <run_address>0x1672c</run_address>
         <size>0x1f5</size>
         <input_file_ref idref="fl-ea"/>
      </object_component>
      <object_component id="oc-89">
         <name>.debug_info</name>
         <load_address>0x16921</load_address>
         <run_address>0x16921</run_address>
         <size>0x3bc</size>
         <input_file_ref idref="fl-eb"/>
      </object_component>
      <object_component id="oc-31">
         <name>.debug_info</name>
         <load_address>0x16cdd</load_address>
         <run_address>0x16cdd</run_address>
         <size>0x101</size>
         <input_file_ref idref="fl-eb"/>
      </object_component>
      <object_component id="oc-25a">
         <name>.debug_info</name>
         <load_address>0x16dde</load_address>
         <run_address>0x16dde</run_address>
         <size>0x14c</size>
         <input_file_ref idref="fl-eb"/>
      </object_component>
      <object_component id="oc-1d9">
         <name>.debug_info</name>
         <load_address>0x16f2a</load_address>
         <run_address>0x16f2a</run_address>
         <size>0x885</size>
         <input_file_ref idref="fl-eb"/>
      </object_component>
      <object_component id="oc-dd">
         <name>.debug_info</name>
         <load_address>0x177af</load_address>
         <run_address>0x177af</run_address>
         <size>0x62</size>
         <input_file_ref idref="fl-eb"/>
      </object_component>
      <object_component id="oc-ac">
         <name>.debug_info</name>
         <load_address>0x17811</load_address>
         <run_address>0x17811</run_address>
         <size>0x145</size>
         <input_file_ref idref="fl-ed"/>
      </object_component>
      <object_component id="oc-2be">
         <name>.debug_info</name>
         <load_address>0x17956</load_address>
         <run_address>0x17956</run_address>
         <size>0x28a</size>
         <input_file_ref idref="fl-ee"/>
      </object_component>
      <object_component id="oc-284">
         <name>.debug_info</name>
         <load_address>0x17be0</load_address>
         <run_address>0x17be0</run_address>
         <size>0x231</size>
         <input_file_ref idref="fl-ee"/>
      </object_component>
      <object_component id="oc-2ab">
         <name>.debug_info</name>
         <load_address>0x17e11</load_address>
         <run_address>0x17e11</run_address>
         <size>0x284</size>
         <input_file_ref idref="fl-ef"/>
      </object_component>
      <object_component id="oc-26a">
         <name>.debug_info</name>
         <load_address>0x18095</load_address>
         <run_address>0x18095</run_address>
         <size>0x22a</size>
         <input_file_ref idref="fl-ef"/>
      </object_component>
      <object_component id="oc-2b0">
         <name>.debug_info</name>
         <load_address>0x182bf</load_address>
         <run_address>0x182bf</run_address>
         <size>0x2b0</size>
         <input_file_ref idref="fl-f0"/>
      </object_component>
      <object_component id="oc-2ad">
         <name>.debug_info</name>
         <load_address>0x1856f</load_address>
         <run_address>0x1856f</run_address>
         <size>0xfd</size>
         <input_file_ref idref="fl-f0"/>
      </object_component>
      <object_component id="oc-270">
         <name>.debug_info</name>
         <load_address>0x1866c</load_address>
         <run_address>0x1866c</run_address>
         <size>0x281</size>
         <input_file_ref idref="fl-f0"/>
      </object_component>
      <object_component id="oc-2a1">
         <name>.debug_info</name>
         <load_address>0x188ed</load_address>
         <run_address>0x188ed</run_address>
         <size>0x3c6</size>
         <input_file_ref idref="fl-f1"/>
      </object_component>
      <object_component id="oc-24b">
         <name>.debug_info</name>
         <load_address>0x18cb3</load_address>
         <run_address>0x18cb3</run_address>
         <size>0x19a</size>
         <input_file_ref idref="fl-f1"/>
      </object_component>
      <object_component id="oc-29f">
         <name>.debug_info</name>
         <load_address>0x18e4d</load_address>
         <run_address>0x18e4d</run_address>
         <size>0x3c4</size>
         <input_file_ref idref="fl-f2"/>
      </object_component>
      <object_component id="oc-242">
         <name>.debug_info</name>
         <load_address>0x19211</load_address>
         <run_address>0x19211</run_address>
         <size>0x18a</size>
         <input_file_ref idref="fl-f2"/>
      </object_component>
      <object_component id="oc-2fb">
         <name>.debug_info</name>
         <load_address>0x1939b</load_address>
         <run_address>0x1939b</run_address>
         <size>0xb3</size>
      </object_component>
      <object_component id="oc-1a7">
         <name>.debug_line</name>
         <load_address>0x0</load_address>
         <run_address>0x0</run_address>
         <size>0x20</size>
         <input_file_ref idref="fl-2"/>
      </object_component>
      <object_component id="oc-f7">
         <name>.debug_line</name>
         <load_address>0x20</load_address>
         <run_address>0x20</run_address>
         <size>0x17b</size>
         <input_file_ref idref="fl-2"/>
      </object_component>
      <object_component id="oc-142">
         <name>.debug_line</name>
         <load_address>0x19b</load_address>
         <run_address>0x19b</run_address>
         <size>0x52</size>
         <input_file_ref idref="fl-2"/>
      </object_component>
      <object_component id="oc-147">
         <name>.debug_line</name>
         <load_address>0x1ed</load_address>
         <run_address>0x1ed</run_address>
         <size>0x55</size>
         <input_file_ref idref="fl-2"/>
      </object_component>
      <object_component id="oc-3c">
         <name>.debug_line</name>
         <load_address>0x242</load_address>
         <run_address>0x242</run_address>
         <size>0x20</size>
         <input_file_ref idref="fl-2"/>
      </object_component>
      <object_component id="oc-d2">
         <name>.debug_line</name>
         <load_address>0x262</load_address>
         <run_address>0x262</run_address>
         <size>0x65</size>
         <input_file_ref idref="fl-2"/>
      </object_component>
      <object_component id="oc-1ab">
         <name>.debug_line</name>
         <load_address>0x2c7</load_address>
         <run_address>0x2c7</run_address>
         <size>0x5b</size>
         <input_file_ref idref="fl-3"/>
      </object_component>
      <object_component id="oc-104">
         <name>.debug_line</name>
         <load_address>0x322</load_address>
         <run_address>0x322</run_address>
         <size>0x128</size>
         <input_file_ref idref="fl-3"/>
      </object_component>
      <object_component id="oc-115">
         <name>.debug_line</name>
         <load_address>0x44a</load_address>
         <run_address>0x44a</run_address>
         <size>0xdf</size>
         <input_file_ref idref="fl-4"/>
      </object_component>
      <object_component id="oc-11c">
         <name>.debug_line</name>
         <load_address>0x529</load_address>
         <run_address>0x529</run_address>
         <size>0xc7</size>
         <input_file_ref idref="fl-5"/>
      </object_component>
      <object_component id="oc-1a9">
         <name>.debug_line</name>
         <load_address>0x5f0</load_address>
         <run_address>0x5f0</run_address>
         <size>0x59</size>
         <input_file_ref idref="fl-6"/>
      </object_component>
      <object_component id="oc-fa">
         <name>.debug_line</name>
         <load_address>0x649</load_address>
         <run_address>0x649</run_address>
         <size>0x1b8</size>
         <input_file_ref idref="fl-6"/>
      </object_component>
      <object_component id="oc-1a0">
         <name>.debug_line</name>
         <load_address>0x801</load_address>
         <run_address>0x801</run_address>
         <size>0xe8</size>
         <input_file_ref idref="fl-7"/>
      </object_component>
      <object_component id="oc-b6">
         <name>.debug_line</name>
         <load_address>0x8e9</load_address>
         <run_address>0x8e9</run_address>
         <size>0xa0</size>
         <input_file_ref idref="fl-7"/>
      </object_component>
      <object_component id="oc-110">
         <name>.debug_line</name>
         <load_address>0x989</load_address>
         <run_address>0x989</run_address>
         <size>0xd1</size>
         <input_file_ref idref="fl-8"/>
      </object_component>
      <object_component id="oc-13e">
         <name>.debug_line</name>
         <load_address>0xa5a</load_address>
         <run_address>0xa5a</run_address>
         <size>0x5d</size>
         <input_file_ref idref="fl-9"/>
      </object_component>
      <object_component id="oc-83">
         <name>.debug_line</name>
         <load_address>0xab7</load_address>
         <run_address>0xab7</run_address>
         <size>0xb4</size>
         <input_file_ref idref="fl-9"/>
      </object_component>
      <object_component id="oc-1ad">
         <name>.debug_line</name>
         <load_address>0xb6b</load_address>
         <run_address>0xb6b</run_address>
         <size>0xe2</size>
         <input_file_ref idref="fl-a"/>
      </object_component>
      <object_component id="oc-109">
         <name>.debug_line</name>
         <load_address>0xc4d</load_address>
         <run_address>0xc4d</run_address>
         <size>0x4da</size>
         <input_file_ref idref="fl-a"/>
      </object_component>
      <object_component id="oc-1b1">
         <name>.debug_line</name>
         <load_address>0x1127</load_address>
         <run_address>0x1127</run_address>
         <size>0x64</size>
         <input_file_ref idref="fl-a"/>
      </object_component>
      <object_component id="oc-186">
         <name>.debug_line</name>
         <load_address>0x118b</load_address>
         <run_address>0x118b</run_address>
         <size>0x63</size>
         <input_file_ref idref="fl-a"/>
      </object_component>
      <object_component id="oc-d5">
         <name>.debug_line</name>
         <load_address>0x11ee</load_address>
         <run_address>0x11ee</run_address>
         <size>0x40</size>
         <input_file_ref idref="fl-b"/>
      </object_component>
      <object_component id="oc-85">
         <name>.debug_line</name>
         <load_address>0x122e</load_address>
         <run_address>0x122e</run_address>
         <size>0x40</size>
         <input_file_ref idref="fl-b"/>
      </object_component>
      <object_component id="oc-7a">
         <name>.debug_line</name>
         <load_address>0x126e</load_address>
         <run_address>0x126e</run_address>
         <size>0x71</size>
         <input_file_ref idref="fl-b"/>
      </object_component>
      <object_component id="oc-1a5">
         <name>.debug_line</name>
         <load_address>0x12df</load_address>
         <run_address>0x12df</run_address>
         <size>0x3b</size>
         <input_file_ref idref="fl-c"/>
      </object_component>
      <object_component id="oc-c7">
         <name>.debug_line</name>
         <load_address>0x131a</load_address>
         <run_address>0x131a</run_address>
         <size>0x146</size>
         <input_file_ref idref="fl-c"/>
      </object_component>
      <object_component id="oc-22a">
         <name>.debug_line</name>
         <load_address>0x1460</load_address>
         <run_address>0x1460</run_address>
         <size>0xff</size>
         <input_file_ref idref="fl-c6"/>
      </object_component>
      <object_component id="oc-16f">
         <name>.debug_line</name>
         <load_address>0x155f</load_address>
         <run_address>0x155f</run_address>
         <size>0xa0</size>
         <input_file_ref idref="fl-c6"/>
      </object_component>
      <object_component id="oc-233">
         <name>.debug_line</name>
         <load_address>0x15ff</load_address>
         <run_address>0x15ff</run_address>
         <size>0x2c</size>
         <input_file_ref idref="fl-c6"/>
      </object_component>
      <object_component id="oc-22e">
         <name>.debug_line</name>
         <load_address>0x162b</load_address>
         <run_address>0x162b</run_address>
         <size>0x89</size>
         <input_file_ref idref="fl-c6"/>
      </object_component>
      <object_component id="oc-2a">
         <name>.debug_line</name>
         <load_address>0x16b4</load_address>
         <run_address>0x16b4</run_address>
         <size>0x53</size>
         <input_file_ref idref="fl-c7"/>
      </object_component>
      <object_component id="oc-e3">
         <name>.debug_line</name>
         <load_address>0x1707</load_address>
         <run_address>0x1707</run_address>
         <size>0x20</size>
         <input_file_ref idref="fl-c8"/>
      </object_component>
      <object_component id="oc-19">
[...]
      </symbol>
      <symbol id="sm-2ce">
         <name>_c_int00</name>
         <value>0x2741</value>
         <object_component_ref idref="oc-26"/>
      </symbol>
      <symbol id="sm-2cf">
         <name>__stack</name>
         <value>0x2000fe00</value>
         <object_component_ref idref="oc-2f"/>
      </symbol>
      <symbol id="sm-2ed">
         <name>__TI_decompress_lzss</name>
         <value>0x2435</value>
         <object_component_ref idref="oc-14"/>
      </symbol>
      <symbol id="sm-304">
         <name>__TI_decompress_none</name>
         <value>0x2a61</value>
         <object_component_ref idref="oc-1a"/>
      </symbol>
      <symbol id="sm-31b">
         <name>__TI_zero_init</name>
         <value>0x2a7d</value>
         <object_component_ref idref="oc-20"/>
      </symbol>
      <symbol id="sm-335">
         <name>__TI_tmpnams</name>
         <value>0x20003120</value>
      </symbol>
      <symbol id="sm-336">
         <name>__aeabi_stdout</name>
         <value>0x200037e0</value>
         <object_component_ref idref="oc-1d1"/>
      </symbol>
      <symbol id="sm-337">
         <name>__aeabi_stderr</name>
         <value>0x200037e4</value>
         <object_component_ref idref="oc-1d1"/>
      </symbol>
      <symbol id="sm-338">
         <name>__aeabi_stdin</name>
         <value>0x200037dc</value>
         <object_component_ref idref="oc-1d1"/>
      </symbol>
      <symbol id="sm-339">
         <name>_ftable</name>
         <value>0x20003608</value>
         <object_component_ref idref="oc-17f"/>
      </symbol>
      <symbol id="sm-33a">
         <name>__TI_ft_end</name>
         <value>0x200037d8</value>
         <object_component_ref idref="oc-1d1"/>
      </symbol>
      <symbol id="sm-35b">
         <name>C$$EXIT</name>
         <value>0x2795</value>
         <object_component_ref idref="oc-6e"/>
      </symbol>
      <symbol id="sm-35c">
         <name>abort</name>
         <value>0x2799</value>
         <object_component_ref idref="oc-6e"/>
      </symbol>
      <symbol id="sm-35d">
         <name>exit</name>
         <value>0x27a1</value>
         <object_component_ref idref="oc-6e"/>
      </symbol>
      <symbol id="sm-35e">
         <name>__TI_dtors_ptr</name>
         <value>0x200037ec</value>
         <object_component_ref idref="oc-b9"/>
      </symbol>
      <symbol id="sm-35f">
         <name>__TI_cleanup_ptr</name>
         <value>0x200037e8</value>
         <object_component_ref idref="oc-b9"/>
      </symbol>
      <symbol id="sm-360">
         <name>__TI_enable_exit_profile_output</name>
         <value>0x200037f0</value>
         <object_component_ref idref="oc-b9"/>
      </symbol>
      <symbol id="sm-377">
         <name>__aeabi_dsub</name>
         <value>0x17a9</value>
         <object_component_ref idref="oc-18f"/>
      </symbol>
      <symbol id="sm-378">
         <name>__aeabi_dadd</name>
         <value>0x17b3</value>
         <object_component_ref idref="oc-18f"/>
      </symbol>
      <symbol id="sm-38c">
         <name>__aeabi_ddiv</name>
         <value>0x1ae5</value>
         <object_component_ref idref="oc-194"/>
      </symbol>
      <symbol id="sm-396">
         <name>__aeabi_d2uiz</name>
         <value>0x2835</value>
         <object_component_ref idref="oc-199"/>
      </symbol>
      <symbol id="sm-3cd">
         <name>__TI_cleanup</name>
         <value>0x16ad</value>
         <object_component_ref idref="oc-173"/>
      </symbol>
      <symbol id="sm-3ce">
         <name>freopen</name>
         <value>0x16d9</value>
         <object_component_ref idref="oc-173"/>
      </symbol>
      <symbol id="sm-3cf">
         <name>fopen</name>
         <value>0x1703</value>
         <object_component_ref idref="oc-173"/>
      </symbol>
      <symbol id="sm-3e4">
         <name>finddevice</name>
         <value>0x23c5</value>
         <object_component_ref idref="oc-1b3"/>
      </symbol>
      <symbol id="sm-3e5">
         <name>getdevice</name>
         <value>0x23ef</value>
         <object_component_ref idref="oc-1b3"/>
      </symbol>
      <symbol id="sm-3ef">
         <name>__aeabi_i2d</name>
         <value>0x2937</value>
         <object_component_ref idref="oc-18a"/>
      </symbol>
      <symbol id="sm-40a">
         <name>memcpy</name>
         <value>0x21a5</value>
         <object_component_ref idref="oc-3e"/>
      </symbol>
      <symbol id="sm-40b">
         <name>__aeabi_memcpy</name>
         <value>0x21a5</value>
         <object_component_ref idref="oc-3e"/>
      </symbol>
      <symbol id="sm-40c">
         <name>__aeabi_memcpy8</name>
         <value>0x21a5</value>
         <object_component_ref idref="oc-3e"/>
      </symbol>
      <symbol id="sm-40d">
         <name>__aeabi_memcpy4</name>
         <value>0x21a5</value>
         <object_component_ref idref="oc-3e"/>
      </symbol>
      <symbol id="sm-41c">
         <name>__aeabi_memset</name>
         <value>0x22db</value>
         <object_component_ref idref="oc-4a"/>
      </symbol>
      <symbol id="sm-41d">
         <name>memset</name>
         <value>0x22e1</value>
         <object_component_ref idref="oc-4a"/>
      </symbol>
      <symbol id="sm-41e">
         <name>__aeabi_memset8</name>
         <value>0x22db</value>
         <object_component_ref idref="oc-4a"/>
      </symbol>
      <symbol id="sm-41f">
         <name>__aeabi_memset4</name>
         <value>0x22db</value>
         <object_component_ref idref="oc-4a"/>
      </symbol>
      <symbol id="sm-420">
         <name>__aeabi_memclr8</name>
         <value>0x22d9</value>
         <object_component_ref idref="oc-4a"/>
      </symbol>
      <symbol id="sm-421">
         <name>__aeabi_memclr4</name>
         <value>0x22d9</value>
         <object_component_ref idref="oc-4a"/>
      </symbol>
      <symbol id="sm-422">
         <name>__aeabi_memclr</name>
         <value>0x22d9</value>
         <object_component_ref idref="oc-4a"/>
      </symbol>
      <symbol id="sm-42c">
         <name>__mpu_init</name>
         <value>0x195f</value>
         <object_component_ref idref="oc-56"/>
      </symbol>
      <symbol id="sm-44e">
         <name>open</name>
         <value>0x1f89</value>
         <object_component_ref idref="oc-1c5"/>
      </symbol>
      <symbol id="sm-458">
         <name>_system_pre_init</name>
         <value>0x2a89</value>
         <object_component_ref idref="oc-5c"/>
      </symbol>
      <symbol id="sm-479">
         <name>setvbuf</name>
         <value>0x1d11</value>
         <object_component_ref idref="oc-179"/>
      </symbol>
      <symbol id="sm-481">
         <name>main_func_sp</name>
         <value>0x20003814</value>
         <object_component_ref idref="oc-74"/>
      </symbol>
      <symbol id="sm-491">
         <name>strchr</name>
         <value>0x2a0d</value>
         <object_component_ref idref="oc-1f2"/>
      </symbol>
      <symbol id="sm-4a0">
         <name>strcmp</name>
         <value>0x29f5</value>
         <object_component_ref idref="oc-1ec"/>
      </symbol>
      <symbol id="sm-4b0">
         <name>strncpy</name>
         <value>0x2901</value>
         <object_component_ref idref="oc-1b9"/>
      </symbol>
      <symbol id="sm-4cc">
         <name>_stream</name>
         <value>0x20003770</value>
         <object_component_ref idref="oc-236"/>
      </symbol>
      <symbol id="sm-4cd">
         <name>_device</name>
         <value>0x200036f8</value>
         <object_component_ref idref="oc-1c0"/>
      </symbol>
      <symbol id="sm-4ce">
         <name>write</name>
         <value>0x2991</value>
         <object_component_ref idref="oc-296"/>
      </symbol>
      <symbol id="sm-4e7">
         <name>_nop</name>
         <value>0x2a33</value>
         <object_component_ref idref="oc-12d"/>
      </symbol>
      <symbol id="sm-4e8">
         <name>_lock</name>
         <value>0x20003800</value>
         <object_component_ref idref="oc-bc"/>
      </symbol>
      <symbol id="sm-4e9">
         <name>_unlock</name>
         <value>0x20003804</value>
         <object_component_ref idref="oc-bc"/>
      </symbol>
      <symbol id="sm-4ea">
         <name>_register_lock</name>
         <value>0x2a2b</value>
         <object_component_ref idref="oc-12d"/>
      </symbol>
      <symbol id="sm-4eb">
         <name>_register_unlock</name>
         <value>0x2a25</value>
         <object_component_ref idref="oc-12d"/>
      </symbol>
      <symbol id="sm-4ff">
         <name>_args_main</name>
         <value>0x29dd</value>
         <object_component_ref idref="oc-68"/>
      </symbol>
      <symbol id="sm-529">
         <name>__TI_auto_init</name>
         <value>0x2355</value>
         <object_component_ref idref="oc-62"/>
      </symbol>
      <symbol id="sm-543">
         <name>copy_in</name>
         <value>0x27e9</value>
         <object_component_ref idref="oc-a3"/>
      </symbol>
      <symbol id="sm-559">
         <name>__TI_closefile</name>
         <value>0x2241</value>
         <object_component_ref idref="oc-1cb"/>
      </symbol>
      <symbol id="sm-55a">
         <name>fclose</name>
         <value>0x22a7</value>
         <object_component_ref idref="oc-1cb"/>
      </symbol>
      <symbol id="sm-574">
         <name>__TI_doflush</name>
         <value>0x1ec1</value>
         <object_component_ref idref="oc-23b"/>
      </symbol>
      <symbol id="sm-575">
         <name>fflush</name>
         <value>0x1f0d</value>
         <object_component_ref idref="oc-23b"/>
      </symbol>
      <symbol id="sm-586">
         <name>HOSTclose</name>
         <value>0x2879</value>
         <object_component_ref idref="oc-202"/>
      </symbol>
      <symbol id="sm-597">
         <name>HOSTlseek</name>
         <value>0x249d</value>
         <object_component_ref idref="oc-214"/>
      </symbol>
      <symbol id="sm-5a9">
         <name>parmbuf</name>
         <value>0x200031c8</value>
      </symbol>
      <symbol id="sm-5aa">
         <name>HOSTopen</name>
         <value>0x25d5</value>
         <object_component_ref idref="oc-1fc"/>
      </symbol>
      <symbol id="sm-5bb">
         <name>HOSTread</name>
         <value>0x2691</value>
         <object_component_ref idref="oc-208"/>
      </symbol>
      <symbol id="sm-5cc">
         <name>HOSTrename</name>
         <value>0x2505</value>
         <object_component_ref idref="oc-220"/>
      </symbol>
      <symbol id="sm-5dd">
         <name>HOSTunlink</name>
         <value>0x28bd</value>
         <object_component_ref idref="oc-21a"/>
      </symbol>
      <symbol id="sm-5ee">
         <name>HOSTwrite</name>
         <value>0x26e9</value>
         <object_component_ref idref="oc-20e"/>
      </symbol>
      <symbol id="sm-660">
         <name>_sys_memory</name>
         <value>0x20003208</value>
         <object_component_ref idref="oc-30"/>
      </symbol>
      <symbol id="sm-661">
         <name>free</name>
         <value>0x88b</value>
         <object_component_ref idref="oc-1d7"/>
      </symbol>
      <symbol id="sm-662">
         <name>realloc</name>
         <value>0x94b</value>
         <object_component_ref idref="oc-1d7"/>
      </symbol>
      <symbol id="sm-663">
         <name>memalign</name>
         <value>0xa55</value>
         <object_component_ref idref="oc-1d7"/>
      </symbol>
      <symbol id="sm-664">
         <name>calloc</name>
         <value>0xb41</value>
         <object_component_ref idref="oc-1d7"/>
      </symbol>
      <symbol id="sm-665">
         <name>malloc</name>
         <value>0x821</value>
         <object_component_ref idref="oc-1d7"/>
      </symbol>
      <symbol id="sm-666">
         <name>minit</name>
         <value>0x7a1</value>
         <object_component_ref idref="oc-1d7"/>
      </symbol>
      <symbol id="sm-671">
         <name>_system_post_cinit</name>
         <value>0x1c1b</value>
         <object_component_ref idref="oc-a9"/>
      </symbol>
      <symbol id="sm-67f">
         <name>strcpy</name>
         <value>0x2a39</value>
         <object_component_ref idref="oc-283"/>
      </symbol>
      <symbol id="sm-68d">
         <name>strlen</name>
         <value>0x2a4d</value>
         <object_component_ref idref="oc-269"/>
      </symbol>
      <symbol id="sm-6a8">
         <name>__TI_readmsg</name>
         <value>0x259f</value>
         <object_component_ref idref="oc-26f"/>
      </symbol>
      <symbol id="sm-6a9">
         <name>C$$IO$$</name>
         <value>0x259b</value>
         <object_component_ref idref="oc-26f"/>
      </symbol>
      <symbol id="sm-6aa">
         <name>__CIOBUF_</name>
         <value>0x20003000</value>
         <object_component_ref idref="oc-2ac"/>
      </symbol>
      <symbol id="sm-6ab">
         <name>__TI_writemsg</name>
         <value>0x256d</value>
         <object_component_ref idref="oc-26f"/>
      </symbol>
      <symbol id="sm-6bb">
         <name>unlink</name>
         <value>0x2965</value>
         <object_component_ref idref="oc-247"/>
      </symbol>
      <symbol id="sm-6cf">
         <name>close</name>
         <value>0x2635</value>
         <object_component_ref idref="oc-241"/>
      </symbol>
      <symbol id="sm-6d0">
         <name>__TI_static_base__</name>
         <value>0x0</value>
      </symbol>
      <symbol id="sm-6d3">
         <name>SHT$$INIT_ARRAY$$Limit</name>
         <value>0x0</value>
      </symbol>
      <symbol id="sm-6d4">
         <name>SHT$$INIT_ARRAY$$Base</name>
         <value>0x0</value>
      </symbol>
      <symbol id="sm-6d5">
         <name>NMI_Handler</name>
         <value>0x2a7b</value>
      </symbol>
      <symbol id="sm-6d6">
         <name>HardFault_Handler</name>
         <value>0x2a7b</value>
      </symbol>
      <symbol id="sm-6d7">
         <name>MemManage_Handler</name>
         <value>0x2a7b</value>
      </symbol>
      <symbol id="sm-6d8">
         <name>BusFault_Handler</name>
         <value>0x2a7b</value>
      </symbol>
      <symbol id="sm-6d9">
         <name>UsageFault_Handler</name>
         <value>0x2a7b</value>
      </symbol>
      <symbol id="sm-6da">
         <name>SVC_Handler</name>
         <value>0x2a7b</value>
      </symbol>
      <symbol id="sm-6db">
         <name>DebugMon_Handler</name>
         <value>0x2a7b</value>
      </symbol>
      <symbol id="sm-6dc">
         <name>PendSV_Handler</name>
         <value>0x2a7b</value>
      </symbol>
      <symbol id="sm-6dd">
         <name>SysTick_Handler</name>
         <value>0x2a7b</value>
      </symbol>
      <symbol id="sm-6de">
         <name>PSS_IRQHandler</name>
         <value>0x2a7b</value>
      </symbol>
      <symbol id="sm-6df">
         <name>CS_IRQHandler</name>
         <value>0x2a7b</value>
      </symbol>
      <symbol id="sm-6e0">
         <name>PCM_IRQHandler</name>
         <value>0x2a7b</value>
      </symbol>
      <symbol id="sm-6e1">
         <name>WDT_A_IRQHandler</name>
         <value>0x2a7b</value>
      </symbol>
      <symbol id="sm-6e2">
         <name>FPU_IRQHandler</name>
         <value>0x2a7b</value>
      </symbol>
      <symbol id="sm-6e3">
         <name>FLCTL_IRQHandler</name>
         <value>0x2a7b</value>
      </symbol>
      <symbol id="sm-6e4">
         <name>COMP_E0_IRQHandler</name>
         <value>0x2a7b</value>
      </symbol>
      <symbol id="sm-6e5">
         <name>COMP_E1_IRQHandler</name>
         <value>0x2a7b</value>
      </symbol>
      <symbol id="sm-6e6">
         <name>TA0_0_IRQHandler</name>
         <value>0x2a7b</value>
      </symbol>
      <symbol id="sm-6e7">
         <name>TA0_N_IRQHandler</name>
         <value>0x2a7b</value>
      </symbol>
      <symbol id="sm-6e8">
         <name>TA1_0_IRQHandler</name>
         <value>0x216f</value>
      </symbol>
      <symbol id="sm-6e9">
         <name>TA1_N_IRQHandler</name>
         <value>0x2a7b</value>
      </symbol>
      <symbol id="sm-6ea">
         <name>TA2_0_IRQHandler</name>
         <value>0x2a7b</value>
      </symbol>
      <symbol id="sm-6eb">
         <name>TA2_N_IRQHandler</name>
         <value>0x2a7b</value>
      </symbol>
      <symbol id="sm-6ec">
         <name>TA3_0_IRQHandler</name>
         <value>0x2a7b</value>
      </symbol>
      <symbol id="sm-6ed">
         <name>TA3_N_IRQHandler</name>
         <value>0x2a7b</value>
      </symbol>
      <symbol id="sm-6ee">
         <name>EUSCIA0_IRQHandler</name>
         <value>0x2a7b</value>
      </symbol>
      <symbol id="sm-6ef">
         <name>EUSCIA1_IRQHandler</name>
         <value>0x2a7b</value>
      </symbol>
      <symbol id="sm-6f0">
         <name>EUSCIA2_IRQHandler</name>
         <value>0x2a7b</value>
      </symbol>
      <symbol id="sm-6f1">
         <name>EUSCIA3_IRQHandler</name>
         <value>0x2a7b</value>
      </symbol>
      <symbol id="sm-6f2">
         <name>EUSCIB0_IRQHandler</name>
         <value>0x2a7b</value>
      </symbol>
      <symbol id="sm-6f3">
         <name>EUSCIB1_IRQHandler</name>
         <value>0x2a7b</value>
      </symbol>
      <symbol id="sm-6f4">
         <name>EUSCIB2_IRQHandler</name>
         <value>0x2a7b</value>
      </symbol>
      <symbol id="sm-6f5">
         <name>EUSCIB3_IRQHandler</name>
         <value>0x2a7b</value>
      </symbol>
      <symbol id="sm-6f6">
         <name>ADC14_IRQHandler</name>
         <value>0x2a7b</value>
      </symbol>
      <symbol id="sm-6f7">
         <name>T32_INT1_IRQHandler</name>
         <value>0x2a7b</value>
      </symbol>
      <symbol id="sm-6f8">
         <name>T32_INT2_IRQHandler</name>
         <value>0x2a7b</value>
      </symbol>
      <symbol id="sm-6f9">
         <name>T32_INTC_IRQHandler</name>
         <value>0x2a7b</value>
      </symbol>
      <symbol id="sm-6fa">
         <name>AES256_IRQHandler</name>
         <value>0x2a7b</value>
      </symbol>
      <symbol id="sm-6fb">
         <name>RTC_C_IRQHandler</name>
         <value>0x2a7b</value>
      </symbol>
      <symbol id="sm-6fc">
         <name>DMA_ERR_IRQHandler</name>
         <value>0x2a7b</value>
      </symbol>
      <symbol id="sm-6fd">
         <name>DMA_INT3_IRQHandler</name>
         <value>0x2a7b</value>
      </symbol>
      <symbol id="sm-6fe">
         <name>DMA_INT2_IRQHandler</name>
         <value>0x2a7b</value>
      </symbol>
      <symbol id="sm-6ff">
         <name>DMA_INT1_IRQHandler</name>
         <value>0x2a7b</value>
      </symbol>
      <symbol id="sm-700">
         <name>DMA_INT0_IRQHandler</name>
         <value>0x2a7b</value>
      </symbol>
      <symbol id="sm-701">
         <name>PORT1_IRQHandler</name>
         <value>0x2a7b</value>
      </symbol>
      <symbol id="sm-702">
         <name>PORT2_IRQHandler</name>
         <value>0x2a7b</value>
      </symbol>
      <symbol id="sm-703">
         <name>PORT3_IRQHandler</name>
         <value>0x2a7b</value>
      </symbol>
      <symbol id="sm-704">
         <name>PORT4_IRQHandler</name>
         <value>0x2a7b</value>
      </symbol>
      <symbol id="sm-705">
         <name>PORT5_IRQHandler</name>
         <value>0x2a7b</value>
      </symbol>
      <symbol id="sm-706">
         <name>PORT6_IRQHandler</name>
         <value>0x2a7b</value>
      </symbol>
      <symbol id="sm-707">
         <name>remove</name>
         <value>0x2965</value>
      </symbol>
   </symbol_table>
   <title>Link successful</title>
</link_info>
