<?xml version="1.0"?>
<link_info>
   <banner>TI ARM Linker PC v16.9.6.LTS</banner>
   <copyright>Copyright (c) 1996-2017 Texas Instruments Incorporated</copyright>
   <link_time>0x5f856f31</link_time>
   <link_errors>0x0</link_errors>
   <output_file>Lab4_TimerCapture_Tach.out</output_file>
   <entry_point>
      <name>_c_int00</name>
      <address>0x2971</address>
   </entry_point>
   <input_file_list>
      <input_file id="fl-2">
         <path>.\</path>
         <kind>object</kind>
         <file>Bump.obj</file>
         <name>Bump.obj</name>
      </input_file>
      <input_file id="fl-3">
         <path>.\</path>
         <kind>object</kind>
         <file>Clock.obj</file>
         <name>Clock.obj</name>
      </input_file>
      <input_file id="fl-4">
         <path>.\</path>
         <kind>object</kind>
         <file>CortexM.obj</file>
         <name>CortexM.obj</name>
      </input_file>
      <input_file id="fl-5">
         <path>.\</path>
         <kind>object</kind>
         <file>Lab4_Tachmain.obj</file>
         <name>Lab4_Tachmain.obj</name>
      </input_file>
      <input_file id="fl-6">
         <path>.\</path>
         <kind>object</kind>
         <file>LaunchPad.obj</file>
         <name>LaunchPad.obj</name>
      </input_file>
      <input_file id="fl-7">
         <path>.\</path>
         <kind>object</kind>
         <file>Motor.obj</file>
         <name>Motor.obj</name>
      </input_file>
      <input_file id="fl-8">
         <path>.\</path>
         <kind>object</kind>
         <file>PWM.obj</file>
         <name>PWM.obj</name>
      </input_file>
      <input_file id="fl-9">
         <path>.\</path>
         <kind>object</kind>
         <file>SysTick.obj</file>
         <name>SysTick.obj</name>
      </input_file>
      <input_file id="fl-a">
         <path>.\</path>
         <kind>object</kind>
         <file>TA3InputCapture.obj</file>
         <name>TA3InputCapture.obj</name>
      </input_file>
      <input_file id="fl-b">
         <path>.\</path>
         <kind>object</kind>
         <file>TExaS.obj</file>
         <name>TExaS.obj</name>
      </input_file>
      <input_file id="fl-c">
         <path>.\</path>
         <kind>object</kind>
         <file>TimerA1.obj</file>
         <name>TimerA1.obj</name>
      </input_file>
      <input_file id="fl-d">
         <path>.\</path>
         <kind>object</kind>
         <file>UART0.obj</file>
         <name>UART0.obj</name>
      </input_file>
      <input_file id="fl-e">
         <path>.\</path>
         <kind>object</kind>
         <file>startup_msp432p401r_ccs.obj</file>
         <name>startup_msp432p401r_ccs.obj</name>
      </input_file>
      <input_file id="fl-f">
         <path>.\</path>
         <kind>object</kind>
         <file>system_msp432p401r.obj</file>
         <name>system_msp432p401r.obj</name>
      </input_file>
      <input_file id="fl-13">
         <kind>object</kind>
         <file>&lt;internal&gt;</file>
         <name>&lt;internal&gt;</name>
      </input_file>
      <input_file id="fl-c9">
         <path>C:\ti\ccsv7\tools\compiler\ti-cgt-arm_16.9.6.LTS\lib\</path>
         <kind>archive</kind>
         <file>rtsv7M4_T_le_v4SPD16_eabi.lib</file>
         <name>add_device.obj</name>
      </input_file>
      <input_file id="fl-ca">
         <path>C:\ti\ccsv7\tools\compiler\ti-cgt-arm_16.9.6.LTS\lib\</path>
         <kind>archive</kind>
         <file>rtsv7M4_T_le_v4SPD16_eabi.lib</file>
         <name>boot.obj</name>
      </input_file>
      <input_file id="fl-cb">
         <path>C:\ti\ccsv7\tools\compiler\ti-cgt-arm_16.9.6.LTS\lib\</path>
         <kind>archive</kind>
         <file>rtsv7M4_T_le_v4SPD16_eabi.lib</file>
         <name>copy_decompress_lzss.obj</name>
      </input_file>
      <input_file id="fl-cc">
         <path>C:\ti\ccsv7\tools\compiler\ti-cgt-arm_16.9.6.LTS\lib\</path>
         <kind>archive</kind>
         <file>rtsv7M4_T_le_v4SPD16_eabi.lib</file>
         <name>copy_decompress_none.obj</name>
      </input_file>
      <input_file id="fl-cd">
         <path>C:\ti\ccsv7\tools\compiler\ti-cgt-arm_16.9.6.LTS\lib\</path>
         <kind>archive</kind>
         <file>rtsv7M4_T_le_v4SPD16_eabi.lib</file>
         <name>copy_zero_init.obj</name>
      </input_file>
      <input_file id="fl-ce">
         <path>C:\ti\ccsv7\tools\compiler\ti-cgt-arm_16.9.6.LTS\lib\</path>
         <kind>archive</kind>
         <file>rtsv7M4_T_le_v4SPD16_eabi.lib</file>
         <name>defs.obj</name>
      </input_file>
      <input_file id="fl-cf">
         <path>C:\ti\ccsv7\tools\compiler\ti-cgt-arm_16.9.6.LTS\lib\</path>
         <kind>archive</kind>
         <file>rtsv7M4_T_le_v4SPD16_eabi.lib</file>
         <name>exit.obj</name>
      </input_file>
      <input_file id="fl-d0">
         <path>C:\ti\ccsv7\tools\compiler\ti-cgt-arm_16.9.6.LTS\lib\</path>
         <kind>archive</kind>
         <file>rtsv7M4_T_le_v4SPD16_eabi.lib</file>
         <name>fopen.obj</name>
      </input_file>
      <input_file id="fl-d1">
         <path>C:\ti\ccsv7\tools\compiler\ti-cgt-arm_16.9.6.LTS\lib\</path>
         <kind>archive</kind>
         <file>rtsv7M4_T_le_v4SPD16_eabi.lib</file>
         <name>getdevice.obj</name>
      </input_file>
      <input_file id="fl-d2">
         <path>C:\ti\ccsv7\tools\compiler\ti-cgt-arm_16.9.6.LTS\lib\</path>
         <kind>archive</kind>
         <file>rtsv7M4_T_le_v4SPD16_eabi.lib</file>
         <name>memcpy_t2.obj</name>
      </input_file>
      <input_file id="fl-d3">
         <path>C:\ti\ccsv7\tools\compiler\ti-cgt-arm_16.9.6.LTS\lib\</path>
         <kind>archive</kind>
         <file>rtsv7M4_T_le_v4SPD16_eabi.lib</file>
         <name>memset_t2.obj</name>
      </input_file>
      <input_file id="fl-d4">
         <path>C:\ti\ccsv7\tools\compiler\ti-cgt-arm_16.9.6.LTS\lib\</path>
         <kind>archive</kind>
         <file>rtsv7M4_T_le_v4SPD16_eabi.lib</file>
         <name>mpu_init.obj</name>
      </input_file>
      <input_file id="fl-d5">
         <path>C:\ti\ccsv7\tools\compiler\ti-cgt-arm_16.9.6.LTS\lib\</path>
         <kind>archive</kind>
         <file>rtsv7M4_T_le_v4SPD16_eabi.lib</file>
         <name>open.obj</name>
      </input_file>
      <input_file id="fl-d6">
         <path>C:\ti\ccsv7\tools\compiler\ti-cgt-arm_16.9.6.LTS\lib\</path>
         <kind>archive</kind>
         <file>rtsv7M4_T_le_v4SPD16_eabi.lib</file>
         <name>pre_init.obj</name>
      </input_file>
      <input_file id="fl-d7">
         <path>C:\ti\ccsv7\tools\compiler\ti-cgt-arm_16.9.6.LTS\lib\</path>
         <kind>archive</kind>
         <file>rtsv7M4_T_le_v4SPD16_eabi.lib</file>
         <name>setvbuf.obj</name>
      </input_file>
      <input_file id="fl-d8">
         <path>C:\ti\ccsv7\tools\compiler\ti-cgt-arm_16.9.6.LTS\lib\</path>
         <kind>archive</kind>
         <file>rtsv7M4_T_le_v4SPD16_eabi.lib</file>
         <name>stkdepth_vars.obj</name>
      </input_file>
      <input_file id="fl-d9">
         <path>C:\ti\ccsv7\tools\compiler\ti-cgt-arm_16.9.6.LTS\lib\</path>
         <kind>archive</kind>
         <file>rtsv7M4_T_le_v4SPD16_eabi.lib</file>
         <name>strchr.obj</name>
      </input_file>
      <input_file id="fl-da">
         <path>C:\ti\ccsv7\tools\compiler\ti-cgt-arm_16.9.6.LTS\lib\</path>
         <kind>archive</kind>
         <file>rtsv7M4_T_le_v4SPD16_eabi.lib</file>
         <name>strcmp.obj</name>
      </input_file>
      <input_file id="fl-db">
         <path>C:\ti\ccsv7\tools\compiler\ti-cgt-arm_16.9.6.LTS\lib\</path>
         <kind>archive</kind>
         <file>rtsv7M4_T_le_v4SPD16_eabi.lib</file>
         <name>strncpy.obj</name>
      </input_file>
      <input_file id="fl-dc">
         <path>C:\ti\ccsv7\tools\compiler\ti-cgt-arm_16.9.6.LTS\lib\</path>
         <kind>archive</kind>
         <file>rtsv7M4_T_le_v4SPD16_eabi.lib</file>
         <name>write.obj</name>
      </input_file>
      <input_file id="fl-dd">
         <path>C:\ti\ccsv7\tools\compiler\ti-cgt-arm_16.9.6.LTS\lib\</path>
         <kind>archive</kind>
         <file>rtsv7M4_T_le_v4SPD16_eabi.lib</file>
         <name>_lock.obj</name>
      </input_file>
      <input_file id="fl-de">
         <path>C:\ti\ccsv7\tools\compiler\ti-cgt-arm_16.9.6.LTS\lib\</path>
         <kind>archive</kind>
         <file>rtsv7M4_T_le_v4SPD16_eabi.lib</file>
         <name>args_main.obj</name>
      </input_file>
      <input_file id="fl-df">
         <path>C:\ti\ccsv7\tools\compiler\ti-cgt-arm_16.9.6.LTS\lib\</path>
         <kind>archive</kind>
         <file>rtsv7M4_T_le_v4SPD16_eabi.lib</file>
         <name>autoinit.obj</name>
      </input_file>
      <input_file id="fl-e0">
         <path>C:\ti\ccsv7\tools\compiler\ti-cgt-arm_16.9.6.LTS\lib\</path>
         <kind>archive</kind>
         <file>rtsv7M4_T_le_v4SPD16_eabi.lib</file>
         <name>cpy_tbl.obj</name>
      </input_file>
      <input_file id="fl-e1">
         <path>C:\ti\ccsv7\tools\compiler\ti-cgt-arm_16.9.6.LTS\lib\</path>
         <kind>archive</kind>
         <file>rtsv7M4_T_le_v4SPD16_eabi.lib</file>
         <name>fclose.obj</name>
      </input_file>
      <input_file id="fl-e2">
         <path>C:\ti\ccsv7\tools\compiler\ti-cgt-arm_16.9.6.LTS\lib\</path>
         <kind>archive</kind>
         <file>rtsv7M4_T_le_v4SPD16_eabi.lib</file>
         <name>fflush.obj</name>
      </input_file>
      <input_file id="fl-e3">
         <path>C:\ti\ccsv7\tools\compiler\ti-cgt-arm_16.9.6.LTS\lib\</path>
         <kind>archive</kind>
         <file>rtsv7M4_T_le_v4SPD16_eabi.lib</file>
         <name>hostclose.obj</name>
      </input_file>
      <input_file id="fl-e4">
         <path>C:\ti\ccsv7\tools\compiler\ti-cgt-arm_16.9.6.LTS\lib\</path>
         <kind>archive</kind>
         <file>rtsv7M4_T_le_v4SPD16_eabi.lib</file>
         <name>hostlseek.obj</name>
      </input_file>
      <input_file id="fl-e5">
         <path>C:\ti\ccsv7\tools\compiler\ti-cgt-arm_16.9.6.LTS\lib\</path>
         <kind>archive</kind>
         <file>rtsv7M4_T_le_v4SPD16_eabi.lib</file>
         <name>hostopen.obj</name>
      </input_file>
      <input_file id="fl-e6">
         <path>C:\ti\ccsv7\tools\compiler\ti-cgt-arm_16.9.6.LTS\lib\</path>
         <kind>archive</kind>
         <file>rtsv7M4_T_le_v4SPD16_eabi.lib</file>
         <name>hostread.obj</name>
      </input_file>
      <input_file id="fl-e7">
         <path>C:\ti\ccsv7\tools\compiler\ti-cgt-arm_16.9.6.LTS\lib\</path>
         <kind>archive</kind>
         <file>rtsv7M4_T_le_v4SPD16_eabi.lib</file>
         <name>hostrename.obj</name>
      </input_file>
      <input_file id="fl-e8">
         <path>C:\ti\ccsv7\tools\compiler\ti-cgt-arm_16.9.6.LTS\lib\</path>
         <kind>archive</kind>
         <file>rtsv7M4_T_le_v4SPD16_eabi.lib</file>
         <name>hostunlink.obj</name>
      </input_file>
      <input_file id="fl-e9">
         <path>C:\ti\ccsv7\tools\compiler\ti-cgt-arm_16.9.6.LTS\lib\</path>
         <kind>archive</kind>
         <file>rtsv7M4_T_le_v4SPD16_eabi.lib</file>
         <name>hostwrite.obj</name>
      </input_file>
      <input_file id="fl-ea">
         <path>C:\ti\ccsv7\tools\compiler\ti-cgt-arm_16.9.6.LTS\lib\</path>
         <kind>archive</kind>
         <file>rtsv7M4_T_le_v4SPD16_eabi.lib</file>
         <name>memory.obj</name>
      </input_file>
      <input_file id="fl-eb">
         <path>C:\ti\ccsv7\tools\compiler\ti-cgt-arm_16.9.6.LTS\lib\</path>
         <kind>archive</kind>
         <file>rtsv7M4_T_le_v4SPD16_eabi.lib</file>
         <name>remove.obj</name>
      </input_file>
      <input_file id="fl-ec">
         <path>C:\ti\ccsv7\tools\compiler\ti-cgt-arm_16.9.6.LTS\lib\</path>
         <kind>archive</kind>
         <file>rtsv7M4_T_le_v4SPD16_eabi.lib</file>
         <name>startup.obj</name>
      </input_file>
      <input_file id="fl-ed">
         <path>C:\ti\ccsv7\tools\compiler\ti-cgt-arm_16.9.6.LTS\lib\</path>
         <kind>archive</kind>
         <file>rtsv7M4_T_le_v4SPD16_eabi.lib</file>
         <name>strcpy.obj</name>
      </input_file>
      <input_file id="fl-ee">
         <path>C:\ti\ccsv7\tools\compiler\ti-cgt-arm_16.9.6.LTS\lib\</path>
         <kind>archive</kind>
         <file>rtsv7M4_T_le_v4SPD16_eabi.lib</file>
         <name>strlen.obj</name>
      </input_file>
      <input_file id="fl-ef">
         <path>C:\ti\ccsv7\tools\compiler\ti-cgt-arm_16.9.6.LTS\lib\</path>
         <kind>archive</kind>
         <file>rtsv7M4_T_le_v4SPD16_eabi.lib</file>
         <name>trgmsg.obj</name>
      </input_file>
      <input_file id="fl-f0">
         <path>C:\ti\ccsv7\tools\compiler\ti-cgt-arm_16.9.6.LTS\lib\</path>
         <kind>archive</kind>
         <file>rtsv7M4_T_le_v4SPD16_eabi.lib</file>
         <name>unlink.obj</name>
      </input_file>
      <input_file id="fl-f1">
         <path>C:\ti\ccsv7\tools\compiler\ti-cgt-arm_16.9.6.LTS\lib\</path>
         <kind>archive</kind>
         <file>rtsv7M4_T_le_v4SPD16_eabi.lib</file>
         <name>close.obj</name>
      </input_file>
   </input_file_list>
   <object_component_list>
      <object_component id="oc-2c">
         <name>.intvecs:retain</name>
         <load_address>0x0</load_address>
         <run_address>0x0</run_address>
         <size>0xe4</size>
         <input_file_ref idref="fl-e"/>
      </object_component>
      <object_component id="oc-129">
         <name>.text</name>
         <load_address>0xe4</load_address>
         <run_address>0xe4</run_address>
         <size>0x6bc</size>
         <input_file_ref idref="fl-d"/>
      </object_component>
      <object_component id="oc-8a">
         <name>.text</name>
         <load_address>0x7a0</load_address>
         <run_address>0x7a0</run_address>
         <size>0x630</size>
         <input_file_ref idref="fl-b"/>
      </object_component>
      <object_component id="oc-1d8">
         <name>.text</name>
         <load_address>0xdd0</load_address>
         <run_address>0xdd0</run_address>
         <size>0x3d0</size>
         <input_file_ref idref="fl-ea"/>
      </object_component>
      <object_component id="oc-d0">
         <name>.text</name>
         <load_address>0x11a0</load_address>
         <run_address>0x11a0</run_address>
         <size>0x32c</size>
         <input_file_ref idref="fl-f"/>
      </object_component>
      <object_component id="oc-178">
         <name>.text</name>
         <load_address>0x14cc</load_address>
         <run_address>0x14cc</run_address>
         <size>0x228</size>
         <input_file_ref idref="fl-8"/>
      </object_component>
      <object_component id="oc-111">
         <name>.text</name>
         <load_address>0x16f4</load_address>
         <run_address>0x16f4</run_address>
         <size>0x1e0</size>
         <input_file_ref idref="fl-3"/>
      </object_component>
      <object_component id="oc-18b">
         <name>.text</name>
         <load_address>0x18d4</load_address>
         <run_address>0x18d4</run_address>
         <size>0x1c4</size>
         <input_file_ref idref="fl-d0"/>
      </object_component>
      <object_component id="oc-117">
         <name>.text</name>
         <load_address>0x1a98</load_address>
         <run_address>0x1a98</run_address>
         <size>0x1b0</size>
         <input_file_ref idref="fl-7"/>
      </object_component>
      <object_component id="oc-bd">
         <name>.text</name>
         <load_address>0x1c48</load_address>
         <run_address>0x1c48</run_address>
         <size>0x1ac</size>
         <input_file_ref idref="fl-5"/>
      </object_component>
      <object_component id="oc-84">
         <name>.text</name>
         <load_address>0x1df4</load_address>
         <run_address>0x1df4</run_address>
         <size>0x12c</size>
         <input_file_ref idref="fl-a"/>
      </object_component>
      <object_component id="oc-11d">
         <name>.text</name>
         <load_address>0x1f20</load_address>
         <run_address>0x1f20</run_address>
         <size>0xf4</size>
         <input_file_ref idref="fl-6"/>
      </object_component>
      <object_component id="oc-191">
         <name>.text</name>
         <load_address>0x2014</load_address>
         <run_address>0x2014</run_address>
         <size>0xdc</size>
         <input_file_ref idref="fl-d7"/>
      </object_component>
      <object_component id="oc-23a">
         <name>.text</name>
         <load_address>0x20f0</load_address>
         <run_address>0x20f0</run_address>
         <size>0xc8</size>
         <input_file_ref idref="fl-e2"/>
      </object_component>
      <object_component id="oc-1c6">
         <name>.text</name>
         <load_address>0x21b8</load_address>
         <run_address>0x21b8</run_address>
         <size>0xbc</size>
         <input_file_ref idref="fl-d5"/>
      </object_component>
      <object_component id="oc-185">
         <name>.text</name>
         <load_address>0x2274</load_address>
         <run_address>0x2274</run_address>
         <size>0xb8</size>
         <input_file_ref idref="fl-c9"/>
      </object_component>
      <object_component id="oc-7e">
         <name>.text</name>
         <load_address>0x232c</load_address>
         <run_address>0x232c</run_address>
         <size>0xa8</size>
         <input_file_ref idref="fl-c"/>
      </object_component>
      <object_component id="oc-3e">
         <name>.text</name>
         <load_address>0x23d4</load_address>
         <run_address>0x23d4</run_address>
         <size>0x9c</size>
         <input_file_ref idref="fl-d2"/>
      </object_component>
      <object_component id="oc-1cc">
         <name>.text</name>
         <load_address>0x2470</load_address>
         <run_address>0x2470</run_address>
         <size>0x98</size>
         <input_file_ref idref="fl-e1"/>
      </object_component>
      <object_component id="oc-4a">
         <name>.text</name>
         <load_address>0x2508</load_address>
         <run_address>0x2508</run_address>
         <size>0x7a</size>
         <input_file_ref idref="fl-d3"/>
      </object_component>
      <object_component id="oc-56">
         <name>.text</name>
         <load_address>0x2582</load_address>
         <run_address>0x2582</run_address>
         <size>0x2</size>
         <input_file_ref idref="fl-d4"/>
      </object_component>
      <object_component id="oc-62">
         <name>.text</name>
         <load_address>0x2584</load_address>
         <run_address>0x2584</run_address>
         <size>0x70</size>
         <input_file_ref idref="fl-df"/>
      </object_component>
      <object_component id="oc-1b4">
         <name>.text</name>
         <load_address>0x25f4</load_address>
         <run_address>0x25f4</run_address>
         <size>0x70</size>
         <input_file_ref idref="fl-d1"/>
      </object_component>
      <object_component id="oc-14">
         <name>.text:decompress:lzss</name>
         <load_address>0x2664</load_address>
         <run_address>0x2664</run_address>
         <size>0x68</size>
         <input_file_ref idref="fl-cb"/>
      </object_component>
      <object_component id="oc-213">
         <name>.text</name>
         <load_address>0x26cc</load_address>
         <run_address>0x26cc</run_address>
         <size>0x68</size>
         <input_file_ref idref="fl-e4"/>
      </object_component>
      <object_component id="oc-21f">
         <name>.text</name>
         <load_address>0x2734</load_address>
         <run_address>0x2734</run_address>
         <size>0x68</size>
         <input_file_ref idref="fl-e7"/>
      </object_component>
      <object_component id="oc-26e">
         <name>.text</name>
         <load_address>0x279c</load_address>
         <run_address>0x279c</run_address>
         <size>0x68</size>
         <input_file_ref idref="fl-ef"/>
      </object_component>
      <object_component id="oc-1fb">
         <name>.text</name>
         <load_address>0x2804</load_address>
         <run_address>0x2804</run_address>
         <size>0x60</size>
         <input_file_ref idref="fl-e5"/>
      </object_component>
      <object_component id="oc-240">
         <name>.text</name>
         <load_address>0x2864</load_address>
         <run_address>0x2864</run_address>
         <size>0x5c</size>
         <input_file_ref idref="fl-f1"/>
      </object_component>
      <object_component id="oc-207">
         <name>.text</name>
         <load_address>0x28c0</load_address>
         <run_address>0x28c0</run_address>
         <size>0x58</size>
         <input_file_ref idref="fl-e6"/>
      </object_component>
      <object_component id="oc-20d">
         <name>.text</name>
         <load_address>0x2918</load_address>
         <run_address>0x2918</run_address>
         <size>0x58</size>
         <input_file_ref idref="fl-e9"/>
      </object_component>
      <object_component id="oc-26">
         <name>.text</name>
         <load_address>0x2970</load_address>
         <run_address>0x2970</run_address>
         <size>0x54</size>
         <input_file_ref idref="fl-ca"/>
      </object_component>
      <object_component id="oc-6e">
         <name>.text</name>
         <load_address>0x29c4</load_address>
         <run_address>0x29c4</run_address>
         <size>0x54</size>
         <input_file_ref idref="fl-cf"/>
      </object_component>
      <object_component id="oc-af">
         <name>.text</name>
         <load_address>0x2a18</load_address>
         <run_address>0x2a18</run_address>
         <size>0x4c</size>
         <input_file_ref idref="fl-e0"/>
      </object_component>
      <object_component id="oc-201">
         <name>.text</name>
         <load_address>0x2a64</load_address>
         <run_address>0x2a64</run_address>
         <size>0x44</size>
         <input_file_ref idref="fl-e3"/>
      </object_component>
      <object_component id="oc-219">
         <name>.text</name>
         <load_address>0x2aa8</load_address>
         <run_address>0x2aa8</run_address>
         <size>0x44</size>
         <input_file_ref idref="fl-e8"/>
      </object_component>
      <object_component id="oc-1ba">
         <name>.text</name>
         <load_address>0x2aec</load_address>
         <run_address>0x2aec</run_address>
         <size>0x36</size>
         <input_file_ref idref="fl-db"/>
      </object_component>
      <object_component id="oc-b5">
         <name>.text</name>
         <load_address>0x2b22</load_address>
         <run_address>0x2b22</run_address>
         <size>0x2</size>
         <input_file_ref idref="fl-ec"/>
      </object_component>
      <object_component id="oc-246">
         <name>.text</name>
         <load_address>0x2b24</load_address>
         <run_address>0x2b24</run_address>
         <size>0x2c</size>
         <input_file_ref idref="fl-f0"/>
      </object_component>
      <object_component id="oc-295">
         <name>.text</name>
         <load_address>0x2b50</load_address>
         <run_address>0x2b50</run_address>
         <size>0x28</size>
         <input_file_ref idref="fl-dc"/>
      </object_component>
      <object_component id="oc-123">
         <name>.text</name>
         <load_address>0x2b78</load_address>
         <run_address>0x2b78</run_address>
         <size>0x24</size>
         <input_file_ref idref="fl-4"/>
      </object_component>
      <object_component id="oc-68">
         <name>.text</name>
         <load_address>0x2b9c</load_address>
         <run_address>0x2b9c</run_address>
         <size>0x18</size>
         <input_file_ref idref="fl-de"/>
      </object_component>
      <object_component id="oc-1eb">
         <name>.text</name>
         <load_address>0x2bb4</load_address>
         <run_address>0x2bb4</run_address>
         <size>0x18</size>
         <input_file_ref idref="fl-da"/>
      </object_component>
      <object_component id="oc-1f1">
         <name>.text</name>
         <load_address>0x2bcc</load_address>
         <run_address>0x2bcc</run_address>
         <size>0x16</size>
         <input_file_ref idref="fl-d9"/>
      </object_component>
      <object_component id="oc-144">
         <name>.text</name>
         <load_address>0x2be4</load_address>
         <run_address>0x2be4</run_address>
         <size>0x14</size>
         <input_file_ref idref="fl-dd"/>
      </object_component>
      <object_component id="oc-282">
         <name>.text</name>
         <load_address>0x2bf8</load_address>
         <run_address>0x2bf8</run_address>
         <size>0x14</size>
         <input_file_ref idref="fl-ed"/>
      </object_component>
      <object_component id="oc-268">
         <name>.text</name>
         <load_address>0x2c0c</load_address>
         <run_address>0x2c0c</run_address>
         <size>0x14</size>
         <input_file_ref idref="fl-ee"/>
      </object_component>
      <object_component id="oc-1a">
         <name>.text:decompress:none</name>
         <load_address>0x2c20</load_address>
         <run_address>0x2c20</run_address>
         <size>0xe</size>
         <input_file_ref idref="fl-cc"/>
      </object_component>
      <object_component id="oc-78">
         <name>.text</name>
         <load_address>0x2c2e</load_address>
         <run_address>0x2c2e</run_address>
         <size>0xe</size>
         <input_file_ref idref="fl-e"/>
      </object_component>
      <object_component id="oc-20">
         <name>.text:decompress:ZI</name>
         <load_address>0x2c3c</load_address>
         <run_address>0x2c3c</run_address>
         <size>0xc</size>
         <input_file_ref idref="fl-cd"/>
      </object_component>
      <object_component id="oc-5c">
         <name>.text</name>
         <load_address>0x2c48</load_address>
         <run_address>0x2c48</run_address>
         <size>0x4</size>
         <input_file_ref idref="fl-d6"/>
      </object_component>
      <object_component id="oc-2f6">
         <name>.cinit..data.load</name>
         <load_address>0x2c50</load_address>
         <run_address>0x2c50</run_address>
         <size>0x7a</size>
      </object_component>
      <object_component id="oc-2f4">
         <name>__TI_handler_table</name>
         <load_address>0x2ccc</load_address>
         <run_address>0x2ccc</run_address>
         <size>0xc</size>
      </object_component>
      <object_component id="oc-2f7">
         <name>.cinit..bss.load</name>
         <load_address>0x2cd8</load_address>
         <run_address>0x2cd8</run_address>
         <size>0x8</size>
      </object_component>
      <object_component id="oc-2f5">
         <name>__TI_cinit_table</name>
         <load_address>0x2ce0</load_address>
         <run_address>0x2ce0</run_address>
         <size>0x10</size>
      </object_component>
      <object_component id="oc-2d1">
         <name>.binit</name>
         <load_address>0x0</load_address>
         <run_address>0x0</run_address>
         <size>0x0</size>
      </object_component>
      <object_component id="oc-174">
         <name>.data</name>
         <load_address>0x200005b8</load_address>
         <run_address>0x200005b8</run_address>
         <size>0x18</size>
         <input_file_ref idref="fl-3"/>
      </object_component>
      <object_component id="oc-137">
         <name>.data</name>
         <load_address>0x20000614</load_address>
         <run_address>0x20000614</run_address>
         <size>0x4</size>
         <input_file_ref idref="fl-5"/>
      </object_component>
      <object_component id="oc-e0">
         <name>.data</name>
         <load_address>0x2000060c</load_address>
         <run_address>0x2000060c</run_address>
         <size>0x8</size>
         <input_file_ref idref="fl-a"/>
      </object_component>
      <object_component id="oc-e8">
         <name>.data</name>
         <load_address>0x200005f8</load_address>
         <run_address>0x200005f8</run_address>
         <size>0xc</size>
         <input_file_ref idref="fl-b"/>
      </object_component>
      <object_component id="oc-150">
         <name>.data</name>
         <load_address>0x20000628</load_address>
         <run_address>0x20000628</run_address>
         <size>0x4</size>
         <input_file_ref idref="fl-f"/>
      </object_component>
      <object_component id="oc-1c0">
         <name>.data</name>
         <load_address>0x20000618</load_address>
         <run_address>0x20000618</run_address>
         <size>0x4</size>
         <input_file_ref idref="fl-c9"/>
      </object_component>
      <object_component id="oc-197">
         <name>.data:_ftable</name>
         <load_address>0x20000400</load_address>
         <run_address>0x20000400</run_address>
         <size>0xf0</size>
         <input_file_ref idref="fl-ce"/>
      </object_component>
      <object_component id="oc-1d2">
         <name>.data</name>
         <load_address>0x200005d0</load_address>
         <run_address>0x200005d0</run_address>
         <size>0x10</size>
         <input_file_ref idref="fl-ce"/>
      </object_component>
      <object_component id="oc-c5">
         <name>.data:$O1$$</name>
         <load_address>0x200005e0</load_address>
         <run_address>0x200005e0</run_address>
         <size>0xc</size>
         <input_file_ref idref="fl-cf"/>
      </object_component>
      <object_component id="oc-1d5">
         <name>.data</name>
         <load_address>0x2000061c</load_address>
         <run_address>0x2000061c</run_address>
         <size>0x4</size>
         <input_file_ref idref="fl-d0"/>
      </object_component>
      <object_component id="oc-234">
         <name>.data</name>
         <load_address>0x20000620</load_address>
         <run_address>0x20000620</run_address>
         <size>0x4</size>
         <input_file_ref idref="fl-d5"/>
      </object_component>
      <object_component id="oc-74">
         <name>.data</name>
         <load_address>0x20000624</load_address>
         <run_address>0x20000624</run_address>
         <size>0x4</size>
         <input_file_ref idref="fl-d8"/>
      </object_component>
      <object_component id="oc-1c1">
         <name>.data:_device</name>
         <load_address>0x200004f0</load_address>
         <run_address>0x200004f0</run_address>
         <size>0x78</size>
         <input_file_ref idref="fl-dc"/>
      </object_component>
      <object_component id="oc-235">
         <name>.data:_stream</name>
         <load_address>0x20000568</load_address>
         <run_address>0x20000568</run_address>
         <size>0x50</size>
         <input_file_ref idref="fl-dc"/>
      </object_component>
      <object_component id="oc-c8">
         <name>.data:$O1$$</name>
         <load_address>0x20000604</load_address>
         <run_address>0x20000604</run_address>
         <size>0x8</size>
         <input_file_ref idref="fl-dd"/>
      </object_component>
      <object_component id="oc-258">
         <name>.data:$O1$$</name>
         <load_address>0x200005ec</load_address>
         <run_address>0x200005ec</run_address>
         <size>0xc</size>
         <input_file_ref idref="fl-ea"/>
      </object_component>
      <object_component id="oc-2ab">
         <name>.bss:_CIOBUF_</name>
         <uninitialized>true</uninitialized>
         <run_address>0x2000062c</run_address>
         <size>0x120</size>
         <input_file_ref idref="fl-ef"/>
      </object_component>
      <object_component id="oc-12f">
         <name>.common:Period0</name>
         <uninitialized>true</uninitialized>
         <run_address>0x20000814</run_address>
         <size>0x2</size>
      </object_component>
      <object_component id="oc-132">
         <name>.common:First0</name>
         <uninitialized>true</uninitialized>
         <run_address>0x20000810</run_address>
         <size>0x2</size>
      </object_component>
      <object_component id="oc-133">
         <name>.common:Done0</name>
         <uninitialized>true</uninitialized>
         <run_address>0x200007fc</run_address>
         <size>0x4</size>
      </object_component>
      <object_component id="oc-134">
         <name>.common:Period2</name>
         <uninitialized>true</uninitialized>
         <run_address>0x20000816</run_address>
         <size>0x2</size>
      </object_component>
      <object_component id="oc-135">
         <name>.common:First2</name>
         <uninitialized>true</uninitialized>
         <run_address>0x20000812</run_address>
         <size>0x2</size>
      </object_component>
      <object_component id="oc-136">
         <name>.common:Done2</name>
         <uninitialized>true</uninitialized>
         <run_address>0x20000800</run_address>
         <size>0x4</size>
      </object_component>
      <object_component id="oc-e5">
         <name>.common:LogicData</name>
         <uninitialized>true</uninitialized>
         <run_address>0x20000818</run_address>
         <size>0x1</size>
      </object_component>
      <object_component id="oc-eb">
         <name>.common:PeriodicTask2</name>
         <uninitialized>true</uninitialized>
         <run_address>0x20000808</run_address>
         <size>0x4</size>
      </object_component>
      <object_component id="oc-d7">
         <name>.common:TimerA1Task</name>
         <uninitialized>true</uninitialized>
         <run_address>0x2000080c</run_address>
         <size>0x4</size>
      </object_component>
      <object_component id="oc-184">
         <name>.common:Messageindexb</name>
         <uninitialized>true</uninitialized>
         <run_address>0x20000804</run_address>
         <size>0x4</size>
      </object_component>
      <object_component id="oc-181">
         <name>.common:Messageb</name>
         <uninitialized>true</uninitialized>
         <run_address>0x200007ec</run_address>
         <size>0x8</size>
      </object_component>
      <object_component id="oc-24c">
         <name>.common:__TI_tmpnams</name>
         <uninitialized>true</uninitialized>
         <run_address>0x2000074c</run_address>
         <size>0xa0</size>
      </object_component>
      <object_component id="oc-274">
         <name>.common:parmbuf</name>
         <uninitialized>true</uninitialized>
         <run_address>0x200007f4</run_address>
         <size>0x8</size>
      </object_component>
      <object_component id="oc-30">
         <name>.sysmem</name>
         <uninitialized>true</uninitialized>
         <run_address>0x20000000</run_address>
         <size>0x8</size>
         <input_file_ref idref="fl-ea"/>
      </object_component>
      <object_component id="oc-2f9">
         <name>.sysmem</name>
         <uninitialized>true</uninitialized>
         <run_address>0x20000000</run_address>
         <size>0x0</size>
      </object_component>
      <object_component id="oc-2f">
         <name>.stack</name>
         <uninitialized>true</uninitialized>
         <run_address>0x2000fe00</run_address>
         <size>0x0</size>
         <input_file_ref idref="fl-ca"/>
      </object_component>
      <object_component id="oc-2f8">
         <name>.stack</name>
         <uninitialized>true</uninitialized>
         <run_address>0x2000fe00</run_address>
         <size>0x0</size>
      </object_component>
      <object_component id="oc-1a9">
         <name>.debug_info</name>
         <load_address>0x0</load_address>
         <run_address>0x0</run_address>
         <size>0x557</size>
         <input_file_ref idref="fl-2"/>
      </object_component>
      <object_component id="oc-156">
         <name>.debug_info</name>
         <load_address>0x557</load_address>
         <run_address>0x557</run_address>
         <size>0x37e2</size>
         <input_file_ref idref="fl-2"/>
      </object_component>
      <object_component id="oc-15b">
         <name>.debug_info</name>
         <load_address>0x3d39</load_address>
         <run_address>0x3d39</run_address>
         <size>0x1055</size>
         <input_file_ref idref="fl-2"/>
      </object_component>
      <object_component id="oc-39">
         <name>.debug_info</name>
         <load_address>0x4d8e</load_address>
         <run_address>0x4d8e</run_address>
         <size>0x84</size>
         <input_file_ref idref="fl-2"/>
      </object_component>
      <object_component id="oc-db">
         <name>.debug_info</name>
         <load_address>0x4e12</load_address>
         <run_address>0x4e12</run_address>
         <size>0x18b</size>
         <input_file_ref idref="fl-2"/>
      </object_component>
      <object_component id="oc-175">
         <name>.debug_info</name>
         <load_address>0x4f9d</load_address>
         <run_address>0x4f9d</run_address>
         <size>0x1c6</size>
         <input_file_ref idref="fl-3"/>
      </object_component>
      <object_component id="oc-114">
         <name>.debug_info</name>
         <load_address>0x5163</load_address>
         <run_address>0x5163</run_address>
         <size>0x4ac</size>
         <input_file_ref idref="fl-3"/>
      </object_component>
      <object_component id="oc-126">
         <name>.debug_info</name>
         <load_address>0x560f</load_address>
         <run_address>0x560f</run_address>
         <size>0x46d</size>
         <input_file_ref idref="fl-4"/>
      </object_component>
      <object_component id="oc-130">
         <name>.debug_info</name>
         <load_address>0x5a7c</load_address>
         <run_address>0x5a7c</run_address>
         <size>0x86c</size>
         <input_file_ref idref="fl-5"/>
      </object_component>
      <object_component id="oc-138">
         <name>.debug_info</name>
         <load_address>0x62e8</load_address>
         <run_address>0x62e8</run_address>
         <size>0xf2</size>
         <input_file_ref idref="fl-5"/>
      </object_component>
      <object_component id="oc-c0">
         <name>.debug_info</name>
         <load_address>0x63da</load_address>
         <run_address>0x63da</run_address>
         <size>0x49e</size>
         <input_file_ref idref="fl-5"/>
      </object_component>
      <object_component id="oc-ed">
         <name>.debug_info</name>
         <load_address>0x6878</load_address>
         <run_address>0x6878</run_address>
         <size>0xb4</size>
         <input_file_ref idref="fl-5"/>
      </object_component>
      <object_component id="oc-11e">
         <name>.debug_info</name>
         <load_address>0x692c</load_address>
         <run_address>0x692c</run_address>
         <size>0x418</size>
         <input_file_ref idref="fl-6"/>
      </object_component>
      <object_component id="oc-11a">
         <name>.debug_info</name>
         <load_address>0x6d44</load_address>
         <run_address>0x6d44</run_address>
         <size>0x735</size>
         <input_file_ref idref="fl-7"/>
      </object_component>
      <object_component id="oc-17a">
         <name>.debug_info</name>
         <load_address>0x7479</load_address>
         <run_address>0x7479</run_address>
         <size>0x723</size>
         <input_file_ref idref="fl-8"/>
      </object_component>
      <object_component id="oc-e4">
         <name>.debug_info</name>
         <load_address>0x7b9c</load_address>
         <run_address>0x7b9c</run_address>
         <size>0x574</size>
         <input_file_ref idref="fl-a"/>
      </object_component>
      <object_component id="oc-e1">
         <name>.debug_info</name>
         <load_address>0x8110</load_address>
         <run_address>0x8110</run_address>
         <size>0x14e</size>
         <input_file_ref idref="fl-a"/>
      </object_component>
      <object_component id="oc-85">
         <name>.debug_info</name>
         <load_address>0x825e</load_address>
         <run_address>0x825e</run_address>
         <size>0x479</size>
         <input_file_ref idref="fl-a"/>
      </object_component>
      <object_component id="oc-e6">
         <name>.debug_info</name>
         <load_address>0x86d7</load_address>
         <run_address>0x86d7</run_address>
         <size>0x5b3</size>
         <input_file_ref idref="fl-b"/>
      </object_component>
      <object_component id="oc-e9">
         <name>.debug_info</name>
         <load_address>0x8c8a</load_address>
         <run_address>0x8c8a</run_address>
         <size>0x1a9</size>
         <input_file_ref idref="fl-b"/>
      </object_component>
      <object_component id="oc-8b">
         <name>.debug_info</name>
         <load_address>0x8e33</load_address>
         <run_address>0x8e33</run_address>
         <size>0x225a</size>
         <input_file_ref idref="fl-b"/>
      </object_component>
      <object_component id="oc-d8">
         <name>.debug_info</name>
         <load_address>0xb08d</load_address>
         <run_address>0xb08d</run_address>
         <size>0x589</size>
         <input_file_ref idref="fl-c"/>
      </object_component>
      <object_component id="oc-80">
         <name>.debug_info</name>
         <load_address>0xb616</load_address>
         <run_address>0xb616</run_address>
         <size>0x35a</size>
         <input_file_ref idref="fl-c"/>
      </object_component>
      <object_component id="oc-182">
         <name>.debug_info</name>
         <load_address>0xb970</load_address>
         <run_address>0xb970</run_address>
         <size>0x79c</size>
         <input_file_ref idref="fl-d"/>
      </object_component>
      <object_component id="oc-12c">
         <name>.debug_info</name>
         <load_address>0xc10c</load_address>
         <run_address>0xc10c</run_address>
         <size>0x1cfa</size>
         <input_file_ref idref="fl-d"/>
      </object_component>
      <object_component id="oc-1af">
         <name>.debug_info</name>
         <load_address>0xde06</load_address>
         <run_address>0xde06</run_address>
         <size>0xc8</size>
         <input_file_ref idref="fl-d"/>
      </object_component>
      <object_component id="oc-19b">
         <name>.debug_info</name>
         <load_address>0xdece</load_address>
         <run_address>0xdece</run_address>
         <size>0x2c</size>
         <input_file_ref idref="fl-d"/>
      </object_component>
      <object_component id="oc-92">
         <name>.debug_info</name>
         <load_address>0xdefa</load_address>
         <run_address>0xdefa</run_address>
         <size>0x2ca</size>
         <input_file_ref idref="fl-e"/>
      </object_component>
      <object_component id="oc-2d">
         <name>.debug_info</name>
         <load_address>0xe1c4</load_address>
         <run_address>0xe1c4</run_address>
         <size>0x108</size>
         <input_file_ref idref="fl-e"/>
      </object_component>
      <object_component id="oc-7a">
         <name>.debug_info</name>
         <load_address>0xe2cc</load_address>
         <run_address>0xe2cc</run_address>
         <size>0x1cf</size>
         <input_file_ref idref="fl-e"/>
      </object_component>
      <object_component id="oc-151">
         <name>.debug_info</name>
         <load_address>0xe49b</load_address>
         <run_address>0xe49b</run_address>
         <size>0x101</size>
         <input_file_ref idref="fl-f"/>
      </object_component>
      <object_component id="oc-d4">
         <name>.debug_info</name>
         <load_address>0xe59c</load_address>
         <run_address>0xe59c</run_address>
         <size>0x273</size>
         <input_file_ref idref="fl-f"/>
      </object_component>
      <object_component id="oc-1c5">
         <name>.debug_info</name>
         <load_address>0xe80f</load_address>
         <run_address>0xe80f</run_address>
         <size>0x430</size>
         <input_file_ref idref="fl-c9"/>
      </object_component>
      <object_component id="oc-189">
         <name>.debug_info</name>
         <load_address>0xec3f</load_address>
         <run_address>0xec3f</run_address>
         <size>0x2d0</size>
         <input_file_ref idref="fl-c9"/>
      </object_component>
      <object_component id="oc-22f">
         <name>.debug_info</name>
         <load_address>0xef0f</load_address>
         <run_address>0xef0f</run_address>
         <size>0xea</size>
         <input_file_ref idref="fl-c9"/>
      </object_component>
      <object_component id="oc-22a">
         <name>.debug_info</name>
         <load_address>0xeff9</load_address>
         <run_address>0xeff9</run_address>
         <size>0x2c</size>
         <input_file_ref idref="fl-c9"/>
      </object_component>
      <object_component id="oc-29">
         <name>.debug_info</name>
         <load_address>0xf025</load_address>
         <run_address>0xf025</run_address>
         <size>0x160</size>
         <input_file_ref idref="fl-ca"/>
      </object_component>
      <object_component id="oc-9c">
         <name>.debug_info</name>
         <load_address>0xf185</load_address>
         <run_address>0xf185</run_address>
         <size>0x293</size>
         <input_file_ref idref="fl-cb"/>
      </object_component>
      <object_component id="oc-17">
         <name>.debug_info</name>
         <load_address>0xf418</load_address>
         <run_address>0xf418</run_address>
         <size>0x245</size>
         <input_file_ref idref="fl-cb"/>
      </object_component>
      <object_component id="oc-34">
         <name>.debug_info</name>
         <load_address>0xf65d</load_address>
         <run_address>0xf65d</run_address>
         <size>0x60</size>
         <input_file_ref idref="fl-cb"/>
      </object_component>
      <object_component id="oc-97">
         <name>.debug_info</name>
         <load_address>0xf6bd</load_address>
         <run_address>0xf6bd</run_address>
         <size>0x46</size>
         <input_file_ref idref="fl-cb"/>
      </object_component>
      <object_component id="oc-49">
         <name>.debug_info</name>
         <load_address>0xf703</load_address>
         <run_address>0xf703</run_address>
         <size>0x2da</size>
         <input_file_ref idref="fl-cc"/>
      </object_component>
      <object_component id="oc-1b">
         <name>.debug_info</name>
         <load_address>0xf9dd</load_address>
         <run_address>0xf9dd</run_address>
         <size>0x1df</size>
         <input_file_ref idref="fl-cc"/>
      </object_component>
      <object_component id="oc-44">
         <name>.debug_info</name>
         <load_address>0xfbbc</load_address>
         <run_address>0xfbbc</run_address>
         <size>0x46</size>
         <input_file_ref idref="fl-cc"/>
      </object_component>
      <object_component id="oc-9e">
         <name>.debug_info</name>
         <load_address>0xfc02</load_address>
         <run_address>0xfc02</run_address>
         <size>0x2c</size>
         <input_file_ref idref="fl-cc"/>
      </object_component>
      <object_component id="oc-55">
         <name>.debug_info</name>
         <load_address>0xfc2e</load_address>
         <run_address>0xfc2e</run_address>
         <size>0x2c9</size>
         <input_file_ref idref="fl-cd"/>
      </object_component>
      <object_component id="oc-22">
         <name>.debug_info</name>
         <load_address>0xfef7</load_address>
         <run_address>0xfef7</run_address>
         <size>0x1aa</size>
         <input_file_ref idref="fl-cd"/>
      </object_component>
      <object_component id="oc-50">
         <name>.debug_info</name>
         <load_address>0x100a1</load_address>
         <run_address>0x100a1</run_address>
         <size>0x46</size>
         <input_file_ref idref="fl-cd"/>
      </object_component>
      <object_component id="oc-a6">
         <name>.debug_info</name>
         <load_address>0x100e7</load_address>
         <run_address>0x100e7</run_address>
         <size>0x2c</size>
         <input_file_ref idref="fl-cd"/>
      </object_component>
      <object_component id="oc-1e7">
         <name>.debug_info</name>
         <load_address>0x10113</load_address>
         <run_address>0x10113</run_address>
         <size>0x139</size>
         <input_file_ref idref="fl-ce"/>
      </object_component>
      <object_component id="oc-198">
         <name>.debug_info</name>
         <load_address>0x1024c</load_address>
         <run_address>0x1024c</run_address>
         <size>0xf7</size>
         <input_file_ref idref="fl-ce"/>
      </object_component>
      <object_component id="oc-1d3">
         <name>.debug_info</name>
         <load_address>0x10343</load_address>
         <run_address>0x10343</run_address>
         <size>0x184</size>
         <input_file_ref idref="fl-ce"/>
      </object_component>
      <object_component id="oc-253">
         <name>.debug_info</name>
         <load_address>0x104c7</load_address>
         <run_address>0x104c7</run_address>
         <size>0xae</size>
         <input_file_ref idref="fl-ce"/>
      </object_component>
      <object_component id="oc-cc">
         <name>.debug_info</name>
         <load_address>0x10575</load_address>
         <run_address>0x10575</run_address>
         <size>0x3ce</size>
         <input_file_ref idref="fl-cf"/>
      </object_component>
      <object_component id="oc-c6">
         <name>.debug_info</name>
         <load_address>0x10943</load_address>
         <run_address>0x10943</run_address>
         <size>0x185</size>
         <input_file_ref idref="fl-cf"/>
      </object_component>
      <object_component id="oc-71">
         <name>.debug_info</name>
         <load_address>0x10ac8</load_address>
         <run_address>0x10ac8</run_address>
         <size>0x214</size>
         <input_file_ref idref="fl-cf"/>
      </object_component>
      <object_component id="oc-1d7">
         <name>.debug_info</name>
         <load_address>0x10cdc</load_address>
         <run_address>0x10cdc</run_address>
         <size>0x3d6</size>
         <input_file_ref idref="fl-d0"/>
      </object_component>
      <object_component id="oc-18c">
         <name>.debug_info</name>
         <load_address>0x110b2</load_address>
         <run_address>0x110b2</run_address>
         <size>0x455</size>
         <input_file_ref idref="fl-d0"/>
      </object_component>
      <object_component id="oc-f6">
         <name>.debug_info</name>
         <load_address>0x11507</load_address>
         <run_address>0x11507</run_address>
         <size>0x2c</size>
         <input_file_ref idref="fl-d0"/>
      </object_component>
      <object_component id="oc-1f8">
         <name>.debug_info</name>
         <load_address>0x11533</load_address>
         <run_address>0x11533</run_address>
         <size>0x417</size>
         <input_file_ref idref="fl-d1"/>
      </object_component>
      <object_component id="oc-1b7">
         <name>.debug_info</name>
         <load_address>0x1194a</load_address>
         <run_address>0x1194a</run_address>
         <size>0x282</size>
         <input_file_ref idref="fl-d1"/>
      </object_component>
      <object_component id="oc-41">
         <name>.debug_info</name>
         <load_address>0x11bcc</load_address>
         <run_address>0x11bcc</run_address>
         <size>0x111</size>
         <input_file_ref idref="fl-d2"/>
      </object_component>
      <object_component id="oc-4d">
         <name>.debug_info</name>
         <load_address>0x11cdd</load_address>
         <run_address>0x11cdd</run_address>
         <size>0x13f</size>
         <input_file_ref idref="fl-d3"/>
      </object_component>
      <object_component id="oc-58">
         <name>.debug_info</name>
         <load_address>0x11e1c</load_address>
         <run_address>0x11e1c</run_address>
         <size>0x138</size>
         <input_file_ref idref="fl-d4"/>
      </object_component>
      <object_component id="oc-239">
         <name>.debug_info</name>
         <load_address>0x11f54</load_address>
         <run_address>0x11f54</run_address>
         <size>0x3f7</size>
         <input_file_ref idref="fl-d5"/>
      </object_component>
      <object_component id="oc-1c8">
         <name>.debug_info</name>
         <load_address>0x1234b</load_address>
         <run_address>0x1234b</run_address>
         <size>0x23a</size>
         <input_file_ref idref="fl-d5"/>
      </object_component>
      <object_component id="oc-28c">
         <name>.debug_info</name>
         <load_address>0x12585</load_address>
         <run_address>0x12585</run_address>
         <size>0x120</size>
         <input_file_ref idref="fl-d5"/>
      </object_component>
      <object_component id="oc-60">
         <name>.debug_info</name>
         <load_address>0x126a5</load_address>
         <run_address>0x126a5</run_address>
         <size>0x148</size>
         <input_file_ref idref="fl-d6"/>
      </object_component>
      <object_component id="oc-1df">
         <name>.debug_info</name>
         <load_address>0x127ed</load_address>
         <run_address>0x127ed</run_address>
         <size>0x35a</size>
         <input_file_ref idref="fl-d7"/>
      </object_component>
      <object_component id="oc-195">
         <name>.debug_info</name>
         <load_address>0x12b47</load_address>
         <run_address>0x12b47</run_address>
         <size>0x200</size>
         <input_file_ref idref="fl-d7"/>
      </object_component>
      <object_component id="oc-1e0">
         <name>.debug_info</name>
         <load_address>0x12d47</load_address>
         <run_address>0x12d47</run_address>
         <size>0xbb</size>
         <input_file_ref idref="fl-d7"/>
      </object_component>
      <object_component id="oc-75">
         <name>.debug_info</name>
         <load_address>0x12e02</load_address>
         <run_address>0x12e02</run_address>
         <size>0x109</size>
         <input_file_ref idref="fl-d8"/>
      </object_component>
      <object_component id="oc-263">
         <name>.debug_info</name>
         <load_address>0x12f0b</load_address>
         <run_address>0x12f0b</run_address>
         <size>0x28f</size>
         <input_file_ref idref="fl-d9"/>
      </object_component>
      <object_component id="oc-1f4">
         <name>.debug_info</name>
         <load_address>0x1319a</load_address>
         <run_address>0x1319a</run_address>
         <size>0x244</size>
         <input_file_ref idref="fl-d9"/>
      </object_component>
      <object_component id="oc-261">
         <name>.debug_info</name>
         <load_address>0x133de</load_address>
         <run_address>0x133de</run_address>
         <size>0x27f</size>
         <input_file_ref idref="fl-da"/>
      </object_component>
      <object_component id="oc-1ec">
         <name>.debug_info</name>
         <load_address>0x1365d</load_address>
         <run_address>0x1365d</run_address>
         <size>0x258</size>
         <input_file_ref idref="fl-da"/>
      </object_component>
      <object_component id="oc-1fa">
         <name>.debug_info</name>
         <load_address>0x138b5</load_address>
         <run_address>0x138b5</run_address>
         <size>0x290</size>
         <input_file_ref idref="fl-db"/>
      </object_component>
      <object_component id="oc-1bd">
         <name>.debug_info</name>
         <load_address>0x13b45</load_address>
         <run_address>0x13b45</run_address>
         <size>0x259</size>
         <input_file_ref idref="fl-db"/>
      </object_component>
      <object_component id="oc-227">
         <name>.debug_info</name>
         <load_address>0x13d9e</load_address>
         <run_address>0x13d9e</run_address>
         <size>0x4c5</size>
         <input_file_ref idref="fl-dc"/>
      </object_component>
      <object_component id="oc-1c2">
         <name>.debug_info</name>
         <load_address>0x14263</load_address>
         <run_address>0x14263</run_address>
         <size>0xf8</size>
         <input_file_ref idref="fl-dc"/>
      </object_component>
      <object_component id="oc-236">
         <name>.debug_info</name>
         <load_address>0x1435b</load_address>
         <run_address>0x1435b</run_address>
         <size>0xf8</size>
         <input_file_ref idref="fl-dc"/>
      </object_component>
      <object_component id="oc-296">
         <name>.debug_info</name>
         <load_address>0x14453</load_address>
         <run_address>0x14453</run_address>
         <size>0x184</size>
         <input_file_ref idref="fl-dc"/>
      </object_component>
      <object_component id="oc-14c">
         <name>.debug_info</name>
         <load_address>0x145d7</load_address>
         <run_address>0x145d7</run_address>
         <size>0x2be</size>
         <input_file_ref idref="fl-dd"/>
      </object_component>
      <object_component id="oc-c9">
         <name>.debug_info</name>
         <load_address>0x14895</load_address>
         <run_address>0x14895</run_address>
         <size>0x113</size>
         <input_file_ref idref="fl-dd"/>
      </object_component>
      <object_component id="oc-145">
         <name>.debug_info</name>
         <load_address>0x149a8</load_address>
         <run_address>0x149a8</run_address>
         <size>0x21f</size>
         <input_file_ref idref="fl-dd"/>
      </object_component>
      <object_component id="oc-c4">
         <name>.debug_info</name>
         <load_address>0x14bc7</load_address>
         <run_address>0x14bc7</run_address>
         <size>0x300</size>
         <input_file_ref idref="fl-de"/>
      </object_component>
      <object_component id="oc-6b">
         <name>.debug_info</name>
         <load_address>0x14ec7</load_address>
         <run_address>0x14ec7</run_address>
         <size>0x167</size>
         <input_file_ref idref="fl-de"/>
      </object_component>
      <object_component id="oc-13d">
         <name>.debug_info</name>
         <load_address>0x1502e</load_address>
         <run_address>0x1502e</run_address>
         <size>0x5e</size>
         <input_file_ref idref="fl-de"/>
      </object_component>
      <object_component id="oc-bc">
         <name>.debug_info</name>
         <load_address>0x1508c</load_address>
         <run_address>0x1508c</run_address>
         <size>0x483</size>
         <input_file_ref idref="fl-df"/>
      </object_component>
      <object_component id="oc-63">
         <name>.debug_info</name>
         <load_address>0x1550f</load_address>
         <run_address>0x1550f</run_address>
         <size>0x190</size>
         <input_file_ref idref="fl-df"/>
      </object_component>
      <object_component id="oc-107">
         <name>.debug_info</name>
         <load_address>0x1569f</load_address>
         <run_address>0x1569f</run_address>
         <size>0x39</size>
         <input_file_ref idref="fl-df"/>
      </object_component>
      <object_component id="oc-16f">
         <name>.debug_info</name>
         <load_address>0x156d8</load_address>
         <run_address>0x156d8</run_address>
         <size>0x39</size>
         <input_file_ref idref="fl-df"/>
      </object_component>
      <object_component id="oc-10c">
         <name>.debug_info</name>
         <load_address>0x15711</load_address>
         <run_address>0x15711</run_address>
         <size>0xcd</size>
         <input_file_ref idref="fl-df"/>
      </object_component>
      <object_component id="oc-103">
         <name>.debug_info</name>
         <load_address>0x157de</load_address>
         <run_address>0x157de</run_address>
         <size>0x37a</size>
         <input_file_ref idref="fl-e0"/>
      </object_component>
      <object_component id="oc-b0">
         <name>.debug_info</name>
         <load_address>0x15b58</load_address>
         <run_address>0x15b58</run_address>
         <size>0x183</size>
         <input_file_ref idref="fl-e0"/>
      </object_component>
      <object_component id="oc-16a">
         <name>.debug_info</name>
         <load_address>0x15cdb</load_address>
         <run_address>0x15cdb</run_address>
         <size>0x2c</size>
         <input_file_ref idref="fl-e0"/>
      </object_component>
      <object_component id="oc-24e">
         <name>.debug_info</name>
         <load_address>0x15d07</load_address>
         <run_address>0x15d07</run_address>
         <size>0x39a</size>
         <input_file_ref idref="fl-e1"/>
      </object_component>
      <object_component id="oc-1cf">
         <name>.debug_info</name>
         <load_address>0x160a1</load_address>
         <run_address>0x160a1</run_address>
         <size>0x298</size>
         <input_file_ref idref="fl-e1"/>
      </object_component>
      <object_component id="oc-29c">
         <name>.debug_info</name>
         <load_address>0x16339</load_address>
         <run_address>0x16339</run_address>
         <size>0x33c</size>
         <input_file_ref idref="fl-e2"/>
      </object_component>
      <object_component id="oc-23b">
         <name>.debug_info</name>
         <load_address>0x16675</load_address>
         <run_address>0x16675</run_address>
         <size>0x25a</size>
         <input_file_ref idref="fl-e2"/>
      </object_component>
      <object_component id="oc-279">
         <name>.debug_info</name>
         <load_address>0x168cf</load_address>
         <run_address>0x168cf</run_address>
         <size>0x368</size>
         <input_file_ref idref="fl-e3"/>
      </object_component>
      <object_component id="oc-203">
         <name>.debug_info</name>
         <load_address>0x16c37</load_address>
         <run_address>0x16c37</run_address>
         <size>0x1b1</size>
         <input_file_ref idref="fl-e3"/>
      </object_component>
      <object_component id="oc-27f">
         <name>.debug_info</name>
         <load_address>0x16de8</load_address>
         <run_address>0x16de8</run_address>
         <size>0x36d</size>
         <input_file_ref idref="fl-e4"/>
      </object_component>
      <object_component id="oc-214">
         <name>.debug_info</name>
         <load_address>0x17155</load_address>
         <run_address>0x17155</run_address>
         <size>0x205</size>
         <input_file_ref idref="fl-e4"/>
      </object_component>
      <object_component id="oc-275">
         <name>.debug_info</name>
         <load_address>0x1735a</load_address>
         <run_address>0x1735a</run_address>
         <size>0x3cb</size>
         <input_file_ref idref="fl-e5"/>
      </object_component>
      <object_component id="oc-1fc">
         <name>.debug_info</name>
         <load_address>0x17725</load_address>
         <run_address>0x17725</run_address>
         <size>0x201</size>
         <input_file_ref idref="fl-e5"/>
      </object_component>
      <object_component id="oc-27b">
         <name>.debug_info</name>
         <load_address>0x17926</load_address>
         <run_address>0x17926</run_address>
         <size>0x36c</size>
         <input_file_ref idref="fl-e6"/>
      </object_component>
      <object_component id="oc-208">
         <name>.debug_info</name>
         <load_address>0x17c92</load_address>
         <run_address>0x17c92</run_address>
         <size>0x1f0</size>
         <input_file_ref idref="fl-e6"/>
      </object_component>
      <object_component id="oc-289">
         <name>.debug_info</name>
         <load_address>0x17e82</load_address>
         <run_address>0x17e82</run_address>
         <size>0x3f3</size>
         <input_file_ref idref="fl-e7"/>
      </object_component>
      <object_component id="oc-220">
         <name>.debug_info</name>
         <load_address>0x18275</load_address>
         <run_address>0x18275</run_address>
         <size>0x22b</size>
         <input_file_ref idref="fl-e7"/>
      </object_component>
      <object_component id="oc-281">
         <name>.debug_info</name>
         <load_address>0x184a0</load_address>
         <run_address>0x184a0</run_address>
         <size>0x3be</size>
         <input_file_ref idref="fl-e8"/>
      </object_component>
      <object_component id="oc-21a">
         <name>.debug_info</name>
         <load_address>0x1885e</load_address>
         <run_address>0x1885e</run_address>
         <size>0x1bb</size>
         <input_file_ref idref="fl-e8"/>
      </object_component>
      <object_component id="oc-27d">
         <name>.debug_info</name>
         <load_address>0x18a19</load_address>
         <run_address>0x18a19</run_address>
         <size>0x36d</size>
         <input_file_ref idref="fl-e9"/>
      </object_component>
      <object_component id="oc-20f">
         <name>.debug_info</name>
         <load_address>0x18d86</load_address>
         <run_address>0x18d86</run_address>
         <size>0x1f5</size>
         <input_file_ref idref="fl-e9"/>
      </object_component>
      <object_component id="oc-95">
         <name>.debug_info</name>
         <load_address>0x18f7b</load_address>
         <run_address>0x18f7b</run_address>
         <size>0x3bc</size>
         <input_file_ref idref="fl-ea"/>
      </object_component>
      <object_component id="oc-31">
         <name>.debug_info</name>
         <load_address>0x19337</load_address>
         <run_address>0x19337</run_address>
         <size>0x101</size>
         <input_file_ref idref="fl-ea"/>
      </object_component>
      <object_component id="oc-259">
         <name>.debug_info</name>
         <load_address>0x19438</load_address>
         <run_address>0x19438</run_address>
         <size>0x14c</size>
         <input_file_ref idref="fl-ea"/>
      </object_component>
      <object_component id="oc-1dc">
         <name>.debug_info</name>
         <load_address>0x19584</load_address>
         <run_address>0x19584</run_address>
         <size>0x885</size>
         <input_file_ref idref="fl-ea"/>
      </object_component>
      <object_component id="oc-fb">
         <name>.debug_info</name>
         <load_address>0x19e09</load_address>
         <run_address>0x19e09</run_address>
         <size>0x62</size>
         <input_file_ref idref="fl-ea"/>
      </object_component>
      <object_component id="oc-b7">
         <name>.debug_info</name>
         <load_address>0x19e6b</load_address>
         <run_address>0x19e6b</run_address>
         <size>0x145</size>
         <input_file_ref idref="fl-ec"/>
      </object_component>
      <object_component id="oc-2bd">
         <name>.debug_info</name>
         <load_address>0x19fb0</load_address>
         <run_address>0x19fb0</run_address>
         <size>0x28a</size>
         <input_file_ref idref="fl-ed"/>
      </object_component>
      <object_component id="oc-283">
         <name>.debug_info</name>
         <load_address>0x1a23a</load_address>
         <run_address>0x1a23a</run_address>
         <size>0x231</size>
         <input_file_ref idref="fl-ed"/>
      </object_component>
      <object_component id="oc-2aa">
         <name>.debug_info</name>
         <load_address>0x1a46b</load_address>
         <run_address>0x1a46b</run_address>
         <size>0x284</size>
         <input_file_ref idref="fl-ee"/>
      </object_component>
      <object_component id="oc-26b">
         <name>.debug_info</name>
         <load_address>0x1a6ef</load_address>
         <run_address>0x1a6ef</run_address>
         <size>0x22a</size>
         <input_file_ref idref="fl-ee"/>
      </object_component>
      <object_component id="oc-2af">
         <name>.debug_info</name>
         <load_address>0x1a919</load_address>
         <run_address>0x1a919</run_address>
         <size>0x2b0</size>
         <input_file_ref idref="fl-ef"/>
      </object_component>
      <object_component id="oc-2ac">
         <name>.debug_info</name>
         <load_address>0x1abc9</load_address>
         <run_address>0x1abc9</run_address>
         <size>0xfd</size>
         <input_file_ref idref="fl-ef"/>
      </object_component>
      <object_component id="oc-26f">
         <name>.debug_info</name>
         <load_address>0x1acc6</load_address>
         <run_address>0x1acc6</run_address>
         <size>0x281</size>
         <input_file_ref idref="fl-ef"/>
      </object_component>
      <object_component id="oc-2a0">
         <name>.debug_info</name>
         <load_address>0x1af47</load_address>
         <run_address>0x1af47</run_address>
         <size>0x3c6</size>
         <input_file_ref idref="fl-f0"/>
      </object_component>
      <object_component id="oc-248">
         <name>.debug_info</name>
         <load_address>0x1b30d</load_address>
         <run_address>0x1b30d</run_address>
         <size>0x19a</size>
         <input_file_ref idref="fl-f0"/>
      </object_component>
      <object_component id="oc-29e">
         <name>.debug_info</name>
         <load_address>0x1b4a7</load_address>
         <run_address>0x1b4a7</run_address>
         <size>0x3c4</size>
         <input_file_ref idref="fl-f1"/>
      </object_component>
      <object_component id="oc-241">
         <name>.debug_info</name>
         <load_address>0x1b86b</load_address>
         <run_address>0x1b86b</run_address>
         <size>0x18a</size>
         <input_file_ref idref="fl-f1"/>
      </object_component>
      <object_component id="oc-2fa">
         <name>.debug_info</name>
         <load_address>0x1b9f5</load_address>
         <run_address>0x1b9f5</run_address>
         <size>0xb7</size>
      </object_component>
      <object_component id="oc-1ea">
         <name>.debug_line</name>
         <load_address>0x0</load_address>
         <run_address>0x0</run_address>
         <size>0x20</size>
         <input_file_ref idref="fl-2"/>
      </object_component>
      <object_component id="oc-159">
         <name>.debug_line</name>
         <load_address>0x20</load_address>
         <run_address>0x20</run_address>
         <size>0x52</size>
         <input_file_ref idref="fl-2"/>
      </object_component>
      <object_component id="oc-15e">
         <name>.debug_line</name>
         <load_address>0x72</load_address>
         <run_address>0x72</run_address>
         <size>0x55</size>
         <input_file_ref idref="fl-2"/>
      </object_component>
      <object_component id="oc-3c">
         <name>.debug_line</name>
         <load_address>0xc7</load_address>
         <run_address>0xc7</run_address>
         <size>0x20</size>
         <input_file_ref idref="fl-2"/>
      </object_component>
      <object_component id="oc-de">
         <name>.debug_line</name>
         <load_address>0xe7</load_address>
         <run_address>0xe7</run_address>
         <size>0x65</size>
         <input_file_ref idref="fl-2"/>
      </object_component>
      <object_component id="oc-1ab">
         <name>.debug_line</name>
         <load_address>0x14c</load_address>
         <run_address>0x14c</run_address>
         <size>0x5b</size>
         <input_file_ref idref="fl-3"/>
      </object_component>
      <object_component id="oc-113">
         <name>.debug_line</name>
         <load_address>0x1a7</load_address>
         <run_address>0x1a7</run_address>
         <size>0x128</size>
         <input_file_ref idref="fl-3"/>
      </object_component>
      <object_component id="oc-125">
         <name>.debug_line</name>
         <load_address>0x2cf</load_address>
         <run_address>0x2cf</run_address>
         <size>0xdf</size>
         <input_file_ref idref="fl-4"/>
      </object_component>
      <object_component id="oc-1a1">
         <name>.debug_line</name>
         <load_address>0x3ae</load_address>
         <run_address>0x3ae</run_address>
         <size>0xdb</size>
         <input_file_ref idref="fl-5"/>
      </object_component>
      <object_component id="oc-1a3">
         <name>.debug_line</name>
         <load_address>0x489</load_address>
         <run_address>0x489</run_address>
         <size>0x36</size>
         <input_file_ref idref="fl-5"/>
      </object_component>
      <object_component id="oc-bf">
         <name>.debug_line</name>
         <load_address>0x4bf</load_address>
         <run_address>0x4bf</run_address>
         <size>0xed</size>
         <input_file_ref idref="fl-5"/>
      </object_component>
      <object_component id="oc-f0">
         <name>.debug_line</name>
         <load_address>0x5ac</load_address>
         <run_address>0x5ac</run_address>
         <size>0x35</size>
         <input_file_ref idref="fl-5"/>
      </object_component>
      <object_component id="oc-121">
         <name>.debug_line</name>
         <load_address>0x5e1</load_address>
         <run_address>0x5e1</run_address>
         <size>0xd1</size>
         <input_file_ref idref="fl-6"/>
      </object_component>
      <object_component id="oc-119">
         <name>.debug_line</name>
         <load_address>0x6b2</load_address>
         <run_address>0x6b2</run_address>
         <size>0x117</size>
         <input_file_ref idref="fl-7"/>
      </object_component>
      <object_component id="oc-17d">
         <name>.debug_line</name>
         <load_address>0x7c9</load_address>
         <run_address>0x7c9</run_address>
         <size>0x164</size>
         <input_file_ref idref="fl-8"/>
      </object_component>
      <object_component id="oc-163">
         <name>.debug_line</name>
         <load_address>0x92d</load_address>
         <run_address>0x92d</run_address>
         <size>0x20</size>
         <input_file_ref idref="fl-a"/>
      </object_component>
      <object_component id="oc-161">
         <name>.debug_line</name>
         <load_address>0x94d</load_address>
         <run_address>0x94d</run_address>
         <size>0x65</size>
         <input_file_ref idref="fl-a"/>
      </object_component>
      <object_component id="oc-88">
         <name>.debug_line</name>
         <load_address>0x9b2</load_address>
         <run_address>0x9b2</run_address>
         <size>0xdb</size>
         <input_file_ref idref="fl-a"/>
      </object_component>
      <object_component id="oc-165">
         <name>.debug_line</name>
         <load_address>0xa8d</load_address>
         <run_address>0xa8d</run_address>
         <size>0x5b</size>
         <input_file_ref idref="fl-b"/>
      </object_component>
      <object_component id="oc-167">
         <name>.debug_line</name>
         <load_address>0xae8</load_address>
         <run_address>0xae8</run_address>
         <size>0x5b</size>
         <input_file_ref idref="fl-b"/>
      </object_component>
      <object_component id="oc-8f">
         <name>.debug_line</name>
         <load_address>0xb43</load_address>
         <run_address>0xb43</run_address>
         <size>0x603</size>
         <input_file_ref idref="fl-b"/>
      </object_component>
      <object_component id="oc-155">
         <name>.debug_line</name>
         <load_address>0x1146</load_address>
         <run_address>0x1146</run_address>
         <size>0x5d</size>
         <input_file_ref idref="fl-c"/>
      </object_component>
      <object_component id="oc-82">
         <name>.debug_line</name>
         <load_address>0x11a3</load_address>
         <run_address>0x11a3</run_address>
         <size>0xb4</size>
         <input_file_ref idref="fl-c"/>
      </object_component>
      <object_component id="oc-1ae">
         <name>.debug_line</name>
         <load_address>0x1257</load_address>
         <run_address>0x1257</run_address>
         <size>0xe2</size>
         <input_file_ref idref="fl-d"/>
      </object_component>
      <object_component id="oc-12e">
         <name>.debug_line</name>
         <load_address>0x1339</load_address>
         <run_address>0x1339</run_address>
         <size>0x4da</size>
         <input_file_ref idref="fl-d"/>
      </object_component>
      <object_component id="oc-1b2">
         <name>.debug_line</name>
         <load_address>0x1813</load_address>
         <run_address>0x1813</run_address>
         <size>0x64</size>
         <input_file_ref idref="fl-d"/>
      </object_component>
      <object_component id="oc-19e">
         <name>.debug_line</name>
         <load_address>0x1877</load_address>
         <run_address>0x1877</run_address>
         <size>0x63</size>
         <input_file_ref idref="fl-d"/>
      </object_component>
      <object_component id="oc-f3">
         <name>.debug_line</name>
         <load_address>0x18da</load_address>
         <run_address>0x18da</run_address>
         <size>0x40</size>
         <input_file_ref idref="fl-e"/>
      </object_component>
      <object_component id="oc-91">
         <name>.debug_line</name>
         <load_address>0x191a</load_address>
         <run_address>0x191a</run_address>
         <size>0x40</size>
         <input_file_ref idref="fl-e"/>
      </object_component>
      <object_component id="oc-7d">
         <name>.debug_line</name>
         <load_address>0x195a</load_address>
         <run_address>0x195a</run_address>
         <size>0x71</size>
         <input_file_ref idref="fl-e"/>
      </object_component>
      <object_component id="oc-1a8">
         <name>.debug_line</name>
         <load_address>0x19cb</load_address>
         <run_address>0x19cb</run_address>
         <size>0x3b</size>
         <input_file_ref idref="fl-f"/>
      </object_component>
      <object_component id="oc-d3">
         <name>.debug_line</name>
         <load_address>0x1a06</load_address>
         <run_address>0x1a06</run_address>
         <size>0x146</size>
         <input_file_ref idref="fl-f"/>
      </object_component>
      <object_component id="oc-229">
         <name>.debug_line</name>
         <load_address>0x1b4c</load_address>
         <run_address>0x1b4c</run_address>
         <size>0xff</size>
         <input_file_ref idref="fl-c9"/>
      </object_component>
      <object_component id="oc-188">
         <name>.debug_line</name>
         <load_address>0x1c4b</load_address>
         <run_address>0x1c4b</run_address>
         <size>0xa0</size>
         <input_file_ref idref="fl-c9"/>
      </object_component>
      <object_component id="oc-232">
         <name>.debug_line</name>
         <load_address>0x1ceb</load_address>
         <run_address>0x1ceb</run_address>
         <size>0x2c</size>
         <input_file_ref idref="fl-c9"/>
      </object_component>
      <object_component id="oc-22d">
         <name>.debug_line</name>
         <load_address>0x1d17</load_address>
         <run_address>0x1d17</run_address>
         <size>0x89</size>
         <input_file_ref idref="fl-c9"/>
      </object_component>
      <object_component id="oc-28">
         <name>.debug_line</name>
         <load_address>0x1da0</load_address>
         <run_address>0x1da0</run_address>
         <size>0x53</size>
         <input_file_ref idref="fl-ca"/>
      </object_component>
      <object_component id="oc-101">
         <name>.debug_line</name>
         <load_address>0x1df3</load_address>
         <run_address>0x1df3</run_address>
         <size>0x20</size>
[...]
      </symbol>
      <symbol id="sm-31e">
         <name>interruptVectors</name>
         <value>0x0</value>
         <object_component_ref idref="oc-2c"/>
      </symbol>
      <symbol id="sm-364">
         <name>SystemInit</name>
         <value>0x1415</value>
         <object_component_ref idref="oc-d0"/>
      </symbol>
      <symbol id="sm-365">
         <name>SystemCoreClockUpdate</name>
         <value>0x11a1</value>
         <object_component_ref idref="oc-d0"/>
      </symbol>
      <symbol id="sm-366">
         <name>SystemCoreClock</name>
         <value>0x20000628</value>
         <object_component_ref idref="oc-150"/>
      </symbol>
      <symbol id="sm-38b">
         <name>add_device</name>
         <value>0x2275</value>
         <object_component_ref idref="oc-185"/>
      </symbol>
      <symbol id="sm-39c">
         <name>_c_int00</name>
         <value>0x2971</value>
         <object_component_ref idref="oc-26"/>
      </symbol>
      <symbol id="sm-39d">
         <name>__stack</name>
         <value>0x2000fe00</value>
         <object_component_ref idref="oc-2f"/>
      </symbol>
      <symbol id="sm-3bb">
         <name>__TI_decompress_lzss</name>
         <value>0x2665</value>
         <object_component_ref idref="oc-14"/>
      </symbol>
      <symbol id="sm-3d2">
         <name>__TI_decompress_none</name>
         <value>0x2c21</value>
         <object_component_ref idref="oc-1a"/>
      </symbol>
      <symbol id="sm-3e9">
         <name>__TI_zero_init</name>
         <value>0x2c3d</value>
         <object_component_ref idref="oc-20"/>
      </symbol>
      <symbol id="sm-403">
         <name>__TI_tmpnams</name>
         <value>0x2000074c</value>
      </symbol>
      <symbol id="sm-404">
         <name>__aeabi_stdout</name>
         <value>0x200005d8</value>
         <object_component_ref idref="oc-1d2"/>
      </symbol>
      <symbol id="sm-405">
         <name>__aeabi_stderr</name>
         <value>0x200005dc</value>
         <object_component_ref idref="oc-1d2"/>
      </symbol>
      <symbol id="sm-406">
         <name>__aeabi_stdin</name>
         <value>0x200005d4</value>
         <object_component_ref idref="oc-1d2"/>
      </symbol>
      <symbol id="sm-407">
         <name>_ftable</name>
         <value>0x20000400</value>
         <object_component_ref idref="oc-197"/>
      </symbol>
      <symbol id="sm-408">
         <name>__TI_ft_end</name>
         <value>0x200005d0</value>
         <object_component_ref idref="oc-1d2"/>
      </symbol>
      <symbol id="sm-429">
         <name>C$$EXIT</name>
         <value>0x29c5</value>
         <object_component_ref idref="oc-6e"/>
      </symbol>
      <symbol id="sm-42a">
         <name>abort</name>
         <value>0x29c9</value>
         <object_component_ref idref="oc-6e"/>
      </symbol>
      <symbol id="sm-42b">
         <name>exit</name>
         <value>0x29d1</value>
         <object_component_ref idref="oc-6e"/>
      </symbol>
      <symbol id="sm-42c">
         <name>__TI_dtors_ptr</name>
         <value>0x200005e4</value>
         <object_component_ref idref="oc-c5"/>
      </symbol>
      <symbol id="sm-42d">
         <name>__TI_cleanup_ptr</name>
         <value>0x200005e0</value>
         <object_component_ref idref="oc-c5"/>
      </symbol>
      <symbol id="sm-42e">
         <name>__TI_enable_exit_profile_output</name>
         <value>0x200005e8</value>
         <object_component_ref idref="oc-c5"/>
      </symbol>
      <symbol id="sm-465">
         <name>__TI_cleanup</name>
         <value>0x199d</value>
         <object_component_ref idref="oc-18b"/>
      </symbol>
      <symbol id="sm-466">
         <name>freopen</name>
         <value>0x19c9</value>
         <object_component_ref idref="oc-18b"/>
      </symbol>
      <symbol id="sm-467">
         <name>fopen</name>
         <value>0x19f3</value>
         <object_component_ref idref="oc-18b"/>
      </symbol>
      <symbol id="sm-47c">
         <name>finddevice</name>
         <value>0x25f5</value>
         <object_component_ref idref="oc-1b4"/>
      </symbol>
      <symbol id="sm-47d">
         <name>getdevice</name>
         <value>0x261f</value>
         <object_component_ref idref="oc-1b4"/>
      </symbol>
      <symbol id="sm-498">
         <name>memcpy</name>
         <value>0x23d5</value>
         <object_component_ref idref="oc-3e"/>
      </symbol>
      <symbol id="sm-499">
         <name>__aeabi_memcpy</name>
         <value>0x23d5</value>
         <object_component_ref idref="oc-3e"/>
      </symbol>
      <symbol id="sm-49a">
         <name>__aeabi_memcpy8</name>
         <value>0x23d5</value>
         <object_component_ref idref="oc-3e"/>
      </symbol>
      <symbol id="sm-49b">
         <name>__aeabi_memcpy4</name>
         <value>0x23d5</value>
         <object_component_ref idref="oc-3e"/>
      </symbol>
      <symbol id="sm-4aa">
         <name>__aeabi_memset</name>
         <value>0x250b</value>
         <object_component_ref idref="oc-4a"/>
      </symbol>
      <symbol id="sm-4ab">
         <name>memset</name>
         <value>0x2511</value>
         <object_component_ref idref="oc-4a"/>
      </symbol>
      <symbol id="sm-4ac">
         <name>__aeabi_memset8</name>
         <value>0x250b</value>
         <object_component_ref idref="oc-4a"/>
      </symbol>
      <symbol id="sm-4ad">
         <name>__aeabi_memset4</name>
         <value>0x250b</value>
         <object_component_ref idref="oc-4a"/>
      </symbol>
      <symbol id="sm-4ae">
         <name>__aeabi_memclr8</name>
         <value>0x2509</value>
         <object_component_ref idref="oc-4a"/>
      </symbol>
      <symbol id="sm-4af">
         <name>__aeabi_memclr4</name>
         <value>0x2509</value>
         <object_component_ref idref="oc-4a"/>
      </symbol>
      <symbol id="sm-4b0">
         <name>__aeabi_memclr</name>
         <value>0x2509</value>
         <object_component_ref idref="oc-4a"/>
      </symbol>
      <symbol id="sm-4ba">
         <name>__mpu_init</name>
         <value>0x2583</value>
         <object_component_ref idref="oc-56"/>
      </symbol>
      <symbol id="sm-4dc">
         <name>open</name>
         <value>0x21b9</value>
         <object_component_ref idref="oc-1c6"/>
      </symbol>
      <symbol id="sm-4e6">
         <name>_system_pre_init</name>
         <value>0x2c49</value>
         <object_component_ref idref="oc-5c"/>
      </symbol>
      <symbol id="sm-507">
         <name>setvbuf</name>
         <value>0x2015</value>
         <object_component_ref idref="oc-191"/>
      </symbol>
      <symbol id="sm-50f">
         <name>main_func_sp</name>
         <value>0x20000624</value>
         <object_component_ref idref="oc-74"/>
      </symbol>
      <symbol id="sm-51f">
         <name>strchr</name>
         <value>0x2bcd</value>
         <object_component_ref idref="oc-1f1"/>
      </symbol>
      <symbol id="sm-52e">
         <name>strcmp</name>
         <value>0x2bb5</value>
         <object_component_ref idref="oc-1eb"/>
      </symbol>
      <symbol id="sm-53e">
         <name>strncpy</name>
         <value>0x2aed</value>
         <object_component_ref idref="oc-1ba"/>
      </symbol>
      <symbol id="sm-55a">
         <name>_stream</name>
         <value>0x20000568</value>
         <object_component_ref idref="oc-235"/>
      </symbol>
      <symbol id="sm-55b">
         <name>_device</name>
         <value>0x200004f0</value>
         <object_component_ref idref="oc-1c1"/>
      </symbol>
      <symbol id="sm-55c">
         <name>write</name>
         <value>0x2b51</value>
         <object_component_ref idref="oc-295"/>
      </symbol>
      <symbol id="sm-575">
         <name>_nop</name>
         <value>0x2bf3</value>
         <object_component_ref idref="oc-144"/>
      </symbol>
      <symbol id="sm-576">
         <name>_lock</name>
         <value>0x20000604</value>
         <object_component_ref idref="oc-c8"/>
      </symbol>
      <symbol id="sm-577">
         <name>_unlock</name>
         <value>0x20000608</value>
         <object_component_ref idref="oc-c8"/>
      </symbol>
      <symbol id="sm-578">
         <name>_register_lock</name>
         <value>0x2beb</value>
         <object_component_ref idref="oc-144"/>
      </symbol>
      <symbol id="sm-579">
         <name>_register_unlock</name>
         <value>0x2be5</value>
         <object_component_ref idref="oc-144"/>
      </symbol>
      <symbol id="sm-58d">
         <name>_args_main</name>
         <value>0x2b9d</value>
         <object_component_ref idref="oc-68"/>
      </symbol>
      <symbol id="sm-5b7">
         <name>__TI_auto_init</name>
         <value>0x2585</value>
         <object_component_ref idref="oc-62"/>
      </symbol>
      <symbol id="sm-5d1">
         <name>copy_in</name>
         <value>0x2a19</value>
         <object_component_ref idref="oc-af"/>
      </symbol>
      <symbol id="sm-5e7">
         <name>__TI_closefile</name>
         <value>0x2471</value>
         <object_component_ref idref="oc-1cc"/>
      </symbol>
      <symbol id="sm-5e8">
         <name>fclose</name>
         <value>0x24d7</value>
         <object_component_ref idref="oc-1cc"/>
      </symbol>
      <symbol id="sm-602">
         <name>__TI_doflush</name>
         <value>0x20f1</value>
         <object_component_ref idref="oc-23a"/>
      </symbol>
      <symbol id="sm-603">
         <name>fflush</name>
         <value>0x213d</value>
         <object_component_ref idref="oc-23a"/>
      </symbol>
      <symbol id="sm-614">
         <name>HOSTclose</name>
         <value>0x2a65</value>
         <object_component_ref idref="oc-201"/>
      </symbol>
      <symbol id="sm-625">
         <name>HOSTlseek</name>
         <value>0x26cd</value>
         <object_component_ref idref="oc-213"/>
      </symbol>
      <symbol id="sm-637">
         <name>parmbuf</name>
         <value>0x200007f4</value>
      </symbol>
      <symbol id="sm-638">
         <name>HOSTopen</name>
         <value>0x2805</value>
         <object_component_ref idref="oc-1fb"/>
      </symbol>
      <symbol id="sm-649">
         <name>HOSTread</name>
         <value>0x28c1</value>
         <object_component_ref idref="oc-207"/>
      </symbol>
      <symbol id="sm-65a">
         <name>HOSTrename</name>
         <value>0x2735</value>
         <object_component_ref idref="oc-21f"/>
      </symbol>
      <symbol id="sm-66b">
         <name>HOSTunlink</name>
         <value>0x2aa9</value>
         <object_component_ref idref="oc-219"/>
      </symbol>
      <symbol id="sm-67c">
         <name>HOSTwrite</name>
         <value>0x2919</value>
         <object_component_ref idref="oc-20d"/>
      </symbol>
      <symbol id="sm-6ee">
         <name>_sys_memory</name>
         <value>0x20000000</value>
         <object_component_ref idref="oc-30"/>
      </symbol>
      <symbol id="sm-6ef">
         <name>free</name>
         <value>0xebb</value>
         <object_component_ref idref="oc-1d8"/>
      </symbol>
      <symbol id="sm-6f0">
         <name>realloc</name>
         <value>0xf7b</value>
         <object_component_ref idref="oc-1d8"/>
      </symbol>
      <symbol id="sm-6f1">
         <name>memalign</name>
         <value>0x1085</value>
         <object_component_ref idref="oc-1d8"/>
      </symbol>
      <symbol id="sm-6f2">
         <name>calloc</name>
         <value>0x1171</value>
         <object_component_ref idref="oc-1d8"/>
      </symbol>
      <symbol id="sm-6f3">
         <name>malloc</name>
         <value>0xe51</value>
         <object_component_ref idref="oc-1d8"/>
      </symbol>
      <symbol id="sm-6f4">
         <name>minit</name>
         <value>0xdd1</value>
         <object_component_ref idref="oc-1d8"/>
      </symbol>
      <symbol id="sm-6ff">
         <name>_system_post_cinit</name>
         <value>0x2b23</value>
         <object_component_ref idref="oc-b5"/>
      </symbol>
      <symbol id="sm-70d">
         <name>strcpy</name>
         <value>0x2bf9</value>
         <object_component_ref idref="oc-282"/>
      </symbol>
      <symbol id="sm-71b">
         <name>strlen</name>
         <value>0x2c0d</value>
         <object_component_ref idref="oc-268"/>
      </symbol>
      <symbol id="sm-736">
         <name>__TI_readmsg</name>
         <value>0x27cf</value>
         <object_component_ref idref="oc-26e"/>
      </symbol>
      <symbol id="sm-737">
         <name>C$$IO$$</name>
         <value>0x27cb</value>
         <object_component_ref idref="oc-26e"/>
      </symbol>
      <symbol id="sm-738">
         <name>__CIOBUF_</name>
         <value>0x2000062c</value>
         <object_component_ref idref="oc-2ab"/>
      </symbol>
      <symbol id="sm-739">
         <name>__TI_writemsg</name>
         <value>0x279d</value>
         <object_component_ref idref="oc-26e"/>
      </symbol>
      <symbol id="sm-749">
         <name>unlink</name>
         <value>0x2b25</value>
         <object_component_ref idref="oc-246"/>
      </symbol>
      <symbol id="sm-75d">
         <name>close</name>
         <value>0x2865</value>
         <object_component_ref idref="oc-240"/>
      </symbol>
      <symbol id="sm-75e">
         <name>__TI_static_base__</name>
         <value>0x0</value>
      </symbol>
      <symbol id="sm-761">
         <name>SHT$$INIT_ARRAY$$Limit</name>
         <value>0x0</value>
      </symbol>
      <symbol id="sm-762">
         <name>SHT$$INIT_ARRAY$$Base</name>
         <value>0x0</value>
      </symbol>
      <symbol id="sm-763">
         <name>NMI_Handler</name>
         <value>0x2c3b</value>
      </symbol>
      <symbol id="sm-764">
         <name>HardFault_Handler</name>
         <value>0x2c3b</value>
      </symbol>
      <symbol id="sm-765">
         <name>MemManage_Handler</name>
         <value>0x2c3b</value>
      </symbol>
      <symbol id="sm-766">
         <name>BusFault_Handler</name>
         <value>0x2c3b</value>
      </symbol>
      <symbol id="sm-767">
         <name>UsageFault_Handler</name>
         <value>0x2c3b</value>
      </symbol>
      <symbol id="sm-768">
         <name>SVC_Handler</name>
         <value>0x2c3b</value>
      </symbol>
      <symbol id="sm-769">
         <name>DebugMon_Handler</name>
         <value>0x2c3b</value>
      </symbol>
      <symbol id="sm-76a">
         <name>PendSV_Handler</name>
         <value>0x2c3b</value>
      </symbol>
      <symbol id="sm-76b">
         <name>SysTick_Handler</name>
         <value>0x2c3b</value>
      </symbol>
      <symbol id="sm-76c">
         <name>PSS_IRQHandler</name>
         <value>0x2c3b</value>
      </symbol>
      <symbol id="sm-76d">
         <name>CS_IRQHandler</name>
         <value>0x2c3b</value>
      </symbol>
      <symbol id="sm-76e">
         <name>PCM_IRQHandler</name>
         <value>0x2c3b</value>
      </symbol>
      <symbol id="sm-76f">
         <name>WDT_A_IRQHandler</name>
         <value>0x2c3b</value>
      </symbol>
      <symbol id="sm-770">
         <name>FPU_IRQHandler</name>
         <value>0x2c3b</value>
      </symbol>
      <symbol id="sm-771">
         <name>FLCTL_IRQHandler</name>
         <value>0x2c3b</value>
      </symbol>
      <symbol id="sm-772">
         <name>COMP_E0_IRQHandler</name>
         <value>0x2c3b</value>
      </symbol>
      <symbol id="sm-773">
         <name>COMP_E1_IRQHandler</name>
         <value>0x2c3b</value>
      </symbol>
      <symbol id="sm-774">
         <name>TA0_0_IRQHandler</name>
         <value>0x2c3b</value>
      </symbol>
      <symbol id="sm-775">
         <name>TA0_N_IRQHandler</name>
         <value>0x2c3b</value>
      </symbol>
      <symbol id="sm-776">
         <name>TA1_0_IRQHandler</name>
         <value>0x239f</value>
      </symbol>
      <symbol id="sm-777">
         <name>TA1_N_IRQHandler</name>
         <value>0x2c3b</value>
      </symbol>
      <symbol id="sm-778">
         <name>TA2_0_IRQHandler</name>
         <value>0x2c3b</value>
      </symbol>
      <symbol id="sm-779">
         <name>TA2_N_IRQHandler</name>
         <value>0x2c3b</value>
      </symbol>
      <symbol id="sm-77a">
         <name>TA3_0_IRQHandler</name>
         <value>0x1ea5</value>
      </symbol>
      <symbol id="sm-77b">
         <name>TA3_N_IRQHandler</name>
         <value>0x1ebf</value>
      </symbol>
      <symbol id="sm-77c">
         <name>EUSCIA0_IRQHandler</name>
         <value>0x2c3b</value>
      </symbol>
      <symbol id="sm-77d">
         <name>EUSCIA1_IRQHandler</name>
         <value>0x2c3b</value>
      </symbol>
      <symbol id="sm-77e">
         <name>EUSCIA2_IRQHandler</name>
         <value>0x2c3b</value>
      </symbol>
      <symbol id="sm-77f">
         <name>EUSCIA3_IRQHandler</name>
         <value>0x2c3b</value>
      </symbol>
      <symbol id="sm-780">
         <name>EUSCIB0_IRQHandler</name>
         <value>0x2c3b</value>
      </symbol>
      <symbol id="sm-781">
         <name>EUSCIB1_IRQHandler</name>
         <value>0x2c3b</value>
      </symbol>
      <symbol id="sm-782">
         <name>EUSCIB2_IRQHandler</name>
         <value>0x2c3b</value>
      </symbol>
      <symbol id="sm-783">
         <name>EUSCIB3_IRQHandler</name>
         <value>0x2c3b</value>
      </symbol>
      <symbol id="sm-784">
         <name>ADC14_IRQHandler</name>
         <value>0x2c3b</value>
      </symbol>
      <symbol id="sm-785">
         <name>T32_INT1_IRQHandler</name>
         <value>0x97d</value>
      </symbol>
      <symbol id="sm-786">
         <name>T32_INT2_IRQHandler</name>
         <value>0x2c3b</value>
      </symbol>
      <symbol id="sm-787">
         <name>T32_INTC_IRQHandler</name>
         <value>0x2c3b</value>
      </symbol>
      <symbol id="sm-788">
         <name>AES256_IRQHandler</name>
         <value>0x2c3b</value>
      </symbol>
      <symbol id="sm-789">
         <name>RTC_C_IRQHandler</name>
         <value>0x2c3b</value>
      </symbol>
      <symbol id="sm-78a">
         <name>DMA_ERR_IRQHandler</name>
         <value>0x2c3b</value>
      </symbol>
      <symbol id="sm-78b">
         <name>DMA_INT3_IRQHandler</name>
         <value>0x2c3b</value>
      </symbol>
      <symbol id="sm-78c">
         <name>DMA_INT2_IRQHandler</name>
         <value>0x2c3b</value>
      </symbol>
      <symbol id="sm-78d">
         <name>DMA_INT1_IRQHandler</name>
         <value>0x2c3b</value>
      </symbol>
      <symbol id="sm-78e">
         <name>DMA_INT0_IRQHandler</name>
         <value>0x2c3b</value>
      </symbol>
      <symbol id="sm-78f">
         <name>PORT1_IRQHandler</name>
         <value>0x2c3b</value>
      </symbol>
      <symbol id="sm-790">
         <name>PORT2_IRQHandler</name>
         <value>0x2c3b</value>
      </symbol>
      <symbol id="sm-791">
         <name>PORT3_IRQHandler</name>
         <value>0x2c3b</value>
      </symbol>
      <symbol id="sm-792">
         <name>PORT4_IRQHandler</name>
         <value>0x2c3b</value>
      </symbol>
      <symbol id="sm-793">
         <name>PORT5_IRQHandler</name>
         <value>0x2c3b</value>
      </symbol>
      <symbol id="sm-794">
         <name>PORT6_IRQHandler</name>
         <value>0x2c3b</value>
      </symbol>
      <symbol id="sm-795">
         <name>remove</name>
         <value>0x2b25</value>
      </symbol>
   </symbol_table>
   <title>Link successful</title>
</link_info>
